// Jest Snapshot v1, https://goo.gl/fbAQLP

exports[`php-src tests Test str_shuffle() function : basic functionality 1`] = `
Program {
  "children": Array [
    Echo {
      "expressions": Array [
        String {
          "isDoubleQuote": true,
          "kind": "string",
          "raw": "\\"*** Testing str_shuffle() : basic functionality ***\\\\n\\"",
          "unicode": false,
          "value": "*** Testing str_shuffle() : basic functionality ***
",
        },
      ],
      "kind": "echo",
      "shortForm": false,
    },
    ExpressionStatement {
      "expression": Assign {
        "kind": "assign",
        "left": Variable {
          "curly": false,
          "kind": "variable",
          "name": "str",
        },
        "operator": "=",
        "right": String {
          "isDoubleQuote": false,
          "kind": "string",
          "raw": "'This testcase tests the str_shuffle() function.'",
          "unicode": false,
          "value": "This testcase tests the str_shuffle() function.",
        },
      },
      "kind": "expressionstatement",
    },
    ExpressionStatement {
      "expression": Call {
        "arguments": Array [
          Call {
            "arguments": Array [
              Variable {
                "curly": false,
                "kind": "variable",
                "name": "str",
              },
            ],
            "kind": "call",
            "what": Name {
              "kind": "name",
              "name": "str_shuffle",
              "resolution": "uqn",
            },
          },
        ],
        "kind": "call",
        "what": Name {
          "kind": "name",
          "name": "var_dump",
          "resolution": "uqn",
        },
      },
      "kind": "expressionstatement",
    },
    ExpressionStatement {
      "expression": Assign {
        "kind": "assign",
        "left": Variable {
          "curly": false,
          "kind": "variable",
          "name": "a",
        },
        "operator": "=",
        "right": Array {
          "items": Array [],
          "kind": "array",
          "shortForm": false,
        },
      },
      "kind": "expressionstatement",
    },
    ExpressionStatement {
      "expression": Assign {
        "kind": "assign",
        "left": Variable {
          "curly": false,
          "kind": "variable",
          "name": "trys",
        },
        "operator": "=",
        "right": Number {
          "kind": "number",
          "value": "1000",
        },
      },
      "kind": "expressionstatement",
    },
    ExpressionStatement {
      "expression": Assign {
        "kind": "assign",
        "left": Variable {
          "curly": false,
          "kind": "variable",
          "name": "ip",
        },
        "operator": "=",
        "right": String {
          "isDoubleQuote": false,
          "kind": "string",
          "raw": "'abcd'",
          "unicode": false,
          "value": "abcd",
        },
      },
      "kind": "expressionstatement",
    },
    ExpressionStatement {
      "expression": Assign {
        "kind": "assign",
        "left": Variable {
          "curly": false,
          "kind": "variable",
          "name": "len_ip",
        },
        "operator": "=",
        "right": Call {
          "arguments": Array [
            Variable {
              "curly": false,
              "kind": "variable",
              "name": "ip",
            },
          ],
          "kind": "call",
          "what": Name {
            "kind": "name",
            "name": "strlen",
            "resolution": "uqn",
          },
        },
      },
      "kind": "expressionstatement",
    },
    For {
      "body": Block {
        "children": Array [
          ExpressionStatement {
            "expression": Assign {
              "kind": "assign",
              "left": Variable {
                "curly": false,
                "kind": "variable",
                "name": "op",
              },
              "operator": "=",
              "right": Call {
                "arguments": Array [
                  Variable {
                    "curly": false,
                    "kind": "variable",
                    "name": "ip",
                  },
                ],
                "kind": "call",
                "what": Name {
                  "kind": "name",
                  "name": "str_shuffle",
                  "resolution": "uqn",
                },
              },
            },
            "kind": "expressionstatement",
          },
          If {
            "alternate": null,
            "body": Block {
              "children": Array [
                Echo {
                  "expressions": Array [
                    String {
                      "isDoubleQuote": true,
                      "kind": "string",
                      "raw": "\\"TEST FAILED\\\\n\\"",
                      "unicode": false,
                      "value": "TEST FAILED
",
                    },
                  ],
                  "kind": "echo",
                  "shortForm": false,
                },
              ],
              "kind": "block",
            },
            "kind": "if",
            "shortForm": false,
            "test": Bin {
              "kind": "bin",
              "left": Unary {
                "kind": "unary",
                "type": "!",
                "what": Call {
                  "arguments": Array [
                    Variable {
                      "curly": false,
                      "kind": "variable",
                      "name": "op",
                    },
                  ],
                  "kind": "call",
                  "what": Name {
                    "kind": "name",
                    "name": "is_string",
                    "resolution": "uqn",
                  },
                },
              },
              "right": Bin {
                "kind": "bin",
                "left": Call {
                  "arguments": Array [
                    Variable {
                      "curly": false,
                      "kind": "variable",
                      "name": "op",
                    },
                  ],
                  "kind": "call",
                  "what": Name {
                    "kind": "name",
                    "name": "strlen",
                    "resolution": "uqn",
                  },
                },
                "right": Variable {
                  "curly": false,
                  "kind": "variable",
                  "name": "len_ip",
                },
                "type": "!=",
              },
              "type": "||",
            },
          },
          If {
            "alternate": null,
            "body": Block {
              "children": Array [
                ExpressionStatement {
                  "expression": Assign {
                    "kind": "assign",
                    "left": OffsetLookup {
                      "kind": "offsetlookup",
                      "offset": Variable {
                        "curly": false,
                        "kind": "variable",
                        "name": "op",
                      },
                      "what": Variable {
                        "curly": false,
                        "kind": "variable",
                        "name": "a",
                      },
                    },
                    "operator": "=",
                    "right": Number {
                      "kind": "number",
                      "value": "0",
                    },
                  },
                  "kind": "expressionstatement",
                },
              ],
              "kind": "block",
            },
            "kind": "if",
            "shortForm": false,
            "test": Empty {
              "expression": OffsetLookup {
                "kind": "offsetlookup",
                "offset": Variable {
                  "curly": false,
                  "kind": "variable",
                  "name": "op",
                },
                "what": Variable {
                  "curly": false,
                  "kind": "variable",
                  "name": "a",
                },
              },
              "kind": "empty",
            },
          },
          ExpressionStatement {
            "expression": Post {
              "kind": "post",
              "type": "+",
              "what": OffsetLookup {
                "kind": "offsetlookup",
                "offset": Variable {
                  "curly": false,
                  "kind": "variable",
                  "name": "op",
                },
                "what": Variable {
                  "curly": false,
                  "kind": "variable",
                  "name": "a",
                },
              },
            },
            "kind": "expressionstatement",
          },
        ],
        "kind": "block",
      },
      "increment": Array [
        Post {
          "kind": "post",
          "type": "+",
          "what": Variable {
            "curly": false,
            "kind": "variable",
            "name": "i",
          },
        },
      ],
      "init": Array [
        Assign {
          "kind": "assign",
          "left": Variable {
            "curly": false,
            "kind": "variable",
            "name": "i",
          },
          "operator": "=",
          "right": Number {
            "kind": "number",
            "value": "0",
          },
        },
      ],
      "kind": "for",
      "shortForm": false,
      "test": Array [
        Bin {
          "kind": "bin",
          "left": Variable {
            "curly": false,
            "kind": "variable",
            "name": "i",
          },
          "right": Variable {
            "curly": false,
            "kind": "variable",
            "name": "trys",
          },
          "type": "<",
        },
      ],
    },
    ExpressionStatement {
      "expression": Assign {
        "kind": "assign",
        "left": Variable {
          "curly": false,
          "kind": "variable",
          "name": "combinations",
        },
        "operator": "=",
        "right": Call {
          "arguments": Array [
            Variable {
              "curly": false,
              "kind": "variable",
              "name": "a",
            },
          ],
          "kind": "call",
          "what": Name {
            "kind": "name",
            "name": "count",
            "resolution": "uqn",
          },
        },
      },
      "kind": "expressionstatement",
    },
    If {
      "alternate": Block {
        "children": Array [
          Echo {
            "expressions": Array [
              String {
                "isDoubleQuote": true,
                "kind": "string",
                "raw": "\\"TEST PASSED\\\\n\\"",
                "unicode": false,
                "value": "TEST PASSED
",
              },
            ],
            "kind": "echo",
            "shortForm": false,
          },
        ],
        "kind": "block",
      },
      "body": Block {
        "children": Array [
          Echo {
            "expressions": Array [
              Encapsed {
                "kind": "encapsed",
                "raw": "\\"TEST FAILED.. Only $combinations out of a possible 24 combinations used\\\\n\\"",
                "type": "string",
                "value": Array [
                  EncapsedPart {
                    "curly": false,
                    "expression": String {
                      "isDoubleQuote": false,
                      "kind": "string",
                      "raw": "TEST FAILED.. Only ",
                      "unicode": false,
                      "value": "TEST FAILED.. Only ",
                    },
                    "kind": "encapsedpart",
                    "syntax": null,
                  },
                  EncapsedPart {
                    "curly": false,
                    "expression": Variable {
                      "curly": false,
                      "kind": "variable",
                      "name": "combinations",
                    },
                    "kind": "encapsedpart",
                    "syntax": "simple",
                  },
                  EncapsedPart {
                    "curly": false,
                    "expression": String {
                      "isDoubleQuote": false,
                      "kind": "string",
                      "raw": " out of a possible 24 combinations used\\\\n",
                      "unicode": false,
                      "value": " out of a possible 24 combinations used",
                    },
                    "kind": "encapsedpart",
                    "syntax": null,
                  },
                ],
              },
            ],
            "kind": "echo",
            "shortForm": false,
          },
        ],
        "kind": "block",
      },
      "kind": "if",
      "shortForm": false,
      "test": Bin {
        "kind": "bin",
        "left": Variable {
          "curly": false,
          "kind": "variable",
          "name": "combinations",
        },
        "right": Number {
          "kind": "number",
          "value": "24",
        },
        "type": "!=",
      },
    },
  ],
  "errors": Array [],
  "kind": "program",
}
`;
