// Jest Snapshot v1, https://goo.gl/fbAQLP

exports[`php-src tests Unserializing payload with unrealistically large element counts 1`] = `
Program {
  "children": Array [
    ExpressionStatement {
      "expression": Call {
        "arguments": Array [
          Call {
            "arguments": Array [
              String {
                "isDoubleQuote": true,
                "kind": "string",
                "raw": "\\"a:1000000000:{}\\"",
                "unicode": false,
                "value": "a:1000000000:{}",
              },
            ],
            "kind": "call",
            "what": Name {
              "kind": "name",
              "name": "unserialize",
              "resolution": "uqn",
            },
          },
        ],
        "kind": "call",
        "what": Name {
          "kind": "name",
          "name": "var_dump",
          "resolution": "uqn",
        },
      },
      "kind": "expressionstatement",
    },
    ExpressionStatement {
      "expression": Call {
        "arguments": Array [
          Call {
            "arguments": Array [
              String {
                "isDoubleQuote": true,
                "kind": "string",
                "raw": "\\"O:1000000000:\\\\\\"\\\\\\":0:{}\\"",
                "unicode": false,
                "value": "O:1000000000:\\"\\\\\\":0:{}",
              },
            ],
            "kind": "call",
            "what": Name {
              "kind": "name",
              "name": "unserialize",
              "resolution": "uqn",
            },
          },
        ],
        "kind": "call",
        "what": Name {
          "kind": "name",
          "name": "var_dump",
          "resolution": "uqn",
        },
      },
      "kind": "expressionstatement",
    },
    ExpressionStatement {
      "expression": Call {
        "arguments": Array [
          Call {
            "arguments": Array [
              String {
                "isDoubleQuote": true,
                "kind": "string",
                "raw": "\\"O:1:\\\\\\"X\\\\\\":1000000000:{}\\"",
                "unicode": false,
                "value": "O:1:\\"X\\\\\\":1000000000:{}",
              },
            ],
            "kind": "call",
            "what": Name {
              "kind": "name",
              "name": "unserialize",
              "resolution": "uqn",
            },
          },
        ],
        "kind": "call",
        "what": Name {
          "kind": "name",
          "name": "var_dump",
          "resolution": "uqn",
        },
      },
      "kind": "expressionstatement",
    },
    ExpressionStatement {
      "expression": Call {
        "arguments": Array [
          Call {
            "arguments": Array [
              String {
                "isDoubleQuote": true,
                "kind": "string",
                "raw": "\\"C:1:\\\\\\"X\\\\\\":1000000000:{}\\"",
                "unicode": false,
                "value": "C:1:\\"X\\\\\\":1000000000:{}",
              },
            ],
            "kind": "call",
            "what": Name {
              "kind": "name",
              "name": "unserialize",
              "resolution": "uqn",
            },
          },
        ],
        "kind": "call",
        "what": Name {
          "kind": "name",
          "name": "var_dump",
          "resolution": "uqn",
        },
      },
      "kind": "expressionstatement",
    },
  ],
  "errors": Array [],
  "kind": "program",
}
`;
