// Jest Snapshot v1, https://goo.gl/fbAQLP

exports[`php-src tests PDO OCI: Test to verify all implicitly created temporary LOB are cleaned up 1`] = `
Program {
  "children": Array [
    ExpressionStatement {
      "expression": Include {
        "kind": "include",
        "once": false,
        "require": true,
        "target": String {
          "isDoubleQuote": false,
          "kind": "string",
          "parenthesizedExpression": true,
          "raw": "'ext/pdo/tests/pdo_test.inc'",
          "unicode": false,
          "value": "ext/pdo/tests/pdo_test.inc",
        },
      },
      "kind": "expressionstatement",
    },
    ExpressionStatement {
      "expression": Assign {
        "kind": "assign",
        "left": Variable {
          "curly": false,
          "kind": "variable",
          "name": "db",
        },
        "operator": "=",
        "right": Call {
          "arguments": Array [
            String {
              "isDoubleQuote": false,
              "kind": "string",
              "raw": "'ext/pdo_oci/tests/common.phpt'",
              "unicode": false,
              "value": "ext/pdo_oci/tests/common.phpt",
            },
          ],
          "kind": "call",
          "what": StaticLookup {
            "kind": "staticlookup",
            "offset": Identifier {
              "kind": "identifier",
              "name": "test_factory",
            },
            "what": Name {
              "kind": "name",
              "name": "PDOTest",
              "resolution": "uqn",
            },
          },
        },
      },
      "kind": "expressionstatement",
    },
    ExpressionStatement {
      "expression": Assign {
        "kind": "assign",
        "left": Variable {
          "curly": false,
          "kind": "variable",
          "name": "clobquery1",
        },
        "operator": "=",
        "right": String {
          "isDoubleQuote": true,
          "kind": "string",
          "raw": "\\"select TO_CLOB('Hello World') CLOB_DATA from dual\\"",
          "unicode": false,
          "value": "select TO_CLOB('Hello World') CLOB_DATA from dual",
        },
      },
      "kind": "expressionstatement",
    },
    ExpressionStatement {
      "expression": Assign {
        "kind": "assign",
        "left": Variable {
          "curly": false,
          "kind": "variable",
          "name": "clobquery2",
        },
        "operator": "=",
        "right": String {
          "isDoubleQuote": true,
          "kind": "string",
          "raw": "\\"select TO_CLOB('Hello World') CLOB_DATA from dual\\"",
          "unicode": false,
          "value": "select TO_CLOB('Hello World') CLOB_DATA from dual",
        },
      },
      "kind": "expressionstatement",
    },
    ExpressionStatement {
      "expression": Assign {
        "kind": "assign",
        "left": Variable {
          "curly": false,
          "kind": "variable",
          "name": "clobquery3",
        },
        "operator": "=",
        "right": String {
          "isDoubleQuote": true,
          "kind": "string",
          "raw": "\\"select TO_CLOB('Hello World') CLOB_DATA from dual\\"",
          "unicode": false,
          "value": "select TO_CLOB('Hello World') CLOB_DATA from dual",
        },
      },
      "kind": "expressionstatement",
    },
    ExpressionStatement {
      "expression": Assign {
        "kind": "assign",
        "left": Variable {
          "curly": false,
          "kind": "variable",
          "name": "clobquery4",
        },
        "operator": "=",
        "right": String {
          "isDoubleQuote": true,
          "kind": "string",
          "raw": "\\"select TO_CLOB('Hello World') CLOB_DATA from dual\\"",
          "unicode": false,
          "value": "select TO_CLOB('Hello World') CLOB_DATA from dual",
        },
      },
      "kind": "expressionstatement",
    },
    ExpressionStatement {
      "expression": Assign {
        "kind": "assign",
        "left": Variable {
          "curly": false,
          "kind": "variable",
          "name": "clobquery5",
        },
        "operator": "=",
        "right": String {
          "isDoubleQuote": true,
          "kind": "string",
          "raw": "\\"select TO_CLOB('Hello World') CLOB_DATA from dual\\"",
          "unicode": false,
          "value": "select TO_CLOB('Hello World') CLOB_DATA from dual",
        },
      },
      "kind": "expressionstatement",
    },
    ExpressionStatement {
      "expression": Assign {
        "kind": "assign",
        "left": Variable {
          "curly": false,
          "kind": "variable",
          "name": "clobquery6",
        },
        "operator": "=",
        "right": String {
          "isDoubleQuote": true,
          "kind": "string",
          "raw": "\\"select TO_CLOB('Hello World') CLOB_DATA from dual\\"",
          "unicode": false,
          "value": "select TO_CLOB('Hello World') CLOB_DATA from dual",
        },
      },
      "kind": "expressionstatement",
    },
    ExpressionStatement {
      "expression": Assign {
        "kind": "assign",
        "left": Variable {
          "curly": false,
          "kind": "variable",
          "name": "clobquery7",
        },
        "operator": "=",
        "right": String {
          "isDoubleQuote": true,
          "kind": "string",
          "raw": "\\"select TO_CLOB('Hello World') CLOB_DATA from dual\\"",
          "unicode": false,
          "value": "select TO_CLOB('Hello World') CLOB_DATA from dual",
        },
      },
      "kind": "expressionstatement",
    },
    ExpressionStatement {
      "expression": Assign {
        "kind": "assign",
        "left": Variable {
          "curly": false,
          "kind": "variable",
          "name": "clobquery8",
        },
        "operator": "=",
        "right": String {
          "isDoubleQuote": true,
          "kind": "string",
          "raw": "\\"select TO_CLOB('Hello World') CLOB_DATA from dual\\"",
          "unicode": false,
          "value": "select TO_CLOB('Hello World') CLOB_DATA from dual",
        },
      },
      "kind": "expressionstatement",
    },
    ExpressionStatement {
      "expression": Assign {
        "kind": "assign",
        "left": Variable {
          "curly": false,
          "kind": "variable",
          "name": "clobquery9",
        },
        "operator": "=",
        "right": String {
          "isDoubleQuote": true,
          "kind": "string",
          "raw": "\\"select TO_CLOB('Hello World') CLOB_DATA from dual\\"",
          "unicode": false,
          "value": "select TO_CLOB('Hello World') CLOB_DATA from dual",
        },
      },
      "kind": "expressionstatement",
    },
    ExpressionStatement {
      "expression": Assign {
        "kind": "assign",
        "left": Variable {
          "curly": false,
          "kind": "variable",
          "name": "clobquery10",
        },
        "operator": "=",
        "right": String {
          "isDoubleQuote": true,
          "kind": "string",
          "raw": "\\"select TO_CLOB('Hello World') CLOB_DATA from dual\\"",
          "unicode": false,
          "value": "select TO_CLOB('Hello World') CLOB_DATA from dual",
        },
      },
      "kind": "expressionstatement",
    },
    ExpressionStatement {
      "expression": Assign {
        "kind": "assign",
        "left": Variable {
          "curly": false,
          "kind": "variable",
          "name": "stmt",
        },
        "operator": "=",
        "right": Call {
          "arguments": Array [
            Variable {
              "curly": false,
              "kind": "variable",
              "name": "clobquery1",
            },
          ],
          "kind": "call",
          "what": PropertyLookup {
            "kind": "propertylookup",
            "offset": Identifier {
              "kind": "identifier",
              "name": "prepare",
            },
            "what": Variable {
              "curly": false,
              "kind": "variable",
              "name": "db",
            },
          },
        },
      },
      "kind": "expressionstatement",
    },
    ExpressionStatement {
      "expression": Call {
        "arguments": Array [],
        "kind": "call",
        "what": PropertyLookup {
          "kind": "propertylookup",
          "offset": Identifier {
            "kind": "identifier",
            "name": "execute",
          },
          "what": Variable {
            "curly": false,
            "kind": "variable",
            "name": "stmt",
          },
        },
      },
      "kind": "expressionstatement",
    },
    ExpressionStatement {
      "expression": Assign {
        "kind": "assign",
        "left": Variable {
          "curly": false,
          "kind": "variable",
          "name": "row",
        },
        "operator": "=",
        "right": Call {
          "arguments": Array [],
          "kind": "call",
          "what": PropertyLookup {
            "kind": "propertylookup",
            "offset": Identifier {
              "kind": "identifier",
              "name": "fetch",
            },
            "what": Variable {
              "curly": false,
              "kind": "variable",
              "name": "stmt",
            },
          },
        },
      },
      "kind": "expressionstatement",
    },
    ExpressionStatement {
      "expression": Assign {
        "kind": "assign",
        "left": Variable {
          "curly": false,
          "kind": "variable",
          "name": "stmt",
        },
        "operator": "=",
        "right": Call {
          "arguments": Array [
            Variable {
              "curly": false,
              "kind": "variable",
              "name": "clobquery2",
            },
          ],
          "kind": "call",
          "what": PropertyLookup {
            "kind": "propertylookup",
            "offset": Identifier {
              "kind": "identifier",
              "name": "prepare",
            },
            "what": Variable {
              "curly": false,
              "kind": "variable",
              "name": "db",
            },
          },
        },
      },
      "kind": "expressionstatement",
    },
    ExpressionStatement {
      "expression": Call {
        "arguments": Array [],
        "kind": "call",
        "what": PropertyLookup {
          "kind": "propertylookup",
          "offset": Identifier {
            "kind": "identifier",
            "name": "execute",
          },
          "what": Variable {
            "curly": false,
            "kind": "variable",
            "name": "stmt",
          },
        },
      },
      "kind": "expressionstatement",
    },
    ExpressionStatement {
      "expression": Assign {
        "kind": "assign",
        "left": Variable {
          "curly": false,
          "kind": "variable",
          "name": "row",
        },
        "operator": "=",
        "right": Call {
          "arguments": Array [],
          "kind": "call",
          "what": PropertyLookup {
            "kind": "propertylookup",
            "offset": Identifier {
              "kind": "identifier",
              "name": "fetch",
            },
            "what": Variable {
              "curly": false,
              "kind": "variable",
              "name": "stmt",
            },
          },
        },
      },
      "kind": "expressionstatement",
    },
    ExpressionStatement {
      "expression": Assign {
        "kind": "assign",
        "left": Variable {
          "curly": false,
          "kind": "variable",
          "name": "stmt",
        },
        "operator": "=",
        "right": Call {
          "arguments": Array [
            Variable {
              "curly": false,
              "kind": "variable",
              "name": "clobquery3",
            },
          ],
          "kind": "call",
          "what": PropertyLookup {
            "kind": "propertylookup",
            "offset": Identifier {
              "kind": "identifier",
              "name": "prepare",
            },
            "what": Variable {
              "curly": false,
              "kind": "variable",
              "name": "db",
            },
          },
        },
      },
      "kind": "expressionstatement",
    },
    ExpressionStatement {
      "expression": Call {
        "arguments": Array [],
        "kind": "call",
        "what": PropertyLookup {
          "kind": "propertylookup",
          "offset": Identifier {
            "kind": "identifier",
            "name": "execute",
          },
          "what": Variable {
            "curly": false,
            "kind": "variable",
            "name": "stmt",
          },
        },
      },
      "kind": "expressionstatement",
    },
    ExpressionStatement {
      "expression": Assign {
        "kind": "assign",
        "left": Variable {
          "curly": false,
          "kind": "variable",
          "name": "row",
        },
        "operator": "=",
        "right": Call {
          "arguments": Array [],
          "kind": "call",
          "what": PropertyLookup {
            "kind": "propertylookup",
            "offset": Identifier {
              "kind": "identifier",
              "name": "fetch",
            },
            "what": Variable {
              "curly": false,
              "kind": "variable",
              "name": "stmt",
            },
          },
        },
      },
      "kind": "expressionstatement",
    },
    ExpressionStatement {
      "expression": Assign {
        "kind": "assign",
        "left": Variable {
          "curly": false,
          "kind": "variable",
          "name": "stmt",
        },
        "operator": "=",
        "right": Call {
          "arguments": Array [
            Variable {
              "curly": false,
              "kind": "variable",
              "name": "clobquery4",
            },
          ],
          "kind": "call",
          "what": PropertyLookup {
            "kind": "propertylookup",
            "offset": Identifier {
              "kind": "identifier",
              "name": "prepare",
            },
            "what": Variable {
              "curly": false,
              "kind": "variable",
              "name": "db",
            },
          },
        },
      },
      "kind": "expressionstatement",
    },
    ExpressionStatement {
      "expression": Call {
        "arguments": Array [],
        "kind": "call",
        "what": PropertyLookup {
          "kind": "propertylookup",
          "offset": Identifier {
            "kind": "identifier",
            "name": "execute",
          },
          "what": Variable {
            "curly": false,
            "kind": "variable",
            "name": "stmt",
          },
        },
      },
      "kind": "expressionstatement",
    },
    ExpressionStatement {
      "expression": Assign {
        "kind": "assign",
        "left": Variable {
          "curly": false,
          "kind": "variable",
          "name": "row",
        },
        "operator": "=",
        "right": Call {
          "arguments": Array [],
          "kind": "call",
          "what": PropertyLookup {
            "kind": "propertylookup",
            "offset": Identifier {
              "kind": "identifier",
              "name": "fetch",
            },
            "what": Variable {
              "curly": false,
              "kind": "variable",
              "name": "stmt",
            },
          },
        },
      },
      "kind": "expressionstatement",
    },
    ExpressionStatement {
      "expression": Assign {
        "kind": "assign",
        "left": Variable {
          "curly": false,
          "kind": "variable",
          "name": "stmt",
        },
        "operator": "=",
        "right": Call {
          "arguments": Array [
            Variable {
              "curly": false,
              "kind": "variable",
              "name": "clobquery5",
            },
          ],
          "kind": "call",
          "what": PropertyLookup {
            "kind": "propertylookup",
            "offset": Identifier {
              "kind": "identifier",
              "name": "prepare",
            },
            "what": Variable {
              "curly": false,
              "kind": "variable",
              "name": "db",
            },
          },
        },
      },
      "kind": "expressionstatement",
    },
    ExpressionStatement {
      "expression": Call {
        "arguments": Array [],
        "kind": "call",
        "what": PropertyLookup {
          "kind": "propertylookup",
          "offset": Identifier {
            "kind": "identifier",
            "name": "execute",
          },
          "what": Variable {
            "curly": false,
            "kind": "variable",
            "name": "stmt",
          },
        },
      },
      "kind": "expressionstatement",
    },
    ExpressionStatement {
      "expression": Assign {
        "kind": "assign",
        "left": Variable {
          "curly": false,
          "kind": "variable",
          "name": "row",
        },
        "operator": "=",
        "right": Call {
          "arguments": Array [],
          "kind": "call",
          "what": PropertyLookup {
            "kind": "propertylookup",
            "offset": Identifier {
              "kind": "identifier",
              "name": "fetch",
            },
            "what": Variable {
              "curly": false,
              "kind": "variable",
              "name": "stmt",
            },
          },
        },
      },
      "kind": "expressionstatement",
    },
    ExpressionStatement {
      "expression": Assign {
        "kind": "assign",
        "left": Variable {
          "curly": false,
          "kind": "variable",
          "name": "stmt",
        },
        "operator": "=",
        "right": Call {
          "arguments": Array [
            Variable {
              "curly": false,
              "kind": "variable",
              "name": "clobquery6",
            },
          ],
          "kind": "call",
          "what": PropertyLookup {
            "kind": "propertylookup",
            "offset": Identifier {
              "kind": "identifier",
              "name": "prepare",
            },
            "what": Variable {
              "curly": false,
              "kind": "variable",
              "name": "db",
            },
          },
        },
      },
      "kind": "expressionstatement",
    },
    ExpressionStatement {
      "expression": Call {
        "arguments": Array [],
        "kind": "call",
        "what": PropertyLookup {
          "kind": "propertylookup",
          "offset": Identifier {
            "kind": "identifier",
            "name": "execute",
          },
          "what": Variable {
            "curly": false,
            "kind": "variable",
            "name": "stmt",
          },
        },
      },
      "kind": "expressionstatement",
    },
    ExpressionStatement {
      "expression": Assign {
        "kind": "assign",
        "left": Variable {
          "curly": false,
          "kind": "variable",
          "name": "row",
        },
        "operator": "=",
        "right": Call {
          "arguments": Array [],
          "kind": "call",
          "what": PropertyLookup {
            "kind": "propertylookup",
            "offset": Identifier {
              "kind": "identifier",
              "name": "fetch",
            },
            "what": Variable {
              "curly": false,
              "kind": "variable",
              "name": "stmt",
            },
          },
        },
      },
      "kind": "expressionstatement",
    },
    ExpressionStatement {
      "expression": Assign {
        "kind": "assign",
        "left": Variable {
          "curly": false,
          "kind": "variable",
          "name": "stmt",
        },
        "operator": "=",
        "right": Call {
          "arguments": Array [
            Variable {
              "curly": false,
              "kind": "variable",
              "name": "clobquery7",
            },
          ],
          "kind": "call",
          "what": PropertyLookup {
            "kind": "propertylookup",
            "offset": Identifier {
              "kind": "identifier",
              "name": "prepare",
            },
            "what": Variable {
              "curly": false,
              "kind": "variable",
              "name": "db",
            },
          },
        },
      },
      "kind": "expressionstatement",
    },
    ExpressionStatement {
      "expression": Call {
        "arguments": Array [],
        "kind": "call",
        "what": PropertyLookup {
          "kind": "propertylookup",
          "offset": Identifier {
            "kind": "identifier",
            "name": "execute",
          },
          "what": Variable {
            "curly": false,
            "kind": "variable",
            "name": "stmt",
          },
        },
      },
      "kind": "expressionstatement",
    },
    ExpressionStatement {
      "expression": Assign {
        "kind": "assign",
        "left": Variable {
          "curly": false,
          "kind": "variable",
          "name": "row",
        },
        "operator": "=",
        "right": Call {
          "arguments": Array [],
          "kind": "call",
          "what": PropertyLookup {
            "kind": "propertylookup",
            "offset": Identifier {
              "kind": "identifier",
              "name": "fetch",
            },
            "what": Variable {
              "curly": false,
              "kind": "variable",
              "name": "stmt",
            },
          },
        },
      },
      "kind": "expressionstatement",
    },
    ExpressionStatement {
      "expression": Assign {
        "kind": "assign",
        "left": Variable {
          "curly": false,
          "kind": "variable",
          "name": "stmt",
        },
        "operator": "=",
        "right": Call {
          "arguments": Array [
            Variable {
              "curly": false,
              "kind": "variable",
              "name": "clobquery8",
            },
          ],
          "kind": "call",
          "what": PropertyLookup {
            "kind": "propertylookup",
            "offset": Identifier {
              "kind": "identifier",
              "name": "prepare",
            },
            "what": Variable {
              "curly": false,
              "kind": "variable",
              "name": "db",
            },
          },
        },
      },
      "kind": "expressionstatement",
    },
    ExpressionStatement {
      "expression": Call {
        "arguments": Array [],
        "kind": "call",
        "what": PropertyLookup {
          "kind": "propertylookup",
          "offset": Identifier {
            "kind": "identifier",
            "name": "execute",
          },
          "what": Variable {
            "curly": false,
            "kind": "variable",
            "name": "stmt",
          },
        },
      },
      "kind": "expressionstatement",
    },
    ExpressionStatement {
      "expression": Assign {
        "kind": "assign",
        "left": Variable {
          "curly": false,
          "kind": "variable",
          "name": "row",
        },
        "operator": "=",
        "right": Call {
          "arguments": Array [],
          "kind": "call",
          "what": PropertyLookup {
            "kind": "propertylookup",
            "offset": Identifier {
              "kind": "identifier",
              "name": "fetch",
            },
            "what": Variable {
              "curly": false,
              "kind": "variable",
              "name": "stmt",
            },
          },
        },
      },
      "kind": "expressionstatement",
    },
    ExpressionStatement {
      "expression": Assign {
        "kind": "assign",
        "left": Variable {
          "curly": false,
          "kind": "variable",
          "name": "stmt",
        },
        "operator": "=",
        "right": Call {
          "arguments": Array [
            Variable {
              "curly": false,
              "kind": "variable",
              "name": "clobquery9",
            },
          ],
          "kind": "call",
          "what": PropertyLookup {
            "kind": "propertylookup",
            "offset": Identifier {
              "kind": "identifier",
              "name": "prepare",
            },
            "what": Variable {
              "curly": false,
              "kind": "variable",
              "name": "db",
            },
          },
        },
      },
      "kind": "expressionstatement",
    },
    ExpressionStatement {
      "expression": Call {
        "arguments": Array [],
        "kind": "call",
        "what": PropertyLookup {
          "kind": "propertylookup",
          "offset": Identifier {
            "kind": "identifier",
            "name": "execute",
          },
          "what": Variable {
            "curly": false,
            "kind": "variable",
            "name": "stmt",
          },
        },
      },
      "kind": "expressionstatement",
    },
    ExpressionStatement {
      "expression": Assign {
        "kind": "assign",
        "left": Variable {
          "curly": false,
          "kind": "variable",
          "name": "row",
        },
        "operator": "=",
        "right": Call {
          "arguments": Array [],
          "kind": "call",
          "what": PropertyLookup {
            "kind": "propertylookup",
            "offset": Identifier {
              "kind": "identifier",
              "name": "fetch",
            },
            "what": Variable {
              "curly": false,
              "kind": "variable",
              "name": "stmt",
            },
          },
        },
      },
      "kind": "expressionstatement",
    },
    ExpressionStatement {
      "expression": Assign {
        "kind": "assign",
        "left": Variable {
          "curly": false,
          "kind": "variable",
          "name": "stmt",
        },
        "operator": "=",
        "right": Call {
          "arguments": Array [
            Variable {
              "curly": false,
              "kind": "variable",
              "name": "clobquery10",
            },
          ],
          "kind": "call",
          "what": PropertyLookup {
            "kind": "propertylookup",
            "offset": Identifier {
              "kind": "identifier",
              "name": "prepare",
            },
            "what": Variable {
              "curly": false,
              "kind": "variable",
              "name": "db",
            },
          },
        },
      },
      "kind": "expressionstatement",
    },
    ExpressionStatement {
      "expression": Call {
        "arguments": Array [],
        "kind": "call",
        "what": PropertyLookup {
          "kind": "propertylookup",
          "offset": Identifier {
            "kind": "identifier",
            "name": "execute",
          },
          "what": Variable {
            "curly": false,
            "kind": "variable",
            "name": "stmt",
          },
        },
      },
      "kind": "expressionstatement",
    },
    ExpressionStatement {
      "expression": Assign {
        "kind": "assign",
        "left": Variable {
          "curly": false,
          "kind": "variable",
          "name": "row",
        },
        "operator": "=",
        "right": Call {
          "arguments": Array [],
          "kind": "call",
          "what": PropertyLookup {
            "kind": "propertylookup",
            "offset": Identifier {
              "kind": "identifier",
              "name": "fetch",
            },
            "what": Variable {
              "curly": false,
              "kind": "variable",
              "name": "stmt",
            },
          },
        },
      },
      "kind": "expressionstatement",
    },
    ExpressionStatement {
      "expression": Assign {
        "kind": "assign",
        "left": Variable {
          "curly": false,
          "kind": "variable",
          "name": "query1",
        },
        "operator": "=",
        "right": String {
          "isDoubleQuote": true,
          "kind": "string",
          "raw": "\\"SELECT SYS_CONTEXT('USERENV', 'SID') SID FROM DUAL\\"",
          "unicode": false,
          "value": "SELECT SYS_CONTEXT('USERENV', 'SID') SID FROM DUAL",
        },
      },
      "kind": "expressionstatement",
    },
    ExpressionStatement {
      "expression": Assign {
        "kind": "assign",
        "left": Variable {
          "curly": false,
          "kind": "variable",
          "name": "stmt1",
        },
        "operator": "=",
        "right": Call {
          "arguments": Array [
            Variable {
              "curly": false,
              "kind": "variable",
              "name": "query1",
            },
          ],
          "kind": "call",
          "what": PropertyLookup {
            "kind": "propertylookup",
            "offset": Identifier {
              "kind": "identifier",
              "name": "prepare",
            },
            "what": Variable {
              "curly": false,
              "kind": "variable",
              "name": "db",
            },
          },
        },
      },
      "kind": "expressionstatement",
    },
    ExpressionStatement {
      "expression": Call {
        "arguments": Array [],
        "kind": "call",
        "what": PropertyLookup {
          "kind": "propertylookup",
          "offset": Identifier {
            "kind": "identifier",
            "name": "execute",
          },
          "what": Variable {
            "curly": false,
            "kind": "variable",
            "name": "stmt1",
          },
        },
      },
      "kind": "expressionstatement",
    },
    ExpressionStatement {
      "expression": Assign {
        "kind": "assign",
        "left": Variable {
          "curly": false,
          "kind": "variable",
          "name": "row1",
        },
        "operator": "=",
        "right": Call {
          "arguments": Array [],
          "kind": "call",
          "what": PropertyLookup {
            "kind": "propertylookup",
            "offset": Identifier {
              "kind": "identifier",
              "name": "fetch",
            },
            "what": Variable {
              "curly": false,
              "kind": "variable",
              "name": "stmt1",
            },
          },
        },
      },
      "kind": "expressionstatement",
    },
    ExpressionStatement {
      "expression": Assign {
        "kind": "assign",
        "left": Variable {
          "curly": false,
          "kind": "variable",
          "name": "sid_value",
        },
        "operator": "=",
        "right": OffsetLookup {
          "kind": "offsetlookup",
          "offset": Number {
            "kind": "number",
            "value": "0",
          },
          "what": Variable {
            "curly": false,
            "kind": "variable",
            "name": "row1",
          },
        },
      },
      "kind": "expressionstatement",
    },
    ExpressionStatement {
      "expression": Assign {
        "kind": "assign",
        "left": Variable {
          "curly": false,
          "kind": "variable",
          "name": "query2",
        },
        "operator": "=",
        "right": String {
          "isDoubleQuote": true,
          "kind": "string",
          "raw": "\\"SELECT (CACHE_LOBS+NOCACHE_LOBS+ABSTRACT_LOBS) FROM V\\\\$TEMPORARY_LOBS WHERE SID = :SID_VALUE\\"",
          "unicode": false,
          "value": "SELECT (CACHE_LOBS+NOCACHE_LOBS+ABSTRACT_LOBS) FROM V$TEMPORARY_LOBS WHERE SID = :SID_VALUE",
        },
      },
      "kind": "expressionstatement",
    },
    ExpressionStatement {
      "expression": Assign {
        "kind": "assign",
        "left": Variable {
          "curly": false,
          "kind": "variable",
          "name": "stmt2",
        },
        "operator": "=",
        "right": Call {
          "arguments": Array [
            Variable {
              "curly": false,
              "kind": "variable",
              "name": "query2",
            },
          ],
          "kind": "call",
          "what": PropertyLookup {
            "kind": "propertylookup",
            "offset": Identifier {
              "kind": "identifier",
              "name": "prepare",
            },
            "what": Variable {
              "curly": false,
              "kind": "variable",
              "name": "db",
            },
          },
        },
      },
      "kind": "expressionstatement",
    },
    ExpressionStatement {
      "expression": Call {
        "arguments": Array [
          String {
            "isDoubleQuote": false,
            "kind": "string",
            "raw": "':SID_VALUE'",
            "unicode": false,
            "value": ":SID_VALUE",
          },
          Variable {
            "curly": false,
            "kind": "variable",
            "name": "sid_value",
          },
        ],
        "kind": "call",
        "what": PropertyLookup {
          "kind": "propertylookup",
          "offset": Identifier {
            "kind": "identifier",
            "name": "bindParam",
          },
          "what": Variable {
            "curly": false,
            "kind": "variable",
            "name": "stmt2",
          },
        },
      },
      "kind": "expressionstatement",
    },
    ExpressionStatement {
      "expression": Call {
        "arguments": Array [],
        "kind": "call",
        "what": PropertyLookup {
          "kind": "propertylookup",
          "offset": Identifier {
            "kind": "identifier",
            "name": "execute",
          },
          "what": Variable {
            "curly": false,
            "kind": "variable",
            "name": "stmt2",
          },
        },
      },
      "kind": "expressionstatement",
    },
    ExpressionStatement {
      "expression": Assign {
        "kind": "assign",
        "left": Variable {
          "curly": false,
          "kind": "variable",
          "name": "row2",
        },
        "operator": "=",
        "right": Call {
          "arguments": Array [],
          "kind": "call",
          "what": PropertyLookup {
            "kind": "propertylookup",
            "offset": Identifier {
              "kind": "identifier",
              "name": "fetch",
            },
            "what": Variable {
              "curly": false,
              "kind": "variable",
              "name": "stmt2",
            },
          },
        },
      },
      "kind": "expressionstatement",
    },
    If {
      "alternate": Block {
        "children": Array [
          Echo {
            "expressions": Array [
              String {
                "isDoubleQuote": true,
                "kind": "string",
                "raw": "\\"Success! All the temporary LOB in previously closed statements are properly cleaned.\\\\n\\"",
                "unicode": false,
                "value": "Success! All the temporary LOB in previously closed statements are properly cleaned.
",
              },
            ],
            "kind": "echo",
            "shortForm": false,
          },
        ],
        "kind": "block",
      },
      "body": Block {
        "children": Array [
          Echo {
            "expressions": Array [
              Bin {
                "kind": "bin",
                "left": Bin {
                  "kind": "bin",
                  "left": String {
                    "isDoubleQuote": true,
                    "kind": "string",
                    "raw": "\\"TEMP_LOB is not yet cleared!\\"",
                    "unicode": false,
                    "value": "TEMP_LOB is not yet cleared!",
                  },
                  "right": OffsetLookup {
                    "kind": "offsetlookup",
                    "offset": Number {
                      "kind": "number",
                      "value": "0",
                    },
                    "what": Variable {
                      "curly": false,
                      "kind": "variable",
                      "name": "row2",
                    },
                  },
                  "type": ".",
                },
                "right": String {
                  "isDoubleQuote": true,
                  "kind": "string",
                  "raw": "\\"\\\\n\\"",
                  "unicode": false,
                  "value": "
",
                },
                "type": ".",
              },
            ],
            "kind": "echo",
            "shortForm": false,
          },
        ],
        "kind": "block",
      },
      "kind": "if",
      "shortForm": false,
      "test": Bin {
        "kind": "bin",
        "left": OffsetLookup {
          "kind": "offsetlookup",
          "offset": Number {
            "kind": "number",
            "value": "0",
          },
          "what": Variable {
            "curly": false,
            "kind": "variable",
            "name": "row2",
          },
        },
        "right": Number {
          "kind": "number",
          "value": "1",
        },
        "type": ">",
      },
    },
  ],
  "errors": Array [],
  "kind": "program",
}
`;
