// Jest Snapshot v1, https://goo.gl/fbAQLP

exports[`php-src tests Bug #64782: SplFileObject constructor make $context optional / give it a default value 1`] = `
Program {
  "children": Array [
    ExpressionStatement {
      "expression": Call {
        "arguments": Array [
          New {
            "arguments": Array [
              Magic {
                "kind": "magic",
                "raw": "__FILE__",
                "value": "__FILE__",
              },
              String {
                "isDoubleQuote": true,
                "kind": "string",
                "raw": "\\"r\\"",
                "unicode": false,
                "value": "r",
              },
              Boolean {
                "kind": "boolean",
                "raw": "false",
                "value": false,
              },
              NullKeyword {
                "kind": "nullkeyword",
                "raw": "null",
              },
            ],
            "kind": "new",
            "what": Name {
              "kind": "name",
              "name": "SplFileObject",
              "resolution": "uqn",
            },
          },
        ],
        "kind": "call",
        "what": Name {
          "kind": "name",
          "name": "var_dump",
          "resolution": "uqn",
        },
      },
      "kind": "expressionstatement",
    },
  ],
  "errors": Array [],
  "kind": "program",
}
`;
