// Jest Snapshot v1, https://goo.gl/fbAQLP

exports[`php-src tests Test gzcompress() function : basic functionality 1`] = `
Program {
  "children": Array [
    ExpressionStatement {
      "expression": Include {
        "kind": "include",
        "once": false,
        "require": false,
        "target": Bin {
          "kind": "bin",
          "left": Magic {
            "kind": "magic",
            "raw": "__DIR__",
            "value": "__DIR__",
          },
          "parenthesizedExpression": true,
          "right": String {
            "isDoubleQuote": false,
            "kind": "string",
            "raw": "'/data.inc'",
            "unicode": false,
            "value": "/data.inc",
          },
          "type": ".",
        },
      },
      "kind": "expressionstatement",
    },
    Echo {
      "expressions": Array [
        String {
          "isDoubleQuote": true,
          "kind": "string",
          "raw": "\\"*** Testing gzcompress() : basic functionality ***\\\\n\\"",
          "unicode": false,
          "value": "*** Testing gzcompress() : basic functionality ***
",
        },
      ],
      "kind": "echo",
      "shortForm": false,
    },
    ExpressionStatement {
      "expression": Assign {
        "kind": "assign",
        "left": Variable {
          "curly": false,
          "kind": "variable",
          "name": "smallstring",
        },
        "operator": "=",
        "right": String {
          "isDoubleQuote": true,
          "kind": "string",
          "raw": "\\"A small string to compress\\\\n\\"",
          "unicode": false,
          "value": "A small string to compress
",
        },
      },
      "kind": "expressionstatement",
    },
    For {
      "body": Block {
        "children": Array [
          Echo {
            "expressions": Array [
              Encapsed {
                "kind": "encapsed",
                "raw": "\\"-- Compression level $i --\\\\n\\"",
                "type": "string",
                "value": Array [
                  EncapsedPart {
                    "curly": false,
                    "expression": String {
                      "isDoubleQuote": false,
                      "kind": "string",
                      "raw": "-- Compression level ",
                      "unicode": false,
                      "value": "-- Compression level ",
                    },
                    "kind": "encapsedpart",
                    "syntax": null,
                  },
                  EncapsedPart {
                    "curly": false,
                    "expression": Variable {
                      "curly": false,
                      "kind": "variable",
                      "name": "i",
                    },
                    "kind": "encapsedpart",
                    "syntax": "simple",
                  },
                  EncapsedPart {
                    "curly": false,
                    "expression": String {
                      "isDoubleQuote": false,
                      "kind": "string",
                      "raw": " --\\\\n",
                      "unicode": false,
                      "value": " --",
                    },
                    "kind": "encapsedpart",
                    "syntax": null,
                  },
                ],
              },
            ],
            "kind": "echo",
            "shortForm": false,
          },
          ExpressionStatement {
            "expression": Assign {
              "kind": "assign",
              "left": Variable {
                "curly": false,
                "kind": "variable",
                "name": "output",
              },
              "operator": "=",
              "right": Call {
                "arguments": Array [
                  Variable {
                    "curly": false,
                    "kind": "variable",
                    "name": "data",
                  },
                  Variable {
                    "curly": false,
                    "kind": "variable",
                    "name": "i",
                  },
                ],
                "kind": "call",
                "what": Name {
                  "kind": "name",
                  "name": "gzcompress",
                  "resolution": "uqn",
                },
              },
            },
            "kind": "expressionstatement",
          },
          ExpressionStatement {
            "expression": Call {
              "arguments": Array [
                Call {
                  "arguments": Array [
                    Variable {
                      "curly": false,
                      "kind": "variable",
                      "name": "output",
                    },
                  ],
                  "kind": "call",
                  "what": Name {
                    "kind": "name",
                    "name": "md5",
                    "resolution": "uqn",
                  },
                },
              ],
              "kind": "call",
              "what": Name {
                "kind": "name",
                "name": "var_dump",
                "resolution": "uqn",
              },
            },
            "kind": "expressionstatement",
          },
          ExpressionStatement {
            "expression": Call {
              "arguments": Array [
                Call {
                  "arguments": Array [
                    Call {
                      "arguments": Array [
                        Variable {
                          "curly": false,
                          "kind": "variable",
                          "name": "output",
                        },
                      ],
                      "kind": "call",
                      "what": Name {
                        "kind": "name",
                        "name": "gzuncompress",
                        "resolution": "uqn",
                      },
                    },
                    Variable {
                      "curly": false,
                      "kind": "variable",
                      "name": "data",
                    },
                  ],
                  "kind": "call",
                  "what": Name {
                    "kind": "name",
                    "name": "strcmp",
                    "resolution": "uqn",
                  },
                },
              ],
              "kind": "call",
              "what": Name {
                "kind": "name",
                "name": "var_dump",
                "resolution": "uqn",
              },
            },
            "kind": "expressionstatement",
          },
        ],
        "kind": "block",
      },
      "increment": Array [
        Post {
          "kind": "post",
          "type": "+",
          "what": Variable {
            "curly": false,
            "kind": "variable",
            "name": "i",
          },
        },
      ],
      "init": Array [
        Assign {
          "kind": "assign",
          "left": Variable {
            "curly": false,
            "kind": "variable",
            "name": "i",
          },
          "operator": "=",
          "right": Unary {
            "kind": "unary",
            "type": "-",
            "what": Number {
              "kind": "number",
              "value": "1",
            },
          },
        },
      ],
      "kind": "for",
      "shortForm": false,
      "test": Array [
        Bin {
          "kind": "bin",
          "left": Variable {
            "curly": false,
            "kind": "variable",
            "name": "i",
          },
          "right": Number {
            "kind": "number",
            "value": "10",
          },
          "type": "<",
        },
      ],
    },
    For {
      "body": Block {
        "children": Array [
          Echo {
            "expressions": Array [
              Encapsed {
                "kind": "encapsed",
                "raw": "\\"-- Compression level $i --\\\\n\\"",
                "type": "string",
                "value": Array [
                  EncapsedPart {
                    "curly": false,
                    "expression": String {
                      "isDoubleQuote": false,
                      "kind": "string",
                      "raw": "-- Compression level ",
                      "unicode": false,
                      "value": "-- Compression level ",
                    },
                    "kind": "encapsedpart",
                    "syntax": null,
                  },
                  EncapsedPart {
                    "curly": false,
                    "expression": Variable {
                      "curly": false,
                      "kind": "variable",
                      "name": "i",
                    },
                    "kind": "encapsedpart",
                    "syntax": "simple",
                  },
                  EncapsedPart {
                    "curly": false,
                    "expression": String {
                      "isDoubleQuote": false,
                      "kind": "string",
                      "raw": " --\\\\n",
                      "unicode": false,
                      "value": " --",
                    },
                    "kind": "encapsedpart",
                    "syntax": null,
                  },
                ],
              },
            ],
            "kind": "echo",
            "shortForm": false,
          },
          ExpressionStatement {
            "expression": Assign {
              "kind": "assign",
              "left": Variable {
                "curly": false,
                "kind": "variable",
                "name": "output",
              },
              "operator": "=",
              "right": Call {
                "arguments": Array [
                  Variable {
                    "curly": false,
                    "kind": "variable",
                    "name": "smallstring",
                  },
                  Variable {
                    "curly": false,
                    "kind": "variable",
                    "name": "i",
                  },
                ],
                "kind": "call",
                "what": Name {
                  "kind": "name",
                  "name": "gzcompress",
                  "resolution": "uqn",
                },
              },
            },
            "kind": "expressionstatement",
          },
          ExpressionStatement {
            "expression": Call {
              "arguments": Array [
                Call {
                  "arguments": Array [
                    Variable {
                      "curly": false,
                      "kind": "variable",
                      "name": "output",
                    },
                  ],
                  "kind": "call",
                  "what": Name {
                    "kind": "name",
                    "name": "bin2hex",
                    "resolution": "uqn",
                  },
                },
              ],
              "kind": "call",
              "what": Name {
                "kind": "name",
                "name": "var_dump",
                "resolution": "uqn",
              },
            },
            "kind": "expressionstatement",
          },
          ExpressionStatement {
            "expression": Call {
              "arguments": Array [
                Call {
                  "arguments": Array [
                    Call {
                      "arguments": Array [
                        Variable {
                          "curly": false,
                          "kind": "variable",
                          "name": "output",
                        },
                      ],
                      "kind": "call",
                      "what": Name {
                        "kind": "name",
                        "name": "gzuncompress",
                        "resolution": "uqn",
                      },
                    },
                    Variable {
                      "curly": false,
                      "kind": "variable",
                      "name": "smallstring",
                    },
                  ],
                  "kind": "call",
                  "what": Name {
                    "kind": "name",
                    "name": "strcmp",
                    "resolution": "uqn",
                  },
                },
              ],
              "kind": "call",
              "what": Name {
                "kind": "name",
                "name": "var_dump",
                "resolution": "uqn",
              },
            },
            "kind": "expressionstatement",
          },
        ],
        "kind": "block",
      },
      "increment": Array [
        Post {
          "kind": "post",
          "type": "+",
          "what": Variable {
            "curly": false,
            "kind": "variable",
            "name": "i",
          },
        },
      ],
      "init": Array [
        Assign {
          "kind": "assign",
          "left": Variable {
            "curly": false,
            "kind": "variable",
            "name": "i",
          },
          "operator": "=",
          "right": Unary {
            "kind": "unary",
            "type": "-",
            "what": Number {
              "kind": "number",
              "value": "1",
            },
          },
        },
      ],
      "kind": "for",
      "shortForm": false,
      "test": Array [
        Bin {
          "kind": "bin",
          "left": Variable {
            "curly": false,
            "kind": "variable",
            "name": "i",
          },
          "right": Number {
            "kind": "number",
            "value": "10",
          },
          "type": "<",
        },
      ],
    },
    Echo {
      "expressions": Array [
        String {
          "isDoubleQuote": true,
          "kind": "string",
          "raw": "\\"\\\\n-- Testing with no specified compression level --\\\\n\\"",
          "unicode": false,
          "value": "
-- Testing with no specified compression level --
",
        },
      ],
      "kind": "echo",
      "shortForm": false,
    },
    ExpressionStatement {
      "expression": Call {
        "arguments": Array [
          Call {
            "arguments": Array [
              Call {
                "arguments": Array [
                  Variable {
                    "curly": false,
                    "kind": "variable",
                    "name": "smallstring",
                  },
                ],
                "kind": "call",
                "what": Name {
                  "kind": "name",
                  "name": "gzcompress",
                  "resolution": "uqn",
                },
              },
            ],
            "kind": "call",
            "what": Name {
              "kind": "name",
              "name": "bin2hex",
              "resolution": "uqn",
            },
          },
        ],
        "kind": "call",
        "what": Name {
          "kind": "name",
          "name": "var_dump",
          "resolution": "uqn",
        },
      },
      "kind": "expressionstatement",
    },
  ],
  "errors": Array [],
  "kind": "program",
}
`;
