// Jest Snapshot v1, https://goo.gl/fbAQLP

exports[`php-src tests Test array_map() function : usage variations - built-in function as callback 1`] = `
Program {
  "children": Array [
    Echo {
      "expressions": Array [
        String {
          "isDoubleQuote": true,
          "kind": "string",
          "raw": "\\"*** Testing array_map() : built-in function ***\\\\n\\"",
          "unicode": false,
          "value": "*** Testing array_map() : built-in function ***
",
        },
      ],
      "kind": "echo",
      "shortForm": false,
    },
    ExpressionStatement {
      "expression": Assign {
        "kind": "assign",
        "left": Variable {
          "curly": false,
          "kind": "variable",
          "name": "array1",
        },
        "operator": "=",
        "right": Array {
          "items": Array [
            Entry {
              "byRef": false,
              "key": null,
              "kind": "entry",
              "unpack": false,
              "value": Number {
                "kind": "number",
                "value": "1",
              },
            },
            Entry {
              "byRef": false,
              "key": null,
              "kind": "entry",
              "unpack": false,
              "value": Number {
                "kind": "number",
                "value": "2",
              },
            },
            Entry {
              "byRef": false,
              "key": null,
              "kind": "entry",
              "unpack": false,
              "value": Number {
                "kind": "number",
                "value": "3",
              },
            },
          ],
          "kind": "array",
          "shortForm": false,
        },
      },
      "kind": "expressionstatement",
    },
    ExpressionStatement {
      "expression": Assign {
        "kind": "assign",
        "left": Variable {
          "curly": false,
          "kind": "variable",
          "name": "array2",
        },
        "operator": "=",
        "right": Array {
          "items": Array [
            Entry {
              "byRef": false,
              "key": null,
              "kind": "entry",
              "unpack": false,
              "value": Number {
                "kind": "number",
                "value": "3",
              },
            },
            Entry {
              "byRef": false,
              "key": null,
              "kind": "entry",
              "unpack": false,
              "value": Number {
                "kind": "number",
                "value": "4",
              },
            },
            Entry {
              "byRef": false,
              "key": null,
              "kind": "entry",
              "unpack": false,
              "value": Number {
                "kind": "number",
                "value": "5",
              },
            },
          ],
          "kind": "array",
          "shortForm": false,
        },
      },
      "kind": "expressionstatement",
    },
    Echo {
      "expressions": Array [
        String {
          "isDoubleQuote": true,
          "kind": "string",
          "raw": "\\"-- with built-in function 'pow' and two parameters --\\\\n\\"",
          "unicode": false,
          "value": "-- with built-in function 'pow' and two parameters --
",
        },
      ],
      "kind": "echo",
      "shortForm": false,
    },
    ExpressionStatement {
      "expression": Call {
        "arguments": Array [
          Call {
            "arguments": Array [
              String {
                "isDoubleQuote": false,
                "kind": "string",
                "raw": "'pow'",
                "unicode": false,
                "value": "pow",
              },
              Variable {
                "curly": false,
                "kind": "variable",
                "name": "array1",
              },
              Variable {
                "curly": false,
                "kind": "variable",
                "name": "array2",
              },
            ],
            "kind": "call",
            "what": Name {
              "kind": "name",
              "name": "array_map",
              "resolution": "uqn",
            },
          },
        ],
        "kind": "call",
        "what": Name {
          "kind": "name",
          "name": "var_dump",
          "resolution": "uqn",
        },
      },
      "kind": "expressionstatement",
    },
    Echo {
      "expressions": Array [
        String {
          "isDoubleQuote": true,
          "kind": "string",
          "raw": "\\"-- with built-in function 'pow' and one parameter --\\\\n\\"",
          "unicode": false,
          "value": "-- with built-in function 'pow' and one parameter --
",
        },
      ],
      "kind": "echo",
      "shortForm": false,
    },
    Try {
      "always": null,
      "body": Block {
        "children": Array [
          ExpressionStatement {
            "expression": Call {
              "arguments": Array [
                Call {
                  "arguments": Array [
                    String {
                      "isDoubleQuote": false,
                      "kind": "string",
                      "raw": "'pow'",
                      "unicode": false,
                      "value": "pow",
                    },
                    Variable {
                      "curly": false,
                      "kind": "variable",
                      "name": "array1",
                    },
                  ],
                  "kind": "call",
                  "what": Name {
                    "kind": "name",
                    "name": "array_map",
                    "resolution": "uqn",
                  },
                },
              ],
              "kind": "call",
              "what": Name {
                "kind": "name",
                "name": "var_dump",
                "resolution": "uqn",
              },
            },
            "kind": "expressionstatement",
          },
        ],
        "kind": "block",
      },
      "catches": Array [
        Catch {
          "body": Block {
            "children": Array [
              Echo {
                "expressions": Array [
                  Call {
                    "arguments": Array [],
                    "kind": "call",
                    "what": PropertyLookup {
                      "kind": "propertylookup",
                      "offset": Identifier {
                        "kind": "identifier",
                        "name": "getMessage",
                      },
                      "what": Variable {
                        "curly": false,
                        "kind": "variable",
                        "name": "e",
                      },
                    },
                  },
                  String {
                    "isDoubleQuote": true,
                    "kind": "string",
                    "raw": "\\"\\\\n\\"",
                    "unicode": false,
                    "value": "
",
                  },
                ],
                "kind": "echo",
                "shortForm": false,
              },
            ],
            "kind": "block",
          },
          "kind": "catch",
          "variable": Variable {
            "curly": false,
            "kind": "variable",
            "name": "e",
          },
          "what": Array [
            Name {
              "kind": "name",
              "name": "TypeError",
              "resolution": "uqn",
            },
          ],
        },
      ],
      "kind": "try",
    },
    Echo {
      "expressions": Array [
        String {
          "isDoubleQuote": true,
          "kind": "string",
          "raw": "\\"-- with language construct --\\\\n\\"",
          "unicode": false,
          "value": "-- with language construct --
",
        },
      ],
      "kind": "echo",
      "shortForm": false,
    },
    Try {
      "always": null,
      "body": Block {
        "children": Array [
          ExpressionStatement {
            "expression": Call {
              "arguments": Array [
                Call {
                  "arguments": Array [
                    String {
                      "isDoubleQuote": false,
                      "kind": "string",
                      "raw": "'echo'",
                      "unicode": false,
                      "value": "echo",
                    },
                    Variable {
                      "curly": false,
                      "kind": "variable",
                      "name": "array1",
                    },
                  ],
                  "kind": "call",
                  "what": Name {
                    "kind": "name",
                    "name": "array_map",
                    "resolution": "uqn",
                  },
                },
              ],
              "kind": "call",
              "what": Name {
                "kind": "name",
                "name": "var_dump",
                "resolution": "uqn",
              },
            },
            "kind": "expressionstatement",
          },
        ],
        "kind": "block",
      },
      "catches": Array [
        Catch {
          "body": Block {
            "children": Array [
              Echo {
                "expressions": Array [
                  Call {
                    "arguments": Array [],
                    "kind": "call",
                    "what": PropertyLookup {
                      "kind": "propertylookup",
                      "offset": Identifier {
                        "kind": "identifier",
                        "name": "getMessage",
                      },
                      "what": Variable {
                        "curly": false,
                        "kind": "variable",
                        "name": "e",
                      },
                    },
                  },
                  String {
                    "isDoubleQuote": true,
                    "kind": "string",
                    "raw": "\\"\\\\n\\"",
                    "unicode": false,
                    "value": "
",
                  },
                ],
                "kind": "echo",
                "shortForm": false,
              },
            ],
            "kind": "block",
          },
          "kind": "catch",
          "variable": Variable {
            "curly": false,
            "kind": "variable",
            "name": "e",
          },
          "what": Array [
            Name {
              "kind": "name",
              "name": "TypeError",
              "resolution": "uqn",
            },
          ],
        },
      ],
      "kind": "try",
    },
    Echo {
      "expressions": Array [
        String {
          "isDoubleQuote": true,
          "kind": "string",
          "raw": "\\"Done\\"",
          "unicode": false,
          "value": "Done",
        },
      ],
      "kind": "echo",
      "shortForm": false,
    },
  ],
  "errors": Array [],
  "kind": "program",
}
`;
