// Jest Snapshot v1, https://goo.gl/fbAQLP

exports[`php-src tests Call to date function from a method and call to date method from call_user_func 1`] = `
Program {
  "children": Array [
    Class {
      "attrGroups": Array [],
      "body": Array [
        Method {
          "arguments": Array [
            Parameter {
              "attrGroups": Array [],
              "byref": false,
              "flags": 0,
              "kind": "parameter",
              "name": Identifier {
                "kind": "identifier",
                "name": "in",
              },
              "nullable": false,
              "readonly": false,
              "type": null,
              "value": null,
              "variadic": false,
            },
          ],
          "attrGroups": Array [],
          "body": Block {
            "children": Array [
              ExpressionStatement {
                "expression": Assign {
                  "kind": "assign",
                  "left": PropertyLookup {
                    "kind": "propertylookup",
                    "offset": Identifier {
                      "kind": "identifier",
                      "name": "date",
                    },
                    "what": Variable {
                      "curly": false,
                      "kind": "variable",
                      "name": "this",
                    },
                  },
                  "operator": "=",
                  "right": Call {
                    "arguments": Array [
                      Variable {
                        "curly": false,
                        "kind": "variable",
                        "name": "in",
                      },
                    ],
                    "kind": "call",
                    "what": Name {
                      "kind": "name",
                      "name": "date_create",
                      "resolution": "uqn",
                    },
                  },
                },
                "kind": "expressionstatement",
              },
            ],
            "kind": "block",
          },
          "byref": false,
          "isAbstract": false,
          "isFinal": false,
          "isStatic": false,
          "kind": "method",
          "name": Identifier {
            "kind": "identifier",
            "name": "__construct",
          },
          "nullable": false,
          "type": null,
          "visibility": "public",
        },
        Method {
          "arguments": Array [],
          "attrGroups": Array [],
          "body": Block {
            "children": Array [
              Return {
                "expr": Call {
                  "arguments": Array [
                    PropertyLookup {
                      "kind": "propertylookup",
                      "offset": Identifier {
                        "kind": "identifier",
                        "name": "date",
                      },
                      "what": Variable {
                        "curly": false,
                        "kind": "variable",
                        "name": "this",
                      },
                    },
                    String {
                      "isDoubleQuote": false,
                      "kind": "string",
                      "raw": "'Y'",
                      "unicode": false,
                      "value": "Y",
                    },
                  ],
                  "kind": "call",
                  "what": Name {
                    "kind": "name",
                    "name": "date_format",
                    "resolution": "uqn",
                  },
                },
                "kind": "return",
              },
            ],
            "kind": "block",
          },
          "byref": false,
          "isAbstract": false,
          "isFinal": false,
          "isStatic": false,
          "kind": "method",
          "name": Identifier {
            "kind": "identifier",
            "name": "getYear1",
          },
          "nullable": false,
          "type": null,
          "visibility": "public",
        },
        Method {
          "arguments": Array [],
          "attrGroups": Array [],
          "body": Block {
            "children": Array [
              Return {
                "expr": Call {
                  "arguments": Array [
                    Array {
                      "items": Array [
                        Entry {
                          "byRef": false,
                          "key": null,
                          "kind": "entry",
                          "unpack": false,
                          "value": PropertyLookup {
                            "kind": "propertylookup",
                            "offset": Identifier {
                              "kind": "identifier",
                              "name": "date",
                            },
                            "what": Variable {
                              "curly": false,
                              "kind": "variable",
                              "name": "this",
                            },
                          },
                        },
                        Entry {
                          "byRef": false,
                          "key": null,
                          "kind": "entry",
                          "unpack": false,
                          "value": String {
                            "isDoubleQuote": false,
                            "kind": "string",
                            "raw": "'format'",
                            "unicode": false,
                            "value": "format",
                          },
                        },
                      ],
                      "kind": "array",
                      "shortForm": true,
                    },
                    String {
                      "isDoubleQuote": false,
                      "kind": "string",
                      "raw": "'Y'",
                      "unicode": false,
                      "value": "Y",
                    },
                  ],
                  "kind": "call",
                  "what": Name {
                    "kind": "name",
                    "name": "call_user_func",
                    "resolution": "uqn",
                  },
                },
                "kind": "return",
              },
            ],
            "kind": "block",
          },
          "byref": false,
          "isAbstract": false,
          "isFinal": false,
          "isStatic": false,
          "kind": "method",
          "name": Identifier {
            "kind": "identifier",
            "name": "getYear2",
          },
          "nullable": false,
          "type": null,
          "visibility": "public",
        },
      ],
      "extends": null,
      "implements": null,
      "isAbstract": false,
      "isAnonymous": false,
      "isFinal": false,
      "kind": "class",
      "name": Identifier {
        "kind": "identifier",
        "name": "Date",
      },
    },
    ExpressionStatement {
      "expression": Assign {
        "kind": "assign",
        "left": Variable {
          "curly": false,
          "kind": "variable",
          "name": "d",
        },
        "operator": "=",
        "right": New {
          "arguments": Array [
            String {
              "isDoubleQuote": false,
              "kind": "string",
              "raw": "'NOW'",
              "unicode": false,
              "value": "NOW",
            },
          ],
          "kind": "new",
          "what": Name {
            "kind": "name",
            "name": "Date",
            "resolution": "uqn",
          },
        },
      },
      "kind": "expressionstatement",
    },
    ExpressionStatement {
      "expression": Call {
        "arguments": Array [
          Call {
            "arguments": Array [],
            "kind": "call",
            "what": PropertyLookup {
              "kind": "propertylookup",
              "offset": Identifier {
                "kind": "identifier",
                "name": "getYear1",
              },
              "what": Variable {
                "curly": false,
                "kind": "variable",
                "name": "d",
              },
            },
          },
        ],
        "kind": "call",
        "what": Name {
          "kind": "name",
          "name": "var_dump",
          "resolution": "uqn",
        },
      },
      "kind": "expressionstatement",
    },
    ExpressionStatement {
      "expression": Call {
        "arguments": Array [
          Call {
            "arguments": Array [],
            "kind": "call",
            "what": PropertyLookup {
              "kind": "propertylookup",
              "offset": Identifier {
                "kind": "identifier",
                "name": "getYear2",
              },
              "what": Variable {
                "curly": false,
                "kind": "variable",
                "name": "d",
              },
            },
          },
        ],
        "kind": "call",
        "what": Name {
          "kind": "name",
          "name": "var_dump",
          "resolution": "uqn",
        },
      },
      "kind": "expressionstatement",
    },
  ],
  "errors": Array [],
  "kind": "program",
}
`;
