// Jest Snapshot v1, https://goo.gl/fbAQLP

exports[`php-src tests Bug #31454 (session_set_save_handler crashes PHP when supplied non-existent object ref) 1`] = `
Program {
  "children": Array [
    Try {
      "always": null,
      "body": Block {
        "children": Array [
          ExpressionStatement {
            "expression": Call {
              "arguments": Array [
                Array {
                  "items": Array [
                    Entry {
                      "byRef": true,
                      "key": null,
                      "kind": "entry",
                      "unpack": false,
                      "value": Variable {
                        "curly": false,
                        "kind": "variable",
                        "name": "arf",
                      },
                    },
                    Entry {
                      "byRef": false,
                      "key": null,
                      "kind": "entry",
                      "unpack": false,
                      "value": String {
                        "isDoubleQuote": false,
                        "kind": "string",
                        "raw": "'open'",
                        "unicode": false,
                        "value": "open",
                      },
                    },
                  ],
                  "kind": "array",
                  "shortForm": false,
                },
                Array {
                  "items": Array [
                    Entry {
                      "byRef": true,
                      "key": null,
                      "kind": "entry",
                      "unpack": false,
                      "value": Variable {
                        "curly": false,
                        "kind": "variable",
                        "name": "arf",
                      },
                    },
                    Entry {
                      "byRef": false,
                      "key": null,
                      "kind": "entry",
                      "unpack": false,
                      "value": String {
                        "isDoubleQuote": false,
                        "kind": "string",
                        "raw": "'close'",
                        "unicode": false,
                        "value": "close",
                      },
                    },
                  ],
                  "kind": "array",
                  "shortForm": false,
                },
                Array {
                  "items": Array [
                    Entry {
                      "byRef": true,
                      "key": null,
                      "kind": "entry",
                      "unpack": false,
                      "value": Variable {
                        "curly": false,
                        "kind": "variable",
                        "name": "arf",
                      },
                    },
                    Entry {
                      "byRef": false,
                      "key": null,
                      "kind": "entry",
                      "unpack": false,
                      "value": String {
                        "isDoubleQuote": false,
                        "kind": "string",
                        "raw": "'read'",
                        "unicode": false,
                        "value": "read",
                      },
                    },
                  ],
                  "kind": "array",
                  "shortForm": false,
                },
                Array {
                  "items": Array [
                    Entry {
                      "byRef": true,
                      "key": null,
                      "kind": "entry",
                      "unpack": false,
                      "value": Variable {
                        "curly": false,
                        "kind": "variable",
                        "name": "arf",
                      },
                    },
                    Entry {
                      "byRef": false,
                      "key": null,
                      "kind": "entry",
                      "unpack": false,
                      "value": String {
                        "isDoubleQuote": false,
                        "kind": "string",
                        "raw": "'write'",
                        "unicode": false,
                        "value": "write",
                      },
                    },
                  ],
                  "kind": "array",
                  "shortForm": false,
                },
                Array {
                  "items": Array [
                    Entry {
                      "byRef": true,
                      "key": null,
                      "kind": "entry",
                      "unpack": false,
                      "value": Variable {
                        "curly": false,
                        "kind": "variable",
                        "name": "arf",
                      },
                    },
                    Entry {
                      "byRef": false,
                      "key": null,
                      "kind": "entry",
                      "unpack": false,
                      "value": String {
                        "isDoubleQuote": false,
                        "kind": "string",
                        "raw": "'destroy'",
                        "unicode": false,
                        "value": "destroy",
                      },
                    },
                  ],
                  "kind": "array",
                  "shortForm": false,
                },
                Array {
                  "items": Array [
                    Entry {
                      "byRef": true,
                      "key": null,
                      "kind": "entry",
                      "unpack": false,
                      "value": Variable {
                        "curly": false,
                        "kind": "variable",
                        "name": "arf",
                      },
                    },
                    Entry {
                      "byRef": false,
                      "key": null,
                      "kind": "entry",
                      "unpack": false,
                      "value": String {
                        "isDoubleQuote": false,
                        "kind": "string",
                        "raw": "'gc'",
                        "unicode": false,
                        "value": "gc",
                      },
                    },
                  ],
                  "kind": "array",
                  "shortForm": false,
                },
              ],
              "kind": "call",
              "what": Name {
                "kind": "name",
                "name": "session_set_save_handler",
                "resolution": "uqn",
              },
            },
            "kind": "expressionstatement",
          },
        ],
        "kind": "block",
      },
      "catches": Array [
        Catch {
          "body": Block {
            "children": Array [
              Echo {
                "expressions": Array [
                  Bin {
                    "kind": "bin",
                    "left": Call {
                      "arguments": Array [],
                      "kind": "call",
                      "what": PropertyLookup {
                        "kind": "propertylookup",
                        "offset": Identifier {
                          "kind": "identifier",
                          "name": "getMessage",
                        },
                        "what": Variable {
                          "curly": false,
                          "kind": "variable",
                          "name": "exception",
                        },
                      },
                    },
                    "right": String {
                      "isDoubleQuote": true,
                      "kind": "string",
                      "raw": "\\"\\\\n\\"",
                      "unicode": false,
                      "value": "
",
                    },
                    "type": ".",
                  },
                ],
                "kind": "echo",
                "shortForm": false,
              },
            ],
            "kind": "block",
          },
          "kind": "catch",
          "variable": Variable {
            "curly": false,
            "kind": "variable",
            "name": "exception",
          },
          "what": Array [
            Name {
              "kind": "name",
              "name": "TypeError",
              "resolution": "uqn",
            },
          ],
        },
      ],
      "kind": "try",
    },
    Echo {
      "expressions": Array [
        String {
          "isDoubleQuote": true,
          "kind": "string",
          "raw": "\\"Done\\\\n\\"",
          "unicode": false,
          "value": "Done
",
        },
      ],
      "kind": "echo",
      "shortForm": false,
    },
  ],
  "errors": Array [],
  "kind": "program",
}
`;
