// Jest Snapshot v1, https://goo.gl/fbAQLP

exports[`php-src tests Bug #74968 PHP crashes when calling mysqli_result::fetch_object with an abstract class 1`] = `
Program {
  "children": Array [
    ExpressionStatement {
      "expression": Include {
        "kind": "include",
        "once": true,
        "require": true,
        "target": String {
          "isDoubleQuote": true,
          "kind": "string",
          "parenthesizedExpression": true,
          "raw": "\\"connect.inc\\"",
          "unicode": false,
          "value": "connect.inc",
        },
      },
      "kind": "expressionstatement",
    },
    ExpressionStatement {
      "expression": Assign {
        "kind": "assign",
        "left": Variable {
          "curly": false,
          "kind": "variable",
          "name": "mysqli",
        },
        "operator": "=",
        "right": New {
          "arguments": Array [
            Variable {
              "curly": false,
              "kind": "variable",
              "name": "host",
            },
            Variable {
              "curly": false,
              "kind": "variable",
              "name": "user",
            },
            Variable {
              "curly": false,
              "kind": "variable",
              "name": "passwd",
            },
            Variable {
              "curly": false,
              "kind": "variable",
              "name": "db",
            },
            Variable {
              "curly": false,
              "kind": "variable",
              "name": "port",
            },
            Variable {
              "curly": false,
              "kind": "variable",
              "name": "socket",
            },
          ],
          "kind": "new",
          "what": Name {
            "kind": "name",
            "name": "my_mysqli",
            "resolution": "uqn",
          },
        },
      },
      "kind": "expressionstatement",
    },
    Class {
      "attrGroups": Array [],
      "body": Array [
        PropertyStatement {
          "isStatic": false,
          "kind": "propertystatement",
          "properties": Array [
            Property {
              "attrGroups": Array [],
              "kind": "property",
              "name": Identifier {
                "kind": "identifier",
                "name": "a",
              },
              "nullable": false,
              "readonly": false,
              "type": null,
              "value": null,
            },
          ],
          "visibility": "public",
        },
      ],
      "extends": null,
      "implements": null,
      "isAbstract": true,
      "isAnonymous": false,
      "isFinal": false,
      "kind": "class",
      "name": Identifier {
        "kind": "identifier",
        "name": "test",
      },
    },
    ExpressionStatement {
      "expression": Call {
        "arguments": Array [
          String {
            "isDoubleQuote": true,
            "kind": "string",
            "raw": "\\"test\\"",
            "unicode": false,
            "value": "test",
          },
        ],
        "kind": "call",
        "what": PropertyLookup {
          "kind": "propertylookup",
          "offset": Identifier {
            "kind": "identifier",
            "name": "fetch_object",
          },
          "what": Call {
            "arguments": Array [
              String {
                "isDoubleQuote": true,
                "kind": "string",
                "raw": "\\"SELECT 1 as a\\"",
                "unicode": false,
                "value": "SELECT 1 as a",
              },
            ],
            "kind": "call",
            "what": PropertyLookup {
              "kind": "propertylookup",
              "offset": Identifier {
                "kind": "identifier",
                "name": "query",
              },
              "what": Variable {
                "curly": false,
                "kind": "variable",
                "name": "mysqli",
              },
            },
          },
        },
      },
      "kind": "expressionstatement",
    },
    Inline {
      "kind": "inline",
      "raw": "
==DONE==",
      "value": "==DONE==",
    },
  ],
  "errors": Array [],
  "kind": "program",
}
`;
