// Jest Snapshot v1, https://goo.gl/fbAQLP

exports[`php-src tests Handling of large year values 1`] = `
Program {
  "children": Array [
    ExpressionStatement {
      "expression": Call {
        "arguments": Array [
          String {
            "isDoubleQuote": true,
            "kind": "string",
            "raw": "\\"America/Toronto\\"",
            "unicode": false,
            "value": "America/Toronto",
          },
        ],
        "kind": "call",
        "what": Name {
          "kind": "name",
          "name": "date_default_timezone_set",
          "resolution": "uqn",
        },
      },
      "kind": "expressionstatement",
    },
    ExpressionStatement {
      "expression": Assign {
        "kind": "assign",
        "left": Variable {
          "curly": false,
          "kind": "variable",
          "name": "t",
        },
        "operator": "=",
        "right": Call {
          "arguments": Array [
            Number {
              "kind": "number",
              "value": "0",
            },
            Number {
              "kind": "number",
              "value": "0",
            },
            Number {
              "kind": "number",
              "value": "0",
            },
            Number {
              "kind": "number",
              "value": "1",
            },
            Number {
              "kind": "number",
              "value": "1",
            },
            Number {
              "kind": "number",
              "value": "2922770265",
            },
          ],
          "kind": "call",
          "what": Name {
            "kind": "name",
            "name": "mktime",
            "resolution": "uqn",
          },
        },
      },
      "kind": "expressionstatement",
    },
    ExpressionStatement {
      "expression": Call {
        "arguments": Array [
          Call {
            "arguments": Array [
              String {
                "isDoubleQuote": true,
                "kind": "string",
                "raw": "\\"r\\"",
                "unicode": false,
                "value": "r",
              },
              Variable {
                "curly": false,
                "kind": "variable",
                "name": "t",
              },
            ],
            "kind": "call",
            "what": Name {
              "kind": "name",
              "name": "date",
              "resolution": "uqn",
            },
          },
        ],
        "kind": "call",
        "what": Name {
          "kind": "name",
          "name": "var_dump",
          "resolution": "uqn",
        },
      },
      "kind": "expressionstatement",
    },
    Echo {
      "expressions": Array [
        String {
          "isDoubleQuote": true,
          "kind": "string",
          "raw": "\\"OK\\\\n\\"",
          "unicode": false,
          "value": "OK
",
        },
      ],
      "kind": "echo",
      "shortForm": false,
    },
  ],
  "errors": Array [],
  "kind": "program",
}
`;
