// Jest Snapshot v1, https://goo.gl/fbAQLP

exports[`php-src tests Bug #74980 (Narrowing occurred during type inference) 1`] = `
Program {
  "children": Array [
    Class {
      "attrGroups": Array [],
      "body": Array [
        Method {
          "arguments": Array [],
          "attrGroups": Array [],
          "body": Block {
            "children": Array [
              While {
                "body": Block {
                  "children": Array [
                    ExpressionStatement {
                      "expression": Assign {
                        "kind": "assign",
                        "left": OffsetLookup {
                          "kind": "offsetlookup",
                          "offset": false,
                          "what": OffsetLookup {
                            "kind": "offsetlookup",
                            "offset": false,
                            "what": Variable {
                              "curly": false,
                              "kind": "variable",
                              "name": "arr",
                            },
                          },
                        },
                        "operator": "=",
                        "right": NullKeyword {
                          "kind": "nullkeyword",
                          "raw": "NULL",
                        },
                      },
                      "kind": "expressionstatement",
                    },
                  ],
                  "kind": "block",
                },
                "kind": "while",
                "shortForm": false,
                "test": Variable {
                  "curly": false,
                  "kind": "variable",
                  "name": "undef",
                },
              },
              Foreach {
                "body": Block {
                  "children": Array [
                    ExpressionStatement {
                      "expression": Call {
                        "arguments": Array [
                          Bin {
                            "kind": "bin",
                            "left": Variable {
                              "curly": false,
                              "kind": "variable",
                              "name": "a",
                            },
                            "right": Array {
                              "items": Array [],
                              "kind": "array",
                              "shortForm": true,
                            },
                            "type": "+",
                          },
                        ],
                        "kind": "call",
                        "what": Name {
                          "kind": "name",
                          "name": "bar",
                          "resolution": "uqn",
                        },
                      },
                      "kind": "expressionstatement",
                    },
                  ],
                  "kind": "block",
                },
                "key": null,
                "kind": "foreach",
                "shortForm": false,
                "source": Variable {
                  "curly": false,
                  "kind": "variable",
                  "name": "arr",
                },
                "value": Variable {
                  "curly": false,
                  "kind": "variable",
                  "name": "a",
                },
              },
            ],
            "kind": "block",
          },
          "byref": false,
          "isAbstract": false,
          "isFinal": false,
          "isStatic": true,
          "kind": "method",
          "name": Identifier {
            "kind": "identifier",
            "name": "foo",
          },
          "nullable": false,
          "type": null,
          "visibility": "",
        },
      ],
      "extends": null,
      "implements": null,
      "isAbstract": false,
      "isAnonymous": false,
      "isFinal": false,
      "kind": "class",
      "name": Identifier {
        "kind": "identifier",
        "name": "A",
      },
    },
    Echo {
      "expressions": Array [
        String {
          "isDoubleQuote": true,
          "kind": "string",
          "raw": "\\"okey\\"",
          "unicode": false,
          "value": "okey",
        },
      ],
      "kind": "echo",
      "shortForm": false,
    },
  ],
  "errors": Array [],
  "kind": "program",
}
`;
