// Jest Snapshot v1, https://goo.gl/fbAQLP

exports[`php-src tests SPL: ArrayObject with bad iterator class. 1`] = `
Program {
  "children": Array [
    Try {
      "always": null,
      "body": Block {
        "children": Array [
          ExpressionStatement {
            "expression": Assign {
              "kind": "assign",
              "left": Variable {
                "curly": false,
                "kind": "variable",
                "name": "ao",
              },
              "operator": "=",
              "right": New {
                "arguments": Array [
                  Array {
                    "items": Array [
                      Entry {
                        "byRef": false,
                        "key": String {
                          "isDoubleQuote": false,
                          "kind": "string",
                          "raw": "'a'",
                          "unicode": false,
                          "value": "a",
                        },
                        "kind": "entry",
                        "unpack": false,
                        "value": Number {
                          "kind": "number",
                          "value": "1",
                        },
                      },
                      Entry {
                        "byRef": false,
                        "key": String {
                          "isDoubleQuote": false,
                          "kind": "string",
                          "raw": "'b'",
                          "unicode": false,
                          "value": "b",
                        },
                        "kind": "entry",
                        "unpack": false,
                        "value": Number {
                          "kind": "number",
                          "value": "2",
                        },
                      },
                      Entry {
                        "byRef": false,
                        "key": String {
                          "isDoubleQuote": false,
                          "kind": "string",
                          "raw": "'c'",
                          "unicode": false,
                          "value": "c",
                        },
                        "kind": "entry",
                        "unpack": false,
                        "value": Number {
                          "kind": "number",
                          "value": "3",
                        },
                      },
                    ],
                    "kind": "array",
                    "shortForm": false,
                  },
                ],
                "kind": "new",
                "what": Name {
                  "kind": "name",
                  "name": "ArrayObject",
                  "resolution": "uqn",
                },
              },
            },
            "kind": "expressionstatement",
          },
          ExpressionStatement {
            "expression": Call {
              "arguments": Array [
                String {
                  "isDoubleQuote": true,
                  "kind": "string",
                  "raw": "\\"nonExistentClass\\"",
                  "unicode": false,
                  "value": "nonExistentClass",
                },
              ],
              "kind": "call",
              "what": PropertyLookup {
                "kind": "propertylookup",
                "offset": Identifier {
                  "kind": "identifier",
                  "name": "setIteratorClass",
                },
                "what": Variable {
                  "curly": false,
                  "kind": "variable",
                  "name": "ao",
                },
              },
            },
            "kind": "expressionstatement",
          },
          Foreach {
            "body": Block {
              "children": Array [
                Echo {
                  "expressions": Array [
                    Encapsed {
                      "kind": "encapsed",
                      "raw": "\\"  $key=>$value\\\\n\\"",
                      "type": "string",
                      "value": Array [
                        EncapsedPart {
                          "curly": false,
                          "expression": String {
                            "isDoubleQuote": false,
                            "kind": "string",
                            "raw": "  ",
                            "unicode": false,
                            "value": "  ",
                          },
                          "kind": "encapsedpart",
                          "syntax": null,
                        },
                        EncapsedPart {
                          "curly": false,
                          "expression": Variable {
                            "curly": false,
                            "kind": "variable",
                            "name": "key",
                          },
                          "kind": "encapsedpart",
                          "syntax": "simple",
                        },
                        EncapsedPart {
                          "curly": false,
                          "expression": String {
                            "isDoubleQuote": false,
                            "kind": "string",
                            "raw": "=>",
                            "unicode": false,
                            "value": "=>",
                          },
                          "kind": "encapsedpart",
                          "syntax": null,
                        },
                        EncapsedPart {
                          "curly": false,
                          "expression": Variable {
                            "curly": false,
                            "kind": "variable",
                            "name": "value",
                          },
                          "kind": "encapsedpart",
                          "syntax": "simple",
                        },
                        EncapsedPart {
                          "curly": false,
                          "expression": String {
                            "isDoubleQuote": false,
                            "kind": "string",
                            "raw": "\\\\n",
                            "unicode": false,
                            "value": "",
                          },
                          "kind": "encapsedpart",
                          "syntax": null,
                        },
                      ],
                    },
                  ],
                  "kind": "echo",
                  "shortForm": false,
                },
              ],
              "kind": "block",
            },
            "key": Variable {
              "curly": false,
              "kind": "variable",
              "name": "key",
            },
            "kind": "foreach",
            "shortForm": false,
            "source": Variable {
              "curly": false,
              "kind": "variable",
              "name": "ao",
            },
            "value": Variable {
              "curly": false,
              "kind": "variable",
              "name": "value",
            },
          },
        ],
        "kind": "block",
      },
      "catches": Array [
        Catch {
          "body": Block {
            "children": Array [
              ExpressionStatement {
                "expression": Call {
                  "arguments": Array [
                    Call {
                      "arguments": Array [],
                      "kind": "call",
                      "what": PropertyLookup {
                        "kind": "propertylookup",
                        "offset": Identifier {
                          "kind": "identifier",
                          "name": "getMessage",
                        },
                        "what": Variable {
                          "curly": false,
                          "kind": "variable",
                          "name": "e",
                        },
                      },
                    },
                  ],
                  "kind": "call",
                  "what": Name {
                    "kind": "name",
                    "name": "var_dump",
                    "resolution": "uqn",
                  },
                },
                "kind": "expressionstatement",
              },
            ],
            "kind": "block",
          },
          "kind": "catch",
          "variable": Variable {
            "curly": false,
            "kind": "variable",
            "name": "e",
          },
          "what": Array [
            Name {
              "kind": "name",
              "name": "TypeError",
              "resolution": "uqn",
            },
          ],
        },
      ],
      "kind": "try",
    },
    Try {
      "always": null,
      "body": Block {
        "children": Array [
          ExpressionStatement {
            "expression": Assign {
              "kind": "assign",
              "left": Variable {
                "curly": false,
                "kind": "variable",
                "name": "ao",
              },
              "operator": "=",
              "right": New {
                "arguments": Array [
                  Array {
                    "items": Array [
                      Entry {
                        "byRef": false,
                        "key": String {
                          "isDoubleQuote": false,
                          "kind": "string",
                          "raw": "'a'",
                          "unicode": false,
                          "value": "a",
                        },
                        "kind": "entry",
                        "unpack": false,
                        "value": Number {
                          "kind": "number",
                          "value": "1",
                        },
                      },
                      Entry {
                        "byRef": false,
                        "key": String {
                          "isDoubleQuote": false,
                          "kind": "string",
                          "raw": "'b'",
                          "unicode": false,
                          "value": "b",
                        },
                        "kind": "entry",
                        "unpack": false,
                        "value": Number {
                          "kind": "number",
                          "value": "2",
                        },
                      },
                      Entry {
                        "byRef": false,
                        "key": String {
                          "isDoubleQuote": false,
                          "kind": "string",
                          "raw": "'c'",
                          "unicode": false,
                          "value": "c",
                        },
                        "kind": "entry",
                        "unpack": false,
                        "value": Number {
                          "kind": "number",
                          "value": "3",
                        },
                      },
                    ],
                    "kind": "array",
                    "shortForm": false,
                  },
                ],
                "kind": "new",
                "what": Name {
                  "kind": "name",
                  "name": "ArrayObject",
                  "resolution": "uqn",
                },
              },
            },
            "kind": "expressionstatement",
          },
          ExpressionStatement {
            "expression": Call {
              "arguments": Array [
                String {
                  "isDoubleQuote": true,
                  "kind": "string",
                  "raw": "\\"stdClass\\"",
                  "unicode": false,
                  "value": "stdClass",
                },
              ],
              "kind": "call",
              "what": PropertyLookup {
                "kind": "propertylookup",
                "offset": Identifier {
                  "kind": "identifier",
                  "name": "setIteratorClass",
                },
                "what": Variable {
                  "curly": false,
                  "kind": "variable",
                  "name": "ao",
                },
              },
            },
            "kind": "expressionstatement",
          },
          Foreach {
            "body": Block {
              "children": Array [
                Echo {
                  "expressions": Array [
                    Encapsed {
                      "kind": "encapsed",
                      "raw": "\\"  $key=>$value\\\\n\\"",
                      "type": "string",
                      "value": Array [
                        EncapsedPart {
                          "curly": false,
                          "expression": String {
                            "isDoubleQuote": false,
                            "kind": "string",
                            "raw": "  ",
                            "unicode": false,
                            "value": "  ",
                          },
                          "kind": "encapsedpart",
                          "syntax": null,
                        },
                        EncapsedPart {
                          "curly": false,
                          "expression": Variable {
                            "curly": false,
                            "kind": "variable",
                            "name": "key",
                          },
                          "kind": "encapsedpart",
                          "syntax": "simple",
                        },
                        EncapsedPart {
                          "curly": false,
                          "expression": String {
                            "isDoubleQuote": false,
                            "kind": "string",
                            "raw": "=>",
                            "unicode": false,
                            "value": "=>",
                          },
                          "kind": "encapsedpart",
                          "syntax": null,
                        },
                        EncapsedPart {
                          "curly": false,
                          "expression": Variable {
                            "curly": false,
                            "kind": "variable",
                            "name": "value",
                          },
                          "kind": "encapsedpart",
                          "syntax": "simple",
                        },
                        EncapsedPart {
                          "curly": false,
                          "expression": String {
                            "isDoubleQuote": false,
                            "kind": "string",
                            "raw": "\\\\n",
                            "unicode": false,
                            "value": "",
                          },
                          "kind": "encapsedpart",
                          "syntax": null,
                        },
                      ],
                    },
                  ],
                  "kind": "echo",
                  "shortForm": false,
                },
              ],
              "kind": "block",
            },
            "key": Variable {
              "curly": false,
              "kind": "variable",
              "name": "key",
            },
            "kind": "foreach",
            "shortForm": false,
            "source": Variable {
              "curly": false,
              "kind": "variable",
              "name": "ao",
            },
            "value": Variable {
              "curly": false,
              "kind": "variable",
              "name": "value",
            },
          },
        ],
        "kind": "block",
      },
      "catches": Array [
        Catch {
          "body": Block {
            "children": Array [
              ExpressionStatement {
                "expression": Call {
                  "arguments": Array [
                    Call {
                      "arguments": Array [],
                      "kind": "call",
                      "what": PropertyLookup {
                        "kind": "propertylookup",
                        "offset": Identifier {
                          "kind": "identifier",
                          "name": "getMessage",
                        },
                        "what": Variable {
                          "curly": false,
                          "kind": "variable",
                          "name": "e",
                        },
                      },
                    },
                  ],
                  "kind": "call",
                  "what": Name {
                    "kind": "name",
                    "name": "var_dump",
                    "resolution": "uqn",
                  },
                },
                "kind": "expressionstatement",
              },
            ],
            "kind": "block",
          },
          "kind": "catch",
          "variable": Variable {
            "curly": false,
            "kind": "variable",
            "name": "e",
          },
          "what": Array [
            Name {
              "kind": "name",
              "name": "TypeError",
              "resolution": "uqn",
            },
          ],
        },
      ],
      "kind": "try",
    },
    Try {
      "always": null,
      "body": Block {
        "children": Array [
          ExpressionStatement {
            "expression": Assign {
              "kind": "assign",
              "left": Variable {
                "curly": false,
                "kind": "variable",
                "name": "ao",
              },
              "operator": "=",
              "right": New {
                "arguments": Array [
                  Array {
                    "items": Array [
                      Entry {
                        "byRef": false,
                        "key": String {
                          "isDoubleQuote": false,
                          "kind": "string",
                          "raw": "'a'",
                          "unicode": false,
                          "value": "a",
                        },
                        "kind": "entry",
                        "unpack": false,
                        "value": Number {
                          "kind": "number",
                          "value": "1",
                        },
                      },
                      Entry {
                        "byRef": false,
                        "key": String {
                          "isDoubleQuote": false,
                          "kind": "string",
                          "raw": "'b'",
                          "unicode": false,
                          "value": "b",
                        },
                        "kind": "entry",
                        "unpack": false,
                        "value": Number {
                          "kind": "number",
                          "value": "2",
                        },
                      },
                      Entry {
                        "byRef": false,
                        "key": String {
                          "isDoubleQuote": false,
                          "kind": "string",
                          "raw": "'c'",
                          "unicode": false,
                          "value": "c",
                        },
                        "kind": "entry",
                        "unpack": false,
                        "value": Number {
                          "kind": "number",
                          "value": "3",
                        },
                      },
                    ],
                    "kind": "array",
                    "shortForm": false,
                  },
                  Number {
                    "kind": "number",
                    "value": "0",
                  },
                  String {
                    "isDoubleQuote": true,
                    "kind": "string",
                    "raw": "\\"nonExistentClass\\"",
                    "unicode": false,
                    "value": "nonExistentClass",
                  },
                ],
                "kind": "new",
                "what": Name {
                  "kind": "name",
                  "name": "ArrayObject",
                  "resolution": "uqn",
                },
              },
            },
            "kind": "expressionstatement",
          },
          Foreach {
            "body": Block {
              "children": Array [
                Echo {
                  "expressions": Array [
                    Encapsed {
                      "kind": "encapsed",
                      "raw": "\\"  $key=>$value\\\\n\\"",
                      "type": "string",
                      "value": Array [
                        EncapsedPart {
                          "curly": false,
                          "expression": String {
                            "isDoubleQuote": false,
                            "kind": "string",
                            "raw": "  ",
                            "unicode": false,
                            "value": "  ",
                          },
                          "kind": "encapsedpart",
                          "syntax": null,
                        },
                        EncapsedPart {
                          "curly": false,
                          "expression": Variable {
                            "curly": false,
                            "kind": "variable",
                            "name": "key",
                          },
                          "kind": "encapsedpart",
                          "syntax": "simple",
                        },
                        EncapsedPart {
                          "curly": false,
                          "expression": String {
                            "isDoubleQuote": false,
                            "kind": "string",
                            "raw": "=>",
                            "unicode": false,
                            "value": "=>",
                          },
                          "kind": "encapsedpart",
                          "syntax": null,
                        },
                        EncapsedPart {
                          "curly": false,
                          "expression": Variable {
                            "curly": false,
                            "kind": "variable",
                            "name": "value",
                          },
                          "kind": "encapsedpart",
                          "syntax": "simple",
                        },
                        EncapsedPart {
                          "curly": false,
                          "expression": String {
                            "isDoubleQuote": false,
                            "kind": "string",
                            "raw": "\\\\n",
                            "unicode": false,
                            "value": "",
                          },
                          "kind": "encapsedpart",
                          "syntax": null,
                        },
                      ],
                    },
                  ],
                  "kind": "echo",
                  "shortForm": false,
                },
              ],
              "kind": "block",
            },
            "key": Variable {
              "curly": false,
              "kind": "variable",
              "name": "key",
            },
            "kind": "foreach",
            "shortForm": false,
            "source": Variable {
              "curly": false,
              "kind": "variable",
              "name": "ao",
            },
            "value": Variable {
              "curly": false,
              "kind": "variable",
              "name": "value",
            },
          },
        ],
        "kind": "block",
      },
      "catches": Array [
        Catch {
          "body": Block {
            "children": Array [
              ExpressionStatement {
                "expression": Call {
                  "arguments": Array [
                    Call {
                      "arguments": Array [],
                      "kind": "call",
                      "what": PropertyLookup {
                        "kind": "propertylookup",
                        "offset": Identifier {
                          "kind": "identifier",
                          "name": "getMessage",
                        },
                        "what": Variable {
                          "curly": false,
                          "kind": "variable",
                          "name": "e",
                        },
                      },
                    },
                  ],
                  "kind": "call",
                  "what": Name {
                    "kind": "name",
                    "name": "var_dump",
                    "resolution": "uqn",
                  },
                },
                "kind": "expressionstatement",
              },
            ],
            "kind": "block",
          },
          "kind": "catch",
          "variable": Variable {
            "curly": false,
            "kind": "variable",
            "name": "e",
          },
          "what": Array [
            Name {
              "kind": "name",
              "name": "TypeError",
              "resolution": "uqn",
            },
          ],
        },
      ],
      "kind": "try",
    },
    Try {
      "always": null,
      "body": Block {
        "children": Array [
          ExpressionStatement {
            "expression": Assign {
              "kind": "assign",
              "left": Variable {
                "curly": false,
                "kind": "variable",
                "name": "ao",
              },
              "operator": "=",
              "right": New {
                "arguments": Array [
                  Array {
                    "items": Array [
                      Entry {
                        "byRef": false,
                        "key": String {
                          "isDoubleQuote": false,
                          "kind": "string",
                          "raw": "'a'",
                          "unicode": false,
                          "value": "a",
                        },
                        "kind": "entry",
                        "unpack": false,
                        "value": Number {
                          "kind": "number",
                          "value": "1",
                        },
                      },
                      Entry {
                        "byRef": false,
                        "key": String {
                          "isDoubleQuote": false,
                          "kind": "string",
                          "raw": "'b'",
                          "unicode": false,
                          "value": "b",
                        },
                        "kind": "entry",
                        "unpack": false,
                        "value": Number {
                          "kind": "number",
                          "value": "2",
                        },
                      },
                      Entry {
                        "byRef": false,
                        "key": String {
                          "isDoubleQuote": false,
                          "kind": "string",
                          "raw": "'c'",
                          "unicode": false,
                          "value": "c",
                        },
                        "kind": "entry",
                        "unpack": false,
                        "value": Number {
                          "kind": "number",
                          "value": "3",
                        },
                      },
                    ],
                    "kind": "array",
                    "shortForm": false,
                  },
                  Number {
                    "kind": "number",
                    "value": "0",
                  },
                  String {
                    "isDoubleQuote": true,
                    "kind": "string",
                    "raw": "\\"stdClass\\"",
                    "unicode": false,
                    "value": "stdClass",
                  },
                ],
                "kind": "new",
                "what": Name {
                  "kind": "name",
                  "name": "ArrayObject",
                  "resolution": "uqn",
                },
              },
            },
            "kind": "expressionstatement",
          },
          Foreach {
            "body": Block {
              "children": Array [
                Echo {
                  "expressions": Array [
                    Encapsed {
                      "kind": "encapsed",
                      "raw": "\\"  $key=>$value\\\\n\\"",
                      "type": "string",
                      "value": Array [
                        EncapsedPart {
                          "curly": false,
                          "expression": String {
                            "isDoubleQuote": false,
                            "kind": "string",
                            "raw": "  ",
                            "unicode": false,
                            "value": "  ",
                          },
                          "kind": "encapsedpart",
                          "syntax": null,
                        },
                        EncapsedPart {
                          "curly": false,
                          "expression": Variable {
                            "curly": false,
                            "kind": "variable",
                            "name": "key",
                          },
                          "kind": "encapsedpart",
                          "syntax": "simple",
                        },
                        EncapsedPart {
                          "curly": false,
                          "expression": String {
                            "isDoubleQuote": false,
                            "kind": "string",
                            "raw": "=>",
                            "unicode": false,
                            "value": "=>",
                          },
                          "kind": "encapsedpart",
                          "syntax": null,
                        },
                        EncapsedPart {
                          "curly": false,
                          "expression": Variable {
                            "curly": false,
                            "kind": "variable",
                            "name": "value",
                          },
                          "kind": "encapsedpart",
                          "syntax": "simple",
                        },
                        EncapsedPart {
                          "curly": false,
                          "expression": String {
                            "isDoubleQuote": false,
                            "kind": "string",
                            "raw": "\\\\n",
                            "unicode": false,
                            "value": "",
                          },
                          "kind": "encapsedpart",
                          "syntax": null,
                        },
                      ],
                    },
                  ],
                  "kind": "echo",
                  "shortForm": false,
                },
              ],
              "kind": "block",
            },
            "key": Variable {
              "curly": false,
              "kind": "variable",
              "name": "key",
            },
            "kind": "foreach",
            "shortForm": false,
            "source": Variable {
              "curly": false,
              "kind": "variable",
              "name": "ao",
            },
            "value": Variable {
              "curly": false,
              "kind": "variable",
              "name": "value",
            },
          },
        ],
        "kind": "block",
      },
      "catches": Array [
        Catch {
          "body": Block {
            "children": Array [
              ExpressionStatement {
                "expression": Call {
                  "arguments": Array [
                    Call {
                      "arguments": Array [],
                      "kind": "call",
                      "what": PropertyLookup {
                        "kind": "propertylookup",
                        "offset": Identifier {
                          "kind": "identifier",
                          "name": "getMessage",
                        },
                        "what": Variable {
                          "curly": false,
                          "kind": "variable",
                          "name": "e",
                        },
                      },
                    },
                  ],
                  "kind": "call",
                  "what": Name {
                    "kind": "name",
                    "name": "var_dump",
                    "resolution": "uqn",
                  },
                },
                "kind": "expressionstatement",
              },
            ],
            "kind": "block",
          },
          "kind": "catch",
          "variable": Variable {
            "curly": false,
            "kind": "variable",
            "name": "e",
          },
          "what": Array [
            Name {
              "kind": "name",
              "name": "TypeError",
              "resolution": "uqn",
            },
          ],
        },
      ],
      "kind": "try",
    },
  ],
  "errors": Array [],
  "kind": "program",
}
`;
