// Jest Snapshot v1, https://goo.gl/fbAQLP

exports[`php-src tests Test token_get_all() function : usage variations - with HTML code 1`] = `
Program {
  "children": Array [
    Echo {
      "expressions": Array [
        String {
          "isDoubleQuote": true,
          "kind": "string",
          "raw": "\\"*** Testing token_get_all() : 'source' string with HTML tags ***\\\\n\\"",
          "unicode": false,
          "value": "*** Testing token_get_all() : 'source' string with HTML tags ***
",
        },
      ],
      "kind": "echo",
      "shortForm": false,
    },
    ExpressionStatement {
      "expression": Assign {
        "kind": "assign",
        "left": Variable {
          "curly": false,
          "kind": "variable",
          "name": "source",
        },
        "operator": "=",
        "right": String {
          "isDoubleQuote": false,
          "kind": "string",
          "raw": "'
<html>
<body>
    Testing HTML
</body>
</html>\\"
<?php
    echo \\"php code with HTML\\";
?>'",
          "unicode": false,
          "value": "
<html>
<body>
    Testing HTML
</body>
</html>\\"
<?php
    echo \\"php code with HTML\\";
?>",
        },
      },
      "kind": "expressionstatement",
    },
    ExpressionStatement {
      "expression": Call {
        "arguments": Array [
          Call {
            "arguments": Array [
              Variable {
                "curly": false,
                "kind": "variable",
                "name": "source",
              },
            ],
            "kind": "call",
            "what": Name {
              "kind": "name",
              "name": "token_get_all",
              "resolution": "uqn",
            },
          },
        ],
        "kind": "call",
        "what": Name {
          "kind": "name",
          "name": "var_dump",
          "resolution": "uqn",
        },
      },
      "kind": "expressionstatement",
    },
    Echo {
      "expressions": Array [
        String {
          "isDoubleQuote": true,
          "kind": "string",
          "raw": "\\"Done\\"",
          "unicode": false,
          "value": "Done",
        },
      ],
      "kind": "echo",
      "shortForm": false,
    },
  ],
  "errors": Array [],
  "kind": "program",
}
`;
