// Jest Snapshot v1, https://goo.gl/fbAQLP

exports[`php-src tests Bug #46274 (pdo_pgsql - Segfault when using PDO::ATTR_STRINGIFY_FETCHES and blob) 1`] = `
Program {
  "children": Array [
    ExpressionStatement {
      "expression": Include {
        "kind": "include",
        "once": false,
        "require": true,
        "target": String {
          "isDoubleQuote": false,
          "kind": "string",
          "raw": "'ext/pdo/tests/pdo_test.inc'",
          "unicode": false,
          "value": "ext/pdo/tests/pdo_test.inc",
        },
      },
      "kind": "expressionstatement",
    },
    ExpressionStatement {
      "expression": Assign {
        "kind": "assign",
        "left": Variable {
          "curly": false,
          "kind": "variable",
          "name": "db",
        },
        "operator": "=",
        "right": Call {
          "arguments": Array [
            String {
              "isDoubleQuote": false,
              "kind": "string",
              "raw": "'ext/pdo_oci/tests/common.phpt'",
              "unicode": false,
              "value": "ext/pdo_oci/tests/common.phpt",
            },
          ],
          "kind": "call",
          "what": StaticLookup {
            "kind": "staticlookup",
            "offset": Identifier {
              "kind": "identifier",
              "name": "test_factory",
            },
            "what": Name {
              "kind": "name",
              "name": "PDOTest",
              "resolution": "uqn",
            },
          },
        },
      },
      "kind": "expressionstatement",
    },
    ExpressionStatement {
      "expression": Call {
        "arguments": Array [
          StaticLookup {
            "kind": "staticlookup",
            "offset": Identifier {
              "kind": "identifier",
              "name": "ATTR_ERRMODE",
            },
            "what": Name {
              "kind": "name",
              "name": "PDO",
              "resolution": "uqn",
            },
          },
          StaticLookup {
            "kind": "staticlookup",
            "offset": Identifier {
              "kind": "identifier",
              "name": "ERRMODE_EXCEPTION",
            },
            "what": Name {
              "kind": "name",
              "name": "PDO",
              "resolution": "uqn",
            },
          },
        ],
        "kind": "call",
        "what": PropertyLookup {
          "kind": "propertylookup",
          "offset": Identifier {
            "kind": "identifier",
            "name": "setAttribute",
          },
          "what": Variable {
            "curly": false,
            "kind": "variable",
            "name": "db",
          },
        },
      },
      "kind": "expressionstatement",
    },
    ExpressionStatement {
      "expression": Call {
        "arguments": Array [
          StaticLookup {
            "kind": "staticlookup",
            "offset": Identifier {
              "kind": "identifier",
              "name": "ATTR_STRINGIFY_FETCHES",
            },
            "what": Name {
              "kind": "name",
              "name": "PDO",
              "resolution": "uqn",
            },
          },
          Boolean {
            "kind": "boolean",
            "raw": "false",
            "value": false,
          },
        ],
        "kind": "call",
        "what": PropertyLookup {
          "kind": "propertylookup",
          "offset": Identifier {
            "kind": "identifier",
            "name": "setAttribute",
          },
          "what": Variable {
            "curly": false,
            "kind": "variable",
            "name": "db",
          },
        },
      },
      "kind": "expressionstatement",
    },
    Try {
      "always": null,
      "body": Block {
        "children": Array [
          ExpressionStatement {
            "expression": Call {
              "arguments": Array [
                String {
                  "isDoubleQuote": true,
                  "kind": "string",
                  "raw": "\\"DROP TABLE test_one_blob\\"",
                  "unicode": false,
                  "value": "DROP TABLE test_one_blob",
                },
              ],
              "kind": "call",
              "what": PropertyLookup {
                "kind": "propertylookup",
                "offset": Identifier {
                  "kind": "identifier",
                  "name": "exec",
                },
                "what": Variable {
                  "curly": false,
                  "kind": "variable",
                  "name": "db",
                },
              },
            },
            "kind": "expressionstatement",
          },
        ],
        "kind": "block",
      },
      "catches": Array [
        Catch {
          "body": Block {
            "children": Array [],
            "kind": "block",
          },
          "kind": "catch",
          "variable": Variable {
            "curly": false,
            "kind": "variable",
            "name": "e",
          },
          "what": Array [
            Name {
              "kind": "name",
              "name": "Exception",
              "resolution": "uqn",
            },
          ],
        },
      ],
      "kind": "try",
    },
    ExpressionStatement {
      "expression": Call {
        "arguments": Array [],
        "kind": "call",
        "what": PropertyLookup {
          "kind": "propertylookup",
          "offset": Identifier {
            "kind": "identifier",
            "name": "beginTransaction",
          },
          "what": Variable {
            "curly": false,
            "kind": "variable",
            "name": "db",
          },
        },
      },
      "kind": "expressionstatement",
    },
    ExpressionStatement {
      "expression": Call {
        "arguments": Array [
          String {
            "isDoubleQuote": false,
            "kind": "string",
            "raw": "'CREATE TABLE test_one_blob (id INT NOT NULL, blob1 BLOB)'",
            "unicode": false,
            "value": "CREATE TABLE test_one_blob (id INT NOT NULL, blob1 BLOB)",
          },
        ],
        "kind": "call",
        "what": PropertyLookup {
          "kind": "propertylookup",
          "offset": Identifier {
            "kind": "identifier",
            "name": "query",
          },
          "what": Variable {
            "curly": false,
            "kind": "variable",
            "name": "db",
          },
        },
      },
      "kind": "expressionstatement",
    },
    ExpressionStatement {
      "expression": Assign {
        "kind": "assign",
        "left": Variable {
          "curly": false,
          "kind": "variable",
          "name": "stmt",
        },
        "operator": "=",
        "right": Call {
          "arguments": Array [
            String {
              "isDoubleQuote": true,
              "kind": "string",
              "raw": "\\"INSERT INTO test_one_blob (id, blob1) VALUES (:id, EMPTY_BLOB()) RETURNING blob1 INTO :foo\\"",
              "unicode": false,
              "value": "INSERT INTO test_one_blob (id, blob1) VALUES (:id, EMPTY_BLOB()) RETURNING blob1 INTO :foo",
            },
          ],
          "kind": "call",
          "what": PropertyLookup {
            "kind": "propertylookup",
            "offset": Identifier {
              "kind": "identifier",
              "name": "prepare",
            },
            "what": Variable {
              "curly": false,
              "kind": "variable",
              "name": "db",
            },
          },
        },
      },
      "kind": "expressionstatement",
    },
    ExpressionStatement {
      "expression": Assign {
        "kind": "assign",
        "left": Variable {
          "curly": false,
          "kind": "variable",
          "name": "data",
        },
        "operator": "=",
        "right": String {
          "isDoubleQuote": false,
          "kind": "string",
          "raw": "'foo'",
          "unicode": false,
          "value": "foo",
        },
      },
      "kind": "expressionstatement",
    },
    ExpressionStatement {
      "expression": Assign {
        "kind": "assign",
        "left": Variable {
          "curly": false,
          "kind": "variable",
          "name": "blob",
        },
        "operator": "=",
        "right": Call {
          "arguments": Array [
            String {
              "isDoubleQuote": false,
              "kind": "string",
              "raw": "'php://memory'",
              "unicode": false,
              "value": "php://memory",
            },
            String {
              "isDoubleQuote": false,
              "kind": "string",
              "raw": "'a'",
              "unicode": false,
              "value": "a",
            },
          ],
          "kind": "call",
          "what": Name {
            "kind": "name",
            "name": "fopen",
            "resolution": "uqn",
          },
        },
      },
      "kind": "expressionstatement",
    },
    ExpressionStatement {
      "expression": Call {
        "arguments": Array [
          Variable {
            "curly": false,
            "kind": "variable",
            "name": "blob",
          },
          Variable {
            "curly": false,
            "kind": "variable",
            "name": "data",
          },
        ],
        "kind": "call",
        "what": Name {
          "kind": "name",
          "name": "fwrite",
          "resolution": "uqn",
        },
      },
      "kind": "expressionstatement",
    },
    ExpressionStatement {
      "expression": Call {
        "arguments": Array [
          Variable {
            "curly": false,
            "kind": "variable",
            "name": "blob",
          },
        ],
        "kind": "call",
        "what": Name {
          "kind": "name",
          "name": "rewind",
          "resolution": "uqn",
        },
      },
      "kind": "expressionstatement",
    },
    ExpressionStatement {
      "expression": Assign {
        "kind": "assign",
        "left": Variable {
          "curly": false,
          "kind": "variable",
          "name": "id",
        },
        "operator": "=",
        "right": Number {
          "kind": "number",
          "value": "1",
        },
      },
      "kind": "expressionstatement",
    },
    ExpressionStatement {
      "expression": Call {
        "arguments": Array [
          String {
            "isDoubleQuote": false,
            "kind": "string",
            "raw": "':id'",
            "unicode": false,
            "value": ":id",
          },
          Variable {
            "curly": false,
            "kind": "variable",
            "name": "id",
          },
        ],
        "kind": "call",
        "what": PropertyLookup {
          "kind": "propertylookup",
          "offset": Identifier {
            "kind": "identifier",
            "name": "bindparam",
          },
          "what": Variable {
            "curly": false,
            "kind": "variable",
            "name": "stmt",
          },
        },
      },
      "kind": "expressionstatement",
    },
    ExpressionStatement {
      "expression": Call {
        "arguments": Array [
          String {
            "isDoubleQuote": false,
            "kind": "string",
            "raw": "':foo'",
            "unicode": false,
            "value": ":foo",
          },
          Variable {
            "curly": false,
            "kind": "variable",
            "name": "blob",
          },
          StaticLookup {
            "kind": "staticlookup",
            "offset": Identifier {
              "kind": "identifier",
              "name": "PARAM_LOB",
            },
            "what": Name {
              "kind": "name",
              "name": "PDO",
              "resolution": "uqn",
            },
          },
        ],
        "kind": "call",
        "what": PropertyLookup {
          "kind": "propertylookup",
          "offset": Identifier {
            "kind": "identifier",
            "name": "bindparam",
          },
          "what": Variable {
            "curly": false,
            "kind": "variable",
            "name": "stmt",
          },
        },
      },
      "kind": "expressionstatement",
    },
    ExpressionStatement {
      "expression": Call {
        "arguments": Array [],
        "kind": "call",
        "what": PropertyLookup {
          "kind": "propertylookup",
          "offset": Identifier {
            "kind": "identifier",
            "name": "execute",
          },
          "what": Variable {
            "curly": false,
            "kind": "variable",
            "name": "stmt",
          },
        },
      },
      "kind": "expressionstatement",
    },
    ExpressionStatement {
      "expression": Assign {
        "kind": "assign",
        "left": Variable {
          "curly": false,
          "kind": "variable",
          "name": "data",
        },
        "operator": "=",
        "right": String {
          "isDoubleQuote": false,
          "kind": "string",
          "raw": "''",
          "unicode": false,
          "value": "",
        },
      },
      "kind": "expressionstatement",
    },
    ExpressionStatement {
      "expression": Assign {
        "kind": "assign",
        "left": Variable {
          "curly": false,
          "kind": "variable",
          "name": "blob",
        },
        "operator": "=",
        "right": Call {
          "arguments": Array [
            String {
              "isDoubleQuote": false,
              "kind": "string",
              "raw": "'php://memory'",
              "unicode": false,
              "value": "php://memory",
            },
            String {
              "isDoubleQuote": false,
              "kind": "string",
              "raw": "'a'",
              "unicode": false,
              "value": "a",
            },
          ],
          "kind": "call",
          "what": Name {
            "kind": "name",
            "name": "fopen",
            "resolution": "uqn",
          },
        },
      },
      "kind": "expressionstatement",
    },
    ExpressionStatement {
      "expression": Call {
        "arguments": Array [
          Variable {
            "curly": false,
            "kind": "variable",
            "name": "blob",
          },
          Variable {
            "curly": false,
            "kind": "variable",
            "name": "data",
          },
        ],
        "kind": "call",
        "what": Name {
          "kind": "name",
          "name": "fwrite",
          "resolution": "uqn",
        },
      },
      "kind": "expressionstatement",
    },
    ExpressionStatement {
      "expression": Call {
        "arguments": Array [
          Variable {
            "curly": false,
            "kind": "variable",
            "name": "blob",
          },
        ],
        "kind": "call",
        "what": Name {
          "kind": "name",
          "name": "rewind",
          "resolution": "uqn",
        },
      },
      "kind": "expressionstatement",
    },
    ExpressionStatement {
      "expression": Assign {
        "kind": "assign",
        "left": Variable {
          "curly": false,
          "kind": "variable",
          "name": "id",
        },
        "operator": "=",
        "right": Number {
          "kind": "number",
          "value": "1",
        },
      },
      "kind": "expressionstatement",
    },
    ExpressionStatement {
      "expression": Call {
        "arguments": Array [
          String {
            "isDoubleQuote": false,
            "kind": "string",
            "raw": "':id'",
            "unicode": false,
            "value": ":id",
          },
          Variable {
            "curly": false,
            "kind": "variable",
            "name": "id",
          },
        ],
        "kind": "call",
        "what": PropertyLookup {
          "kind": "propertylookup",
          "offset": Identifier {
            "kind": "identifier",
            "name": "bindparam",
          },
          "what": Variable {
            "curly": false,
            "kind": "variable",
            "name": "stmt",
          },
        },
      },
      "kind": "expressionstatement",
    },
    ExpressionStatement {
      "expression": Call {
        "arguments": Array [
          String {
            "isDoubleQuote": false,
            "kind": "string",
            "raw": "':foo'",
            "unicode": false,
            "value": ":foo",
          },
          Variable {
            "curly": false,
            "kind": "variable",
            "name": "blob",
          },
          StaticLookup {
            "kind": "staticlookup",
            "offset": Identifier {
              "kind": "identifier",
              "name": "PARAM_LOB",
            },
            "what": Name {
              "kind": "name",
              "name": "PDO",
              "resolution": "uqn",
            },
          },
        ],
        "kind": "call",
        "what": PropertyLookup {
          "kind": "propertylookup",
          "offset": Identifier {
            "kind": "identifier",
            "name": "bindparam",
          },
          "what": Variable {
            "curly": false,
            "kind": "variable",
            "name": "stmt",
          },
        },
      },
      "kind": "expressionstatement",
    },
    ExpressionStatement {
      "expression": Call {
        "arguments": Array [],
        "kind": "call",
        "what": PropertyLookup {
          "kind": "propertylookup",
          "offset": Identifier {
            "kind": "identifier",
            "name": "execute",
          },
          "what": Variable {
            "curly": false,
            "kind": "variable",
            "name": "stmt",
          },
        },
      },
      "kind": "expressionstatement",
    },
    ExpressionStatement {
      "expression": Assign {
        "kind": "assign",
        "left": Variable {
          "curly": false,
          "kind": "variable",
          "name": "res",
        },
        "operator": "=",
        "right": Call {
          "arguments": Array [
            String {
              "isDoubleQuote": true,
              "kind": "string",
              "raw": "\\"SELECT blob1 from test_one_blob\\"",
              "unicode": false,
              "value": "SELECT blob1 from test_one_blob",
            },
          ],
          "kind": "call",
          "what": PropertyLookup {
            "kind": "propertylookup",
            "offset": Identifier {
              "kind": "identifier",
              "name": "query",
            },
            "what": Variable {
              "curly": false,
              "kind": "variable",
              "name": "db",
            },
          },
        },
      },
      "kind": "expressionstatement",
    },
    ExpressionStatement {
      "expression": Call {
        "arguments": Array [
          Assign {
            "kind": "assign",
            "left": Variable {
              "curly": false,
              "kind": "variable",
              "name": "row",
            },
            "operator": "=",
            "right": Call {
              "arguments": Array [],
              "kind": "call",
              "what": PropertyLookup {
                "kind": "propertylookup",
                "offset": Identifier {
                  "kind": "identifier",
                  "name": "fetch",
                },
                "what": Variable {
                  "curly": false,
                  "kind": "variable",
                  "name": "res",
                },
              },
            },
          },
        ],
        "kind": "call",
        "what": Name {
          "kind": "name",
          "name": "var_dump",
          "resolution": "uqn",
        },
      },
      "kind": "expressionstatement",
    },
    ExpressionStatement {
      "expression": Call {
        "arguments": Array [
          Call {
            "arguments": Array [
              OffsetLookup {
                "kind": "offsetlookup",
                "offset": Number {
                  "kind": "number",
                  "value": "0",
                },
                "what": Variable {
                  "curly": false,
                  "kind": "variable",
                  "name": "row",
                },
              },
              Number {
                "kind": "number",
                "value": "1024",
              },
            ],
            "kind": "call",
            "what": Name {
              "kind": "name",
              "name": "fread",
              "resolution": "uqn",
            },
          },
        ],
        "kind": "call",
        "what": Name {
          "kind": "name",
          "name": "var_dump",
          "resolution": "uqn",
        },
      },
      "kind": "expressionstatement",
    },
    ExpressionStatement {
      "expression": Call {
        "arguments": Array [
          OffsetLookup {
            "kind": "offsetlookup",
            "offset": Number {
              "kind": "number",
              "value": "0",
            },
            "what": Variable {
              "curly": false,
              "kind": "variable",
              "name": "row",
            },
          },
        ],
        "kind": "call",
        "what": Name {
          "kind": "name",
          "name": "fclose",
          "resolution": "uqn",
        },
      },
      "kind": "expressionstatement",
    },
    ExpressionStatement {
      "expression": Call {
        "arguments": Array [
          Assign {
            "kind": "assign",
            "left": Variable {
              "curly": false,
              "kind": "variable",
              "name": "row",
            },
            "operator": "=",
            "right": Call {
              "arguments": Array [],
              "kind": "call",
              "what": PropertyLookup {
                "kind": "propertylookup",
                "offset": Identifier {
                  "kind": "identifier",
                  "name": "fetch",
                },
                "what": Variable {
                  "curly": false,
                  "kind": "variable",
                  "name": "res",
                },
              },
            },
          },
        ],
        "kind": "call",
        "what": Name {
          "kind": "name",
          "name": "var_dump",
          "resolution": "uqn",
        },
      },
      "kind": "expressionstatement",
    },
    ExpressionStatement {
      "expression": Call {
        "arguments": Array [
          Call {
            "arguments": Array [
              OffsetLookup {
                "kind": "offsetlookup",
                "offset": Number {
                  "kind": "number",
                  "value": "0",
                },
                "what": Variable {
                  "curly": false,
                  "kind": "variable",
                  "name": "row",
                },
              },
              Number {
                "kind": "number",
                "value": "1024",
              },
            ],
            "kind": "call",
            "what": Name {
              "kind": "name",
              "name": "fread",
              "resolution": "uqn",
            },
          },
        ],
        "kind": "call",
        "what": Name {
          "kind": "name",
          "name": "var_dump",
          "resolution": "uqn",
        },
      },
      "kind": "expressionstatement",
    },
    ExpressionStatement {
      "expression": Call {
        "arguments": Array [
          OffsetLookup {
            "kind": "offsetlookup",
            "offset": Number {
              "kind": "number",
              "value": "0",
            },
            "what": Variable {
              "curly": false,
              "kind": "variable",
              "name": "row",
            },
          },
        ],
        "kind": "call",
        "what": Name {
          "kind": "name",
          "name": "fclose",
          "resolution": "uqn",
        },
      },
      "kind": "expressionstatement",
    },
    ExpressionStatement {
      "expression": Call {
        "arguments": Array [
          String {
            "isDoubleQuote": true,
            "kind": "string",
            "raw": "\\"DROP TABLE test_one_blob\\"",
            "unicode": false,
            "value": "DROP TABLE test_one_blob",
          },
        ],
        "kind": "call",
        "what": PropertyLookup {
          "kind": "propertylookup",
          "offset": Identifier {
            "kind": "identifier",
            "name": "exec",
          },
          "what": Variable {
            "curly": false,
            "kind": "variable",
            "name": "db",
          },
        },
      },
      "kind": "expressionstatement",
    },
  ],
  "errors": Array [],
  "kind": "program",
}
`;
