// Jest Snapshot v1, https://goo.gl/fbAQLP

exports[`php-src tests var_export(): simple test with arrays and objects 1`] = `
Program {
  "children": Array [
    Echo {
      "expressions": Array [
        String {
          "isDoubleQuote": true,
          "kind": "string",
          "raw": "\\"\\\\n\\\\n-- Var export on a simple  object --\\\\n\\"",
          "unicode": false,
          "value": "

-- Var export on a simple  object --
",
        },
      ],
      "kind": "echo",
      "shortForm": false,
    },
    ExpressionStatement {
      "expression": Assign {
        "kind": "assign",
        "left": Variable {
          "curly": false,
          "kind": "variable",
          "name": "o1",
        },
        "operator": "=",
        "right": New {
          "arguments": Array [],
          "kind": "new",
          "what": Name {
            "kind": "name",
            "name": "stdclass",
            "resolution": "uqn",
          },
        },
      },
      "kind": "expressionstatement",
    },
    ExpressionStatement {
      "expression": Assign {
        "kind": "assign",
        "left": PropertyLookup {
          "kind": "propertylookup",
          "offset": Identifier {
            "kind": "identifier",
            "name": "p",
          },
          "what": Variable {
            "curly": false,
            "kind": "variable",
            "name": "o1",
          },
        },
        "operator": "=",
        "right": String {
          "isDoubleQuote": false,
          "kind": "string",
          "raw": "'22'",
          "unicode": false,
          "value": "22",
        },
      },
      "kind": "expressionstatement",
    },
    ExpressionStatement {
      "expression": Assign {
        "kind": "assign",
        "left": Variable {
          "curly": false,
          "kind": "variable",
          "name": "o2",
        },
        "operator": "=",
        "right": New {
          "arguments": Array [],
          "kind": "new",
          "what": Name {
            "kind": "name",
            "name": "stdclass",
            "resolution": "uqn",
          },
        },
      },
      "kind": "expressionstatement",
    },
    ExpressionStatement {
      "expression": Assign {
        "kind": "assign",
        "left": PropertyLookup {
          "kind": "propertylookup",
          "offset": Identifier {
            "kind": "identifier",
            "name": "a",
          },
          "what": Variable {
            "curly": false,
            "kind": "variable",
            "name": "o2",
          },
        },
        "operator": "=",
        "right": Number {
          "kind": "number",
          "value": "1",
        },
      },
      "kind": "expressionstatement",
    },
    ExpressionStatement {
      "expression": Assign {
        "kind": "assign",
        "left": PropertyLookup {
          "kind": "propertylookup",
          "offset": Identifier {
            "kind": "identifier",
            "name": "b",
          },
          "what": Variable {
            "curly": false,
            "kind": "variable",
            "name": "o2",
          },
        },
        "operator": "=",
        "right": Array {
          "items": Array [
            Entry {
              "byRef": false,
              "key": String {
                "isDoubleQuote": false,
                "kind": "string",
                "raw": "'k'",
                "unicode": false,
                "value": "k",
              },
              "kind": "entry",
              "unpack": false,
              "value": Number {
                "kind": "number",
                "value": "2",
              },
            },
          ],
          "kind": "array",
          "shortForm": false,
        },
      },
      "kind": "expressionstatement",
    },
    ExpressionStatement {
      "expression": Assign {
        "kind": "assign",
        "left": PropertyLookup {
          "kind": "propertylookup",
          "offset": Identifier {
            "kind": "identifier",
            "name": "x",
          },
          "what": Variable {
            "curly": false,
            "kind": "variable",
            "name": "o2",
          },
        },
        "operator": "=",
        "right": Variable {
          "curly": false,
          "kind": "variable",
          "name": "o1",
        },
      },
      "kind": "expressionstatement",
    },
    ExpressionStatement {
      "expression": Call {
        "arguments": Array [
          Variable {
            "curly": false,
            "kind": "variable",
            "name": "o2",
          },
        ],
        "kind": "call",
        "what": Name {
          "kind": "name",
          "name": "var_export",
          "resolution": "uqn",
        },
      },
      "kind": "expressionstatement",
    },
    Echo {
      "expressions": Array [
        String {
          "isDoubleQuote": true,
          "kind": "string",
          "raw": "\\"\\\\n\\\\n-- Var export on an simple array --\\\\n\\"",
          "unicode": false,
          "value": "

-- Var export on an simple array --
",
        },
      ],
      "kind": "echo",
      "shortForm": false,
    },
    ExpressionStatement {
      "expression": Assign {
        "kind": "assign",
        "left": Variable {
          "curly": false,
          "kind": "variable",
          "name": "a",
        },
        "operator": "=",
        "right": Array {
          "items": Array [
            Entry {
              "byRef": false,
              "key": null,
              "kind": "entry",
              "unpack": false,
              "value": Number {
                "kind": "number",
                "value": "1",
              },
            },
            Entry {
              "byRef": false,
              "key": null,
              "kind": "entry",
              "unpack": false,
              "value": Number {
                "kind": "number",
                "value": "2",
              },
            },
            Entry {
              "byRef": false,
              "key": null,
              "kind": "entry",
              "unpack": false,
              "value": Number {
                "kind": "number",
                "value": "3",
              },
            },
            Entry {
              "byRef": false,
              "key": null,
              "kind": "entry",
              "unpack": false,
              "value": Number {
                "kind": "number",
                "value": "4",
              },
            },
          ],
          "kind": "array",
          "shortForm": false,
        },
      },
      "kind": "expressionstatement",
    },
    ExpressionStatement {
      "expression": Call {
        "arguments": Array [
          Variable {
            "curly": false,
            "kind": "variable",
            "name": "a",
          },
        ],
        "kind": "call",
        "what": Name {
          "kind": "name",
          "name": "var_export",
          "resolution": "uqn",
        },
      },
      "kind": "expressionstatement",
    },
    Echo {
      "expressions": Array [
        String {
          "isDoubleQuote": true,
          "kind": "string",
          "raw": "\\"\\\\n\\\\n-- Var export on an nested array --\\\\n\\"",
          "unicode": false,
          "value": "

-- Var export on an nested array --
",
        },
      ],
      "kind": "echo",
      "shortForm": false,
    },
    ExpressionStatement {
      "expression": Assign {
        "kind": "assign",
        "left": Variable {
          "curly": false,
          "kind": "variable",
          "name": "a",
        },
        "operator": "=",
        "right": Array {
          "items": Array [
            Entry {
              "byRef": false,
              "key": String {
                "isDoubleQuote": false,
                "kind": "string",
                "raw": "'one'",
                "unicode": false,
                "value": "one",
              },
              "kind": "entry",
              "unpack": false,
              "value": String {
                "isDoubleQuote": false,
                "kind": "string",
                "raw": "'first'",
                "unicode": false,
                "value": "first",
              },
            },
          ],
          "kind": "array",
          "shortForm": false,
        },
      },
      "kind": "expressionstatement",
    },
    ExpressionStatement {
      "expression": Assign {
        "kind": "assign",
        "left": Variable {
          "curly": false,
          "kind": "variable",
          "name": "b",
        },
        "operator": "=",
        "right": Array {
          "items": Array [
            Entry {
              "byRef": false,
              "key": String {
                "isDoubleQuote": false,
                "kind": "string",
                "raw": "'foo'",
                "unicode": false,
                "value": "foo",
              },
              "kind": "entry",
              "unpack": false,
              "value": Variable {
                "curly": false,
                "kind": "variable",
                "name": "a",
              },
            },
            Entry {
              "byRef": false,
              "key": String {
                "isDoubleQuote": false,
                "kind": "string",
                "raw": "'bar'",
                "unicode": false,
                "value": "bar",
              },
              "kind": "entry",
              "unpack": false,
              "value": Variable {
                "curly": false,
                "kind": "variable",
                "name": "o2",
              },
            },
          ],
          "kind": "array",
          "shortForm": false,
        },
      },
      "kind": "expressionstatement",
    },
    ExpressionStatement {
      "expression": Call {
        "arguments": Array [
          Variable {
            "curly": false,
            "kind": "variable",
            "name": "b",
          },
        ],
        "kind": "call",
        "what": Name {
          "kind": "name",
          "name": "var_export",
          "resolution": "uqn",
        },
      },
      "kind": "expressionstatement",
    },
    Inline {
      "kind": "inline",
      "raw": "
===DONE===",
      "value": "===DONE===",
    },
  ],
  "errors": Array [],
  "kind": "program",
}
`;
