// Jest Snapshot v1, https://goo.gl/fbAQLP

exports[`php-src tests Bug #20528 (preg_split() drops characters (re-opens Bug #15413)) 1`] = `
Program {
  "children": Array [
    ExpressionStatement {
      "expression": Assign {
        "kind": "assign",
        "left": Variable {
          "curly": false,
          "kind": "variable",
          "name": "data",
        },
        "operator": "=",
        "right": String {
          "isDoubleQuote": false,
          "kind": "string",
          "raw": "'(#11/19/2002#)'",
          "unicode": false,
          "value": "(#11/19/2002#)",
        },
      },
      "kind": "expressionstatement",
    },
    ExpressionStatement {
      "expression": Call {
        "arguments": Array [
          Call {
            "arguments": Array [
              String {
                "isDoubleQuote": false,
                "kind": "string",
                "raw": "'/\\\\b/'",
                "unicode": false,
                "value": "/\\\\b/",
              },
              Variable {
                "curly": false,
                "kind": "variable",
                "name": "data",
              },
            ],
            "kind": "call",
            "what": Name {
              "kind": "name",
              "name": "preg_split",
              "resolution": "uqn",
            },
          },
        ],
        "kind": "call",
        "what": Name {
          "kind": "name",
          "name": "var_dump",
          "resolution": "uqn",
        },
      },
      "kind": "expressionstatement",
    },
  ],
  "errors": Array [],
  "kind": "program",
}
`;
