// Jest Snapshot v1, https://goo.gl/fbAQLP

exports[`php-src tests mysqli_get_server_info() 1`] = `
Program {
  "children": Array [
    ExpressionStatement {
      "expression": Include {
        "kind": "include",
        "once": true,
        "require": true,
        "target": String {
          "isDoubleQuote": true,
          "kind": "string",
          "parenthesizedExpression": true,
          "raw": "\\"connect.inc\\"",
          "unicode": false,
          "value": "connect.inc",
        },
      },
      "kind": "expressionstatement",
    },
    ExpressionStatement {
      "expression": Include {
        "kind": "include",
        "once": false,
        "require": true,
        "target": String {
          "isDoubleQuote": true,
          "kind": "string",
          "raw": "\\"table.inc\\"",
          "unicode": false,
          "value": "table.inc",
        },
      },
      "kind": "expressionstatement",
    },
    If {
      "alternate": null,
      "body": ExpressionStatement {
        "expression": Call {
          "arguments": Array [
            String {
              "isDoubleQuote": true,
              "kind": "string",
              "raw": "\\"[003] Expecting string/any_non_empty, got %s/%s\\\\n\\"",
              "unicode": false,
              "value": "[003] Expecting string/any_non_empty, got %s/%s
",
            },
            Call {
              "arguments": Array [
                Variable {
                  "curly": false,
                  "kind": "variable",
                  "name": "info",
                },
              ],
              "kind": "call",
              "what": Name {
                "kind": "name",
                "name": "gettype",
                "resolution": "uqn",
              },
            },
            Variable {
              "curly": false,
              "kind": "variable",
              "name": "info",
            },
          ],
          "kind": "call",
          "what": Name {
            "kind": "name",
            "name": "printf",
            "resolution": "uqn",
          },
        },
        "kind": "expressionstatement",
      },
      "kind": "if",
      "shortForm": false,
      "test": Bin {
        "kind": "bin",
        "left": Unary {
          "kind": "unary",
          "type": "!",
          "what": Call {
            "arguments": Array [
              Assign {
                "kind": "assign",
                "left": Variable {
                  "curly": false,
                  "kind": "variable",
                  "name": "info",
                },
                "operator": "=",
                "right": Call {
                  "arguments": Array [
                    Variable {
                      "curly": false,
                      "kind": "variable",
                      "name": "link",
                    },
                  ],
                  "kind": "call",
                  "what": Name {
                    "kind": "name",
                    "name": "mysqli_get_server_info",
                    "resolution": "uqn",
                  },
                },
              },
            ],
            "kind": "call",
            "what": Name {
              "kind": "name",
              "name": "is_string",
              "resolution": "uqn",
            },
          },
        },
        "right": Bin {
          "kind": "bin",
          "left": String {
            "isDoubleQuote": false,
            "kind": "string",
            "raw": "''",
            "unicode": false,
            "value": "",
          },
          "parenthesizedExpression": true,
          "right": Variable {
            "curly": false,
            "kind": "variable",
            "name": "info",
          },
          "type": "===",
        },
        "type": "||",
      },
    },
    ExpressionStatement {
      "expression": Print {
        "expression": String {
          "isDoubleQuote": true,
          "kind": "string",
          "raw": "\\"done!\\"",
          "unicode": false,
          "value": "done!",
        },
        "kind": "print",
      },
      "kind": "expressionstatement",
    },
  ],
  "errors": Array [],
  "kind": "program",
}
`;
