// Jest Snapshot v1, https://goo.gl/fbAQLP

exports[`php-src tests Bug #36802 (crashes with with mysqli_set_charset()) 1`] = `
Program {
  "children": Array [
    Class {
      "attrGroups": Array [],
      "body": Array [
        Method {
          "arguments": Array [],
          "attrGroups": Array [],
          "body": Block {
            "children": Array [],
            "kind": "block",
          },
          "byref": false,
          "isAbstract": false,
          "isFinal": false,
          "isStatic": false,
          "kind": "method",
          "name": Identifier {
            "kind": "identifier",
            "name": "__construct",
          },
          "nullable": false,
          "type": null,
          "visibility": "",
        },
      ],
      "extends": Name {
        "kind": "name",
        "name": "mysqli",
        "resolution": "uqn",
      },
      "implements": null,
      "isAbstract": false,
      "isAnonymous": false,
      "isFinal": false,
      "kind": "class",
      "name": Identifier {
        "kind": "identifier",
        "name": "really_my_mysqli",
      },
    },
    ExpressionStatement {
      "expression": Include {
        "kind": "include",
        "once": true,
        "require": true,
        "target": String {
          "isDoubleQuote": true,
          "kind": "string",
          "parenthesizedExpression": true,
          "raw": "\\"connect.inc\\"",
          "unicode": false,
          "value": "connect.inc",
        },
      },
      "kind": "expressionstatement",
    },
    ExpressionStatement {
      "expression": Assign {
        "kind": "assign",
        "left": Variable {
          "curly": false,
          "kind": "variable",
          "name": "mysql",
        },
        "operator": "=",
        "right": Call {
          "arguments": Array [],
          "kind": "call",
          "what": Name {
            "kind": "name",
            "name": "mysqli_init",
            "resolution": "uqn",
          },
        },
      },
      "kind": "expressionstatement",
    },
    If {
      "alternate": Block {
        "children": Array [
          ExpressionStatement {
            "expression": Assign {
              "kind": "assign",
              "left": OffsetLookup {
                "kind": "offsetlookup",
                "offset": Number {
                  "kind": "number",
                  "value": "0",
                },
                "what": Variable {
                  "curly": false,
                  "kind": "variable",
                  "name": "x",
                },
              },
              "operator": "=",
              "right": Boolean {
                "kind": "boolean",
                "raw": "false",
                "value": false,
              },
            },
            "kind": "expressionstatement",
          },
        ],
        "kind": "block",
      },
      "body": Block {
        "children": Array [
          Try {
            "always": null,
            "body": Block {
              "children": Array [
                ExpressionStatement {
                  "expression": Call {
                    "arguments": Array [
                      String {
                        "isDoubleQuote": false,
                        "kind": "string",
                        "raw": "'utf8'",
                        "unicode": false,
                        "value": "utf8",
                      },
                    ],
                    "kind": "call",
                    "what": PropertyLookup {
                      "kind": "propertylookup",
                      "offset": Identifier {
                        "kind": "identifier",
                        "name": "set_charset",
                      },
                      "what": Variable {
                        "curly": false,
                        "kind": "variable",
                        "name": "mysql",
                      },
                    },
                  },
                  "kind": "expressionstatement",
                },
              ],
              "kind": "block",
            },
            "catches": Array [
              Catch {
                "body": Block {
                  "children": Array [
                    Echo {
                      "expressions": Array [
                        Bin {
                          "kind": "bin",
                          "left": Call {
                            "arguments": Array [],
                            "kind": "call",
                            "what": PropertyLookup {
                              "kind": "propertylookup",
                              "offset": Identifier {
                                "kind": "identifier",
                                "name": "getMessage",
                              },
                              "what": Variable {
                                "curly": false,
                                "kind": "variable",
                                "name": "exception",
                              },
                            },
                          },
                          "right": String {
                            "isDoubleQuote": true,
                            "kind": "string",
                            "raw": "\\"\\\\n\\"",
                            "unicode": false,
                            "value": "
",
                          },
                          "type": ".",
                        },
                      ],
                      "kind": "echo",
                      "shortForm": false,
                    },
                  ],
                  "kind": "block",
                },
                "kind": "catch",
                "variable": Variable {
                  "curly": false,
                  "kind": "variable",
                  "name": "exception",
                },
                "what": Array [
                  Name {
                    "kind": "name",
                    "name": "Error",
                    "resolution": "uqn",
                  },
                ],
              },
            ],
            "kind": "try",
          },
        ],
        "kind": "block",
      },
      "kind": "if",
      "shortForm": false,
      "test": Call {
        "arguments": Array [
          Variable {
            "curly": false,
            "kind": "variable",
            "name": "mysql",
          },
          String {
            "isDoubleQuote": false,
            "kind": "string",
            "raw": "'set_charset'",
            "unicode": false,
            "value": "set_charset",
          },
        ],
        "kind": "call",
        "what": Name {
          "kind": "name",
          "name": "method_exists",
          "resolution": "uqn",
        },
      },
    },
    Try {
      "always": null,
      "body": Block {
        "children": Array [
          ExpressionStatement {
            "expression": Call {
              "arguments": Array [
                String {
                  "isDoubleQuote": true,
                  "kind": "string",
                  "raw": "\\"SELECT 'foo' FROM DUAL\\"",
                  "unicode": false,
                  "value": "SELECT 'foo' FROM DUAL",
                },
              ],
              "kind": "call",
              "what": PropertyLookup {
                "kind": "propertylookup",
                "offset": Identifier {
                  "kind": "identifier",
                  "name": "query",
                },
                "what": Variable {
                  "curly": false,
                  "kind": "variable",
                  "name": "mysql",
                },
              },
            },
            "kind": "expressionstatement",
          },
        ],
        "kind": "block",
      },
      "catches": Array [
        Catch {
          "body": Block {
            "children": Array [
              Echo {
                "expressions": Array [
                  Bin {
                    "kind": "bin",
                    "left": Call {
                      "arguments": Array [],
                      "kind": "call",
                      "what": PropertyLookup {
                        "kind": "propertylookup",
                        "offset": Identifier {
                          "kind": "identifier",
                          "name": "getMessage",
                        },
                        "what": Variable {
                          "curly": false,
                          "kind": "variable",
                          "name": "exception",
                        },
                      },
                    },
                    "right": String {
                      "isDoubleQuote": true,
                      "kind": "string",
                      "raw": "\\"\\\\n\\"",
                      "unicode": false,
                      "value": "
",
                    },
                    "type": ".",
                  },
                ],
                "kind": "echo",
                "shortForm": false,
              },
            ],
            "kind": "block",
          },
          "kind": "catch",
          "variable": Variable {
            "curly": false,
            "kind": "variable",
            "name": "exception",
          },
          "what": Array [
            Name {
              "kind": "name",
              "name": "Error",
              "resolution": "uqn",
            },
          ],
        },
      ],
      "kind": "try",
    },
    ExpressionStatement {
      "expression": Assign {
        "kind": "assign",
        "left": OffsetLookup {
          "kind": "offsetlookup",
          "offset": Number {
            "kind": "number",
            "value": "1",
          },
          "what": Variable {
            "curly": false,
            "kind": "variable",
            "name": "x",
          },
        },
        "operator": "=",
        "right": PropertyLookup {
          "kind": "propertylookup",
          "offset": Identifier {
            "kind": "identifier",
            "name": "error",
          },
          "parenthesizedExpression": true,
          "what": Variable {
            "curly": false,
            "kind": "variable",
            "name": "mysql",
          },
        },
      },
      "kind": "expressionstatement",
    },
    ExpressionStatement {
      "expression": Assign {
        "kind": "assign",
        "left": OffsetLookup {
          "kind": "offsetlookup",
          "offset": Number {
            "kind": "number",
            "value": "2",
          },
          "what": Variable {
            "curly": false,
            "kind": "variable",
            "name": "x",
          },
        },
        "operator": "=",
        "right": PropertyLookup {
          "kind": "propertylookup",
          "offset": Identifier {
            "kind": "identifier",
            "name": "errno",
          },
          "what": Variable {
            "curly": false,
            "kind": "variable",
            "name": "mysql",
          },
        },
      },
      "kind": "expressionstatement",
    },
    ExpressionStatement {
      "expression": Call {
        "arguments": Array [],
        "kind": "call",
        "what": PropertyLookup {
          "kind": "propertylookup",
          "offset": Identifier {
            "kind": "identifier",
            "name": "close",
          },
          "what": Variable {
            "curly": false,
            "kind": "variable",
            "name": "mysql",
          },
        },
      },
      "kind": "expressionstatement",
    },
    ExpressionStatement {
      "expression": Call {
        "arguments": Array [
          Variable {
            "curly": false,
            "kind": "variable",
            "name": "x",
          },
        ],
        "kind": "call",
        "what": Name {
          "kind": "name",
          "name": "var_dump",
          "resolution": "uqn",
        },
      },
      "kind": "expressionstatement",
    },
  ],
  "errors": Array [],
  "kind": "program",
}
`;
