// Jest Snapshot v1, https://goo.gl/fbAQLP

exports[`php-src tests array_column() respects property visibility 1`] = `
Program {
  "children": Array [
    Class {
      "attrGroups": Array [],
      "body": Array [
        PropertyStatement {
          "isStatic": false,
          "kind": "propertystatement",
          "properties": Array [
            Property {
              "attrGroups": Array [],
              "kind": "property",
              "name": Identifier {
                "kind": "identifier",
                "name": "prop",
              },
              "nullable": false,
              "readonly": false,
              "type": null,
              "value": null,
            },
          ],
          "visibility": "private",
        },
        Method {
          "arguments": Array [
            Parameter {
              "attrGroups": Array [],
              "byref": false,
              "flags": 0,
              "kind": "parameter",
              "name": Identifier {
                "kind": "identifier",
                "name": "value",
              },
              "nullable": false,
              "readonly": false,
              "type": null,
              "value": null,
              "variadic": false,
            },
          ],
          "attrGroups": Array [],
          "body": Block {
            "children": Array [
              ExpressionStatement {
                "expression": Assign {
                  "kind": "assign",
                  "left": PropertyLookup {
                    "kind": "propertylookup",
                    "offset": Identifier {
                      "kind": "identifier",
                      "name": "prop",
                    },
                    "what": Variable {
                      "curly": false,
                      "kind": "variable",
                      "name": "this",
                    },
                  },
                  "operator": "=",
                  "right": Variable {
                    "curly": false,
                    "kind": "variable",
                    "name": "value",
                  },
                },
                "kind": "expressionstatement",
              },
            ],
            "kind": "block",
          },
          "byref": false,
          "isAbstract": false,
          "isFinal": false,
          "isStatic": false,
          "kind": "method",
          "name": Identifier {
            "kind": "identifier",
            "name": "__construct",
          },
          "nullable": false,
          "type": null,
          "visibility": "public",
        },
        Method {
          "arguments": Array [
            Parameter {
              "attrGroups": Array [],
              "byref": false,
              "flags": 0,
              "kind": "parameter",
              "name": Identifier {
                "kind": "identifier",
                "name": "name",
              },
              "nullable": false,
              "readonly": false,
              "type": null,
              "value": null,
              "variadic": false,
            },
          ],
          "attrGroups": Array [],
          "body": Block {
            "children": Array [
              Return {
                "expr": Boolean {
                  "kind": "boolean",
                  "raw": "true",
                  "value": true,
                },
                "kind": "return",
              },
            ],
            "kind": "block",
          },
          "byref": false,
          "isAbstract": false,
          "isFinal": false,
          "isStatic": false,
          "kind": "method",
          "name": Identifier {
            "kind": "identifier",
            "name": "__isset",
          },
          "nullable": false,
          "type": null,
          "visibility": "public",
        },
        Method {
          "arguments": Array [
            Parameter {
              "attrGroups": Array [],
              "byref": false,
              "flags": 0,
              "kind": "parameter",
              "name": Identifier {
                "kind": "identifier",
                "name": "name",
              },
              "nullable": false,
              "readonly": false,
              "type": null,
              "value": null,
              "variadic": false,
            },
          ],
          "attrGroups": Array [],
          "body": Block {
            "children": Array [
              Return {
                "expr": Encapsed {
                  "kind": "encapsed",
                  "raw": "\\"__get($this->prop)\\"",
                  "type": "string",
                  "value": Array [
                    EncapsedPart {
                      "curly": false,
                      "expression": String {
                        "isDoubleQuote": false,
                        "kind": "string",
                        "raw": "__get(",
                        "unicode": false,
                        "value": "__get(",
                      },
                      "kind": "encapsedpart",
                      "syntax": null,
                    },
                    EncapsedPart {
                      "curly": false,
                      "expression": PropertyLookup {
                        "kind": "propertylookup",
                        "offset": Identifier {
                          "kind": "identifier",
                          "name": "prop",
                        },
                        "what": Variable {
                          "curly": false,
                          "kind": "variable",
                          "name": "this",
                        },
                      },
                      "kind": "encapsedpart",
                      "syntax": "simple",
                    },
                    EncapsedPart {
                      "curly": false,
                      "expression": String {
                        "isDoubleQuote": false,
                        "kind": "string",
                        "raw": ")",
                        "unicode": false,
                        "value": ")",
                      },
                      "kind": "encapsedpart",
                      "syntax": null,
                    },
                  ],
                },
                "kind": "return",
              },
            ],
            "kind": "block",
          },
          "byref": false,
          "isAbstract": false,
          "isFinal": false,
          "isStatic": false,
          "kind": "method",
          "name": Identifier {
            "kind": "identifier",
            "name": "__get",
          },
          "nullable": false,
          "type": null,
          "visibility": "public",
        },
      ],
      "extends": null,
      "implements": null,
      "isAbstract": false,
      "isAnonymous": false,
      "isFinal": false,
      "kind": "class",
      "name": Identifier {
        "kind": "identifier",
        "name": "Test",
      },
    },
    ExpressionStatement {
      "expression": Assign {
        "kind": "assign",
        "left": Variable {
          "curly": false,
          "kind": "variable",
          "name": "arr",
        },
        "operator": "=",
        "right": Array {
          "items": Array [
            Entry {
              "byRef": false,
              "key": null,
              "kind": "entry",
              "unpack": false,
              "value": New {
                "arguments": Array [
                  String {
                    "isDoubleQuote": true,
                    "kind": "string",
                    "raw": "\\"foobar\\"",
                    "unicode": false,
                    "value": "foobar",
                  },
                ],
                "kind": "new",
                "what": Name {
                  "kind": "name",
                  "name": "Test",
                  "resolution": "uqn",
                },
              },
            },
          ],
          "kind": "array",
          "shortForm": true,
        },
      },
      "kind": "expressionstatement",
    },
    ExpressionStatement {
      "expression": Call {
        "arguments": Array [
          Call {
            "arguments": Array [
              Variable {
                "curly": false,
                "kind": "variable",
                "name": "arr",
              },
              String {
                "isDoubleQuote": true,
                "kind": "string",
                "raw": "\\"prop\\"",
                "unicode": false,
                "value": "prop",
              },
            ],
            "kind": "call",
            "what": Name {
              "kind": "name",
              "name": "array_column",
              "resolution": "uqn",
            },
          },
        ],
        "kind": "call",
        "what": Name {
          "kind": "name",
          "name": "var_dump",
          "resolution": "uqn",
        },
      },
      "kind": "expressionstatement",
    },
  ],
  "errors": Array [],
  "kind": "program",
}
`;
