// Jest Snapshot v1, https://goo.gl/fbAQLP

exports[`php-src tests ldap_search() bug 48441 - options persists after specifying them in ldap_search 1`] = `
Program {
  "children": Array [
    ExpressionStatement {
      "expression": Include {
        "kind": "include",
        "once": false,
        "require": false,
        "target": String {
          "isDoubleQuote": true,
          "kind": "string",
          "raw": "\\"connect.inc\\"",
          "unicode": false,
          "value": "connect.inc",
        },
      },
      "kind": "expressionstatement",
    },
    ExpressionStatement {
      "expression": Assign {
        "kind": "assign",
        "left": Variable {
          "curly": false,
          "kind": "variable",
          "name": "link",
        },
        "operator": "=",
        "right": Call {
          "arguments": Array [
            Variable {
              "curly": false,
              "kind": "variable",
              "name": "host",
            },
            Variable {
              "curly": false,
              "kind": "variable",
              "name": "port",
            },
            Variable {
              "curly": false,
              "kind": "variable",
              "name": "user",
            },
            Variable {
              "curly": false,
              "kind": "variable",
              "name": "passwd",
            },
            Variable {
              "curly": false,
              "kind": "variable",
              "name": "protocol_version",
            },
          ],
          "kind": "call",
          "what": Name {
            "kind": "name",
            "name": "ldap_connect_and_bind",
            "resolution": "uqn",
          },
        },
      },
      "kind": "expressionstatement",
    },
    ExpressionStatement {
      "expression": Call {
        "arguments": Array [
          Variable {
            "curly": false,
            "kind": "variable",
            "name": "link",
          },
          Variable {
            "curly": false,
            "kind": "variable",
            "name": "base",
          },
        ],
        "kind": "call",
        "what": Name {
          "kind": "name",
          "name": "insert_dummy_data",
          "resolution": "uqn",
        },
      },
      "kind": "expressionstatement",
    },
    ExpressionStatement {
      "expression": Assign {
        "kind": "assign",
        "left": Variable {
          "curly": false,
          "kind": "variable",
          "name": "dn",
        },
        "operator": "=",
        "right": Encapsed {
          "kind": "encapsed",
          "raw": "\\"$base\\"",
          "type": "string",
          "value": Array [
            EncapsedPart {
              "curly": false,
              "expression": Variable {
                "curly": false,
                "kind": "variable",
                "name": "base",
              },
              "kind": "encapsedpart",
              "syntax": "simple",
            },
          ],
        },
      },
      "kind": "expressionstatement",
    },
    ExpressionStatement {
      "expression": Assign {
        "kind": "assign",
        "left": Variable {
          "curly": false,
          "kind": "variable",
          "name": "filter",
        },
        "operator": "=",
        "right": String {
          "isDoubleQuote": true,
          "kind": "string",
          "raw": "\\"(objectclass=person)\\"",
          "unicode": false,
          "value": "(objectclass=person)",
        },
      },
      "kind": "expressionstatement",
    },
    ExpressionStatement {
      "expression": Call {
        "arguments": Array [
          Assign {
            "kind": "assign",
            "left": Variable {
              "curly": false,
              "kind": "variable",
              "name": "result",
            },
            "operator": "=",
            "right": Call {
              "arguments": Array [
                Variable {
                  "curly": false,
                  "kind": "variable",
                  "name": "link",
                },
                Variable {
                  "curly": false,
                  "kind": "variable",
                  "name": "dn",
                },
                Variable {
                  "curly": false,
                  "kind": "variable",
                  "name": "filter",
                },
                Array {
                  "items": Array [
                    Entry {
                      "byRef": false,
                      "key": null,
                      "kind": "entry",
                      "unpack": false,
                      "value": String {
                        "isDoubleQuote": false,
                        "kind": "string",
                        "raw": "'sn'",
                        "unicode": false,
                        "value": "sn",
                      },
                    },
                  ],
                  "kind": "array",
                  "shortForm": false,
                },
              ],
              "kind": "call",
              "what": Name {
                "kind": "name",
                "name": "ldap_search",
                "resolution": "uqn",
              },
            },
          },
          Call {
            "arguments": Array [
              Variable {
                "curly": false,
                "kind": "variable",
                "name": "link",
              },
              Variable {
                "curly": false,
                "kind": "variable",
                "name": "result",
              },
            ],
            "kind": "call",
            "what": Name {
              "kind": "name",
              "name": "ldap_get_entries",
              "resolution": "uqn",
            },
          },
        ],
        "kind": "call",
        "what": Name {
          "kind": "name",
          "name": "var_dump",
          "resolution": "uqn",
        },
      },
      "kind": "expressionstatement",
    },
    ExpressionStatement {
      "expression": Call {
        "arguments": Array [
          Assign {
            "kind": "assign",
            "left": Variable {
              "curly": false,
              "kind": "variable",
              "name": "result",
            },
            "operator": "=",
            "right": Call {
              "arguments": Array [
                Variable {
                  "curly": false,
                  "kind": "variable",
                  "name": "link",
                },
                Variable {
                  "curly": false,
                  "kind": "variable",
                  "name": "dn",
                },
                Variable {
                  "curly": false,
                  "kind": "variable",
                  "name": "filter",
                },
                Array {
                  "items": Array [
                    Entry {
                      "byRef": false,
                      "key": null,
                      "kind": "entry",
                      "unpack": false,
                      "value": String {
                        "isDoubleQuote": false,
                        "kind": "string",
                        "raw": "'sn'",
                        "unicode": false,
                        "value": "sn",
                      },
                    },
                  ],
                  "kind": "array",
                  "shortForm": false,
                },
                Number {
                  "kind": "number",
                  "value": "1",
                },
                Number {
                  "kind": "number",
                  "value": "1",
                },
                Number {
                  "kind": "number",
                  "value": "1",
                },
                Name {
                  "kind": "name",
                  "name": "LDAP_DEREF_ALWAYS",
                  "resolution": "uqn",
                },
              ],
              "kind": "call",
              "what": Name {
                "kind": "name",
                "name": "ldap_search",
                "resolution": "uqn",
              },
            },
          },
          Call {
            "arguments": Array [
              Variable {
                "curly": false,
                "kind": "variable",
                "name": "link",
              },
              Variable {
                "curly": false,
                "kind": "variable",
                "name": "result",
              },
            ],
            "kind": "call",
            "what": Name {
              "kind": "name",
              "name": "ldap_get_entries",
              "resolution": "uqn",
            },
          },
        ],
        "kind": "call",
        "what": Name {
          "kind": "name",
          "name": "var_dump",
          "resolution": "uqn",
        },
      },
      "kind": "expressionstatement",
    },
    ExpressionStatement {
      "expression": Call {
        "arguments": Array [
          Assign {
            "kind": "assign",
            "left": Variable {
              "curly": false,
              "kind": "variable",
              "name": "result",
            },
            "operator": "=",
            "right": Call {
              "arguments": Array [
                Variable {
                  "curly": false,
                  "kind": "variable",
                  "name": "link",
                },
                Variable {
                  "curly": false,
                  "kind": "variable",
                  "name": "dn",
                },
                Variable {
                  "curly": false,
                  "kind": "variable",
                  "name": "filter",
                },
                Array {
                  "items": Array [
                    Entry {
                      "byRef": false,
                      "key": null,
                      "kind": "entry",
                      "unpack": false,
                      "value": String {
                        "isDoubleQuote": false,
                        "kind": "string",
                        "raw": "'sn'",
                        "unicode": false,
                        "value": "sn",
                      },
                    },
                  ],
                  "kind": "array",
                  "shortForm": false,
                },
              ],
              "kind": "call",
              "what": Name {
                "kind": "name",
                "name": "ldap_search",
                "resolution": "uqn",
              },
            },
          },
          Call {
            "arguments": Array [
              Variable {
                "curly": false,
                "kind": "variable",
                "name": "link",
              },
              Variable {
                "curly": false,
                "kind": "variable",
                "name": "result",
              },
            ],
            "kind": "call",
            "what": Name {
              "kind": "name",
              "name": "ldap_get_entries",
              "resolution": "uqn",
            },
          },
        ],
        "kind": "call",
        "what": Name {
          "kind": "name",
          "name": "var_dump",
          "resolution": "uqn",
        },
      },
      "kind": "expressionstatement",
    },
  ],
  "errors": Array [],
  "kind": "program",
}
`;
