// Jest Snapshot v1, https://goo.gl/fbAQLP

exports[`php-src tests mysqli_fetch_assoc() 1`] = `
Program {
  "children": Array [
    ExpressionStatement {
      "expression": Include {
        "kind": "include",
        "once": true,
        "require": true,
        "target": String {
          "isDoubleQuote": true,
          "kind": "string",
          "parenthesizedExpression": true,
          "raw": "\\"connect.inc\\"",
          "unicode": false,
          "value": "connect.inc",
        },
      },
      "kind": "expressionstatement",
    },
    ExpressionStatement {
      "expression": Include {
        "kind": "include",
        "once": false,
        "require": true,
        "target": String {
          "isDoubleQuote": false,
          "kind": "string",
          "parenthesizedExpression": true,
          "raw": "'table.inc'",
          "unicode": false,
          "value": "table.inc",
        },
      },
      "kind": "expressionstatement",
    },
    If {
      "alternate": null,
      "body": Block {
        "children": Array [
          ExpressionStatement {
            "expression": Call {
              "arguments": Array [
                String {
                  "isDoubleQuote": true,
                  "kind": "string",
                  "raw": "\\"[004] [%d] %s\\\\n\\"",
                  "unicode": false,
                  "value": "[004] [%d] %s
",
                },
                Call {
                  "arguments": Array [
                    Variable {
                      "curly": false,
                      "kind": "variable",
                      "name": "link",
                    },
                  ],
                  "kind": "call",
                  "what": Name {
                    "kind": "name",
                    "name": "mysqli_errno",
                    "resolution": "uqn",
                  },
                },
                Call {
                  "arguments": Array [
                    Variable {
                      "curly": false,
                      "kind": "variable",
                      "name": "link",
                    },
                  ],
                  "kind": "call",
                  "what": Name {
                    "kind": "name",
                    "name": "mysqli_error",
                    "resolution": "uqn",
                  },
                },
              ],
              "kind": "call",
              "what": Name {
                "kind": "name",
                "name": "printf",
                "resolution": "uqn",
              },
            },
            "kind": "expressionstatement",
          },
        ],
        "kind": "block",
      },
      "kind": "if",
      "shortForm": false,
      "test": Unary {
        "kind": "unary",
        "type": "!",
        "what": Assign {
          "kind": "assign",
          "left": Variable {
            "curly": false,
            "kind": "variable",
            "name": "res",
          },
          "operator": "=",
          "right": Call {
            "arguments": Array [
              Variable {
                "curly": false,
                "kind": "variable",
                "name": "link",
              },
              String {
                "isDoubleQuote": true,
                "kind": "string",
                "raw": "\\"SELECT id, label FROM test ORDER BY id LIMIT 1\\"",
                "unicode": false,
                "value": "SELECT id, label FROM test ORDER BY id LIMIT 1",
              },
            ],
            "kind": "call",
            "what": Name {
              "kind": "name",
              "name": "mysqli_query",
              "resolution": "uqn",
            },
          },
        },
      },
    },
    ExpressionStatement {
      "expression": Print {
        "expression": String {
          "isDoubleQuote": true,
          "kind": "string",
          "raw": "\\"[005]\\\\n\\"",
          "unicode": false,
          "value": "[005]
",
        },
        "kind": "print",
      },
      "kind": "expressionstatement",
    },
    ExpressionStatement {
      "expression": Call {
        "arguments": Array [
          Call {
            "arguments": Array [
              Variable {
                "curly": false,
                "kind": "variable",
                "name": "res",
              },
            ],
            "kind": "call",
            "what": Name {
              "kind": "name",
              "name": "mysqli_fetch_assoc",
              "resolution": "uqn",
            },
          },
        ],
        "kind": "call",
        "what": Name {
          "kind": "name",
          "name": "var_dump",
          "resolution": "uqn",
        },
      },
      "kind": "expressionstatement",
    },
    ExpressionStatement {
      "expression": Print {
        "expression": String {
          "isDoubleQuote": true,
          "kind": "string",
          "raw": "\\"[006]\\\\n\\"",
          "unicode": false,
          "value": "[006]
",
        },
        "kind": "print",
      },
      "kind": "expressionstatement",
    },
    ExpressionStatement {
      "expression": Call {
        "arguments": Array [
          Call {
            "arguments": Array [
              Variable {
                "curly": false,
                "kind": "variable",
                "name": "res",
              },
            ],
            "kind": "call",
            "what": Name {
              "kind": "name",
              "name": "mysqli_fetch_assoc",
              "resolution": "uqn",
            },
          },
        ],
        "kind": "call",
        "what": Name {
          "kind": "name",
          "name": "var_dump",
          "resolution": "uqn",
        },
      },
      "kind": "expressionstatement",
    },
    ExpressionStatement {
      "expression": Call {
        "arguments": Array [
          Variable {
            "curly": false,
            "kind": "variable",
            "name": "res",
          },
        ],
        "kind": "call",
        "what": Name {
          "kind": "name",
          "name": "mysqli_free_result",
          "resolution": "uqn",
        },
      },
      "kind": "expressionstatement",
    },
    If {
      "alternate": null,
      "body": Block {
        "children": Array [
          ExpressionStatement {
            "expression": Call {
              "arguments": Array [
                String {
                  "isDoubleQuote": true,
                  "kind": "string",
                  "raw": "\\"[007] Cannot run query, [%d] %s\\\\n\\"",
                  "unicode": false,
                  "value": "[007] Cannot run query, [%d] %s
",
                },
                Call {
                  "arguments": Array [
                    Variable {
                      "curly": false,
                      "kind": "variable",
                      "name": "link",
                    },
                  ],
                  "kind": "call",
                  "what": Name {
                    "kind": "name",
                    "name": "mysqli_errno",
                    "resolution": "uqn",
                  },
                },
                Call {
                  "arguments": Array [
                    Variable {
                      "curly": false,
                      "kind": "variable",
                      "name": "link",
                    },
                  ],
                  "kind": "call",
                  "what": Name {
                    "kind": "name",
                    "name": "mysqli_error",
                    "resolution": "uqn",
                  },
                },
              ],
              "kind": "call",
              "what": Name {
                "kind": "name",
                "name": "printf",
                "resolution": "uqn",
              },
            },
            "kind": "expressionstatement",
          },
        ],
        "kind": "block",
      },
      "kind": "if",
      "shortForm": false,
      "test": Unary {
        "kind": "unary",
        "type": "!",
        "what": Assign {
          "kind": "assign",
          "left": Variable {
            "curly": false,
            "kind": "variable",
            "name": "res",
          },
          "operator": "=",
          "right": Call {
            "arguments": Array [
              Variable {
                "curly": false,
                "kind": "variable",
                "name": "link",
              },
              String {
                "isDoubleQuote": true,
                "kind": "string",
                "raw": "\\"SELECT
        1 AS a,
        2 AS a,
        3 AS c,
        4 AS C,
        NULL AS d,
        true AS e,
        5 AS '-1',
        6 AS '-10',
        7 AS '-100',
        8 AS '-1000',
        9 AS '10000',
        'a' AS '100000',
        'b' AS '1000000',
        'c' AS '9',
        'd' AS '9',
        'e' AS '01',
        'f' AS '-02'
    \\"",
                "unicode": false,
                "value": "SELECT
        1 AS a,
        2 AS a,
        3 AS c,
        4 AS C,
        NULL AS d,
        true AS e,
        5 AS '-1',
        6 AS '-10',
        7 AS '-100',
        8 AS '-1000',
        9 AS '10000',
        'a' AS '100000',
        'b' AS '1000000',
        'c' AS '9',
        'd' AS '9',
        'e' AS '01',
        'f' AS '-02'
    ",
              },
            ],
            "kind": "call",
            "what": Name {
              "kind": "name",
              "name": "mysqli_query",
              "resolution": "uqn",
            },
          },
        },
      },
    },
    ExpressionStatement {
      "expression": Print {
        "expression": String {
          "isDoubleQuote": true,
          "kind": "string",
          "raw": "\\"[008]\\\\n\\"",
          "unicode": false,
          "value": "[008]
",
        },
        "kind": "print",
      },
      "kind": "expressionstatement",
    },
    ExpressionStatement {
      "expression": Call {
        "arguments": Array [
          Call {
            "arguments": Array [
              Variable {
                "curly": false,
                "kind": "variable",
                "name": "res",
              },
            ],
            "kind": "call",
            "what": Name {
              "kind": "name",
              "name": "mysqli_fetch_assoc",
              "resolution": "uqn",
            },
          },
        ],
        "kind": "call",
        "what": Name {
          "kind": "name",
          "name": "var_dump",
          "resolution": "uqn",
        },
      },
      "kind": "expressionstatement",
    },
    ExpressionStatement {
      "expression": Call {
        "arguments": Array [
          Variable {
            "curly": false,
            "kind": "variable",
            "name": "res",
          },
        ],
        "kind": "call",
        "what": Name {
          "kind": "name",
          "name": "mysqli_free_result",
          "resolution": "uqn",
        },
      },
      "kind": "expressionstatement",
    },
    Try {
      "always": null,
      "body": Block {
        "children": Array [
          ExpressionStatement {
            "expression": Call {
              "arguments": Array [
                Variable {
                  "curly": false,
                  "kind": "variable",
                  "name": "res",
                },
              ],
              "kind": "call",
              "what": Name {
                "kind": "name",
                "name": "mysqli_fetch_assoc",
                "resolution": "uqn",
              },
            },
            "kind": "expressionstatement",
          },
        ],
        "kind": "block",
      },
      "catches": Array [
        Catch {
          "body": Block {
            "children": Array [
              Echo {
                "expressions": Array [
                  Bin {
                    "kind": "bin",
                    "left": Call {
                      "arguments": Array [],
                      "kind": "call",
                      "what": PropertyLookup {
                        "kind": "propertylookup",
                        "offset": Identifier {
                          "kind": "identifier",
                          "name": "getMessage",
                        },
                        "what": Variable {
                          "curly": false,
                          "kind": "variable",
                          "name": "exception",
                        },
                      },
                    },
                    "right": String {
                      "isDoubleQuote": true,
                      "kind": "string",
                      "raw": "\\"\\\\n\\"",
                      "unicode": false,
                      "value": "
",
                    },
                    "type": ".",
                  },
                ],
                "kind": "echo",
                "shortForm": false,
              },
            ],
            "kind": "block",
          },
          "kind": "catch",
          "variable": Variable {
            "curly": false,
            "kind": "variable",
            "name": "exception",
          },
          "what": Array [
            Name {
              "kind": "name",
              "name": "Error",
              "resolution": "uqn",
            },
          ],
        },
      ],
      "kind": "try",
    },
    ExpressionStatement {
      "expression": Call {
        "arguments": Array [
          Variable {
            "curly": false,
            "kind": "variable",
            "name": "link",
          },
        ],
        "kind": "call",
        "what": Name {
          "kind": "name",
          "name": "mysqli_close",
          "resolution": "uqn",
        },
      },
      "kind": "expressionstatement",
    },
    ExpressionStatement {
      "expression": Print {
        "expression": String {
          "isDoubleQuote": true,
          "kind": "string",
          "raw": "\\"done!\\"",
          "unicode": false,
          "value": "done!",
        },
        "kind": "print",
      },
      "kind": "expressionstatement",
    },
  ],
  "errors": Array [],
  "kind": "program",
}
`;
