// Jest Snapshot v1, https://goo.gl/fbAQLP

exports[`php-src tests IntlGregorianCalendar::get/setGregorianChange(): basic test 1`] = `
Program {
  "children": Array [
    ExpressionStatement {
      "expression": Call {
        "arguments": Array [
          String {
            "isDoubleQuote": true,
            "kind": "string",
            "raw": "\\"intl.error_level\\"",
            "unicode": false,
            "value": "intl.error_level",
          },
          Name {
            "kind": "name",
            "name": "E_WARNING",
            "resolution": "uqn",
          },
        ],
        "kind": "call",
        "what": Name {
          "kind": "name",
          "name": "ini_set",
          "resolution": "uqn",
        },
      },
      "kind": "expressionstatement",
    },
    ExpressionStatement {
      "expression": Call {
        "arguments": Array [
          String {
            "isDoubleQuote": true,
            "kind": "string",
            "raw": "\\"intl.default_locale\\"",
            "unicode": false,
            "value": "intl.default_locale",
          },
          String {
            "isDoubleQuote": true,
            "kind": "string",
            "raw": "\\"nl\\"",
            "unicode": false,
            "value": "nl",
          },
        ],
        "kind": "call",
        "what": Name {
          "kind": "name",
          "name": "ini_set",
          "resolution": "uqn",
        },
      },
      "kind": "expressionstatement",
    },
    ExpressionStatement {
      "expression": Call {
        "arguments": Array [
          String {
            "isDoubleQuote": false,
            "kind": "string",
            "raw": "'Europe/Amsterdam'",
            "unicode": false,
            "value": "Europe/Amsterdam",
          },
        ],
        "kind": "call",
        "what": Name {
          "kind": "name",
          "name": "date_default_timezone_set",
          "resolution": "uqn",
        },
      },
      "kind": "expressionstatement",
    },
    ExpressionStatement {
      "expression": Assign {
        "kind": "assign",
        "left": Variable {
          "curly": false,
          "kind": "variable",
          "name": "intlcal",
        },
        "operator": "=",
        "right": New {
          "arguments": Array [],
          "kind": "new",
          "what": Name {
            "kind": "name",
            "name": "IntlGregorianCalendar",
            "resolution": "uqn",
          },
        },
      },
      "kind": "expressionstatement",
    },
    ExpressionStatement {
      "expression": Call {
        "arguments": Array [
          Call {
            "arguments": Array [],
            "kind": "call",
            "what": PropertyLookup {
              "kind": "propertylookup",
              "offset": Identifier {
                "kind": "identifier",
                "name": "getGregorianChange",
              },
              "what": Variable {
                "curly": false,
                "kind": "variable",
                "name": "intlcal",
              },
            },
          },
        ],
        "kind": "call",
        "what": Name {
          "kind": "name",
          "name": "var_dump",
          "resolution": "uqn",
        },
      },
      "kind": "expressionstatement",
    },
    ExpressionStatement {
      "expression": Call {
        "arguments": Array [
          Call {
            "arguments": Array [
              Number {
                "kind": "number",
                "value": "0",
              },
            ],
            "kind": "call",
            "what": PropertyLookup {
              "kind": "propertylookup",
              "offset": Identifier {
                "kind": "identifier",
                "name": "setGregorianChange",
              },
              "what": Variable {
                "curly": false,
                "kind": "variable",
                "name": "intlcal",
              },
            },
          },
        ],
        "kind": "call",
        "what": Name {
          "kind": "name",
          "name": "var_dump",
          "resolution": "uqn",
        },
      },
      "kind": "expressionstatement",
    },
    ExpressionStatement {
      "expression": Call {
        "arguments": Array [
          Call {
            "arguments": Array [
              Variable {
                "curly": false,
                "kind": "variable",
                "name": "intlcal",
              },
            ],
            "kind": "call",
            "what": Name {
              "kind": "name",
              "name": "intlgregcal_get_gregorian_change",
              "resolution": "uqn",
            },
          },
        ],
        "kind": "call",
        "what": Name {
          "kind": "name",
          "name": "var_dump",
          "resolution": "uqn",
        },
      },
      "kind": "expressionstatement",
    },
    ExpressionStatement {
      "expression": Call {
        "arguments": Array [
          Call {
            "arguments": Array [
              Variable {
                "curly": false,
                "kind": "variable",
                "name": "intlcal",
              },
              Number {
                "kind": "number",
                "value": "1",
              },
            ],
            "kind": "call",
            "what": Name {
              "kind": "name",
              "name": "intlgregcal_set_gregorian_change",
              "resolution": "uqn",
            },
          },
        ],
        "kind": "call",
        "what": Name {
          "kind": "name",
          "name": "var_dump",
          "resolution": "uqn",
        },
      },
      "kind": "expressionstatement",
    },
    ExpressionStatement {
      "expression": Call {
        "arguments": Array [
          Call {
            "arguments": Array [],
            "kind": "call",
            "what": PropertyLookup {
              "kind": "propertylookup",
              "offset": Identifier {
                "kind": "identifier",
                "name": "getGregorianChange",
              },
              "what": Variable {
                "curly": false,
                "kind": "variable",
                "name": "intlcal",
              },
            },
          },
        ],
        "kind": "call",
        "what": Name {
          "kind": "name",
          "name": "var_dump",
          "resolution": "uqn",
        },
      },
      "kind": "expressionstatement",
    },
  ],
  "errors": Array [],
  "kind": "program",
}
`;
