// Jest Snapshot v1, https://goo.gl/fbAQLP

exports[`php-src tests Test rename() function: usage variations 1`] = `
Program {
  "children": Array [
    ExpressionStatement {
      "expression": Include {
        "kind": "include",
        "once": false,
        "require": true,
        "target": Bin {
          "kind": "bin",
          "left": Magic {
            "kind": "magic",
            "raw": "__DIR__",
            "value": "__DIR__",
          },
          "right": String {
            "isDoubleQuote": false,
            "kind": "string",
            "raw": "'/file.inc'",
            "unicode": false,
            "value": "/file.inc",
          },
          "type": ".",
        },
      },
      "kind": "expressionstatement",
    },
    ExpressionStatement {
      "expression": Assign {
        "kind": "assign",
        "left": Variable {
          "curly": false,
          "kind": "variable",
          "name": "file_path",
        },
        "operator": "=",
        "right": Magic {
          "kind": "magic",
          "raw": "__DIR__",
          "value": "__DIR__",
        },
      },
      "kind": "expressionstatement",
    },
    ExpressionStatement {
      "expression": Call {
        "arguments": Array [
          Encapsed {
            "kind": "encapsed",
            "raw": "\\"$file_path/rename_variation2_dir\\"",
            "type": "string",
            "value": Array [
              EncapsedPart {
                "curly": false,
                "expression": Variable {
                  "curly": false,
                  "kind": "variable",
                  "name": "file_path",
                },
                "kind": "encapsedpart",
                "syntax": "simple",
              },
              EncapsedPart {
                "curly": false,
                "expression": String {
                  "isDoubleQuote": false,
                  "kind": "string",
                  "raw": "/rename_variation2_dir",
                  "unicode": false,
                  "value": "/rename_variation2_dir",
                },
                "kind": "encapsedpart",
                "syntax": null,
              },
            ],
          },
        ],
        "kind": "call",
        "what": Name {
          "kind": "name",
          "name": "mkdir",
          "resolution": "uqn",
        },
      },
      "kind": "expressionstatement",
    },
    Echo {
      "expressions": Array [
        String {
          "isDoubleQuote": true,
          "kind": "string",
          "raw": "\\"\\\\n*** Testing rename() by renaming a file and directory to numeric name ***\\\\n\\"",
          "unicode": false,
          "value": "
*** Testing rename() by renaming a file and directory to numeric name ***
",
        },
      ],
      "kind": "echo",
      "shortForm": false,
    },
    ExpressionStatement {
      "expression": Assign {
        "kind": "assign",
        "left": Variable {
          "curly": false,
          "kind": "variable",
          "name": "fp",
        },
        "operator": "=",
        "right": Call {
          "arguments": Array [
            Bin {
              "kind": "bin",
              "left": Variable {
                "curly": false,
                "kind": "variable",
                "name": "file_path",
              },
              "right": String {
                "isDoubleQuote": true,
                "kind": "string",
                "raw": "\\"/rename_variation2.tmp\\"",
                "unicode": false,
                "value": "/rename_variation2.tmp",
              },
              "type": ".",
            },
            String {
              "isDoubleQuote": true,
              "kind": "string",
              "raw": "\\"w\\"",
              "unicode": false,
              "value": "w",
            },
          ],
          "kind": "call",
          "what": Name {
            "kind": "name",
            "name": "fopen",
            "resolution": "uqn",
          },
        },
      },
      "kind": "expressionstatement",
    },
    ExpressionStatement {
      "expression": Call {
        "arguments": Array [
          Variable {
            "curly": false,
            "kind": "variable",
            "name": "fp",
          },
        ],
        "kind": "call",
        "what": Name {
          "kind": "name",
          "name": "fclose",
          "resolution": "uqn",
        },
      },
      "kind": "expressionstatement",
    },
    ExpressionStatement {
      "expression": Call {
        "arguments": Array [
          Call {
            "arguments": Array [
              Bin {
                "kind": "bin",
                "left": Variable {
                  "curly": false,
                  "kind": "variable",
                  "name": "file_path",
                },
                "right": String {
                  "isDoubleQuote": true,
                  "kind": "string",
                  "raw": "\\"/rename_variation2.tmp\\"",
                  "unicode": false,
                  "value": "/rename_variation2.tmp",
                },
                "type": ".",
              },
              Bin {
                "kind": "bin",
                "left": Variable {
                  "curly": false,
                  "kind": "variable",
                  "name": "file_path",
                },
                "right": String {
                  "isDoubleQuote": true,
                  "kind": "string",
                  "raw": "\\"/12345\\"",
                  "unicode": false,
                  "value": "/12345",
                },
                "type": ".",
              },
            ],
            "kind": "call",
            "what": Name {
              "kind": "name",
              "name": "rename",
              "resolution": "uqn",
            },
          },
        ],
        "kind": "call",
        "what": Name {
          "kind": "name",
          "name": "var_dump",
          "resolution": "uqn",
        },
      },
      "kind": "expressionstatement",
    },
    ExpressionStatement {
      "expression": Call {
        "arguments": Array [
          Call {
            "arguments": Array [
              Bin {
                "kind": "bin",
                "left": Variable {
                  "curly": false,
                  "kind": "variable",
                  "name": "file_path",
                },
                "right": String {
                  "isDoubleQuote": true,
                  "kind": "string",
                  "raw": "\\"/rename_variation2.tmp\\"",
                  "unicode": false,
                  "value": "/rename_variation2.tmp",
                },
                "type": ".",
              },
            ],
            "kind": "call",
            "what": Name {
              "kind": "name",
              "name": "file_exists",
              "resolution": "uqn",
            },
          },
        ],
        "kind": "call",
        "what": Name {
          "kind": "name",
          "name": "var_dump",
          "resolution": "uqn",
        },
      },
      "kind": "expressionstatement",
    },
    ExpressionStatement {
      "expression": Call {
        "arguments": Array [
          Call {
            "arguments": Array [
              Bin {
                "kind": "bin",
                "left": Variable {
                  "curly": false,
                  "kind": "variable",
                  "name": "file_path",
                },
                "right": String {
                  "isDoubleQuote": true,
                  "kind": "string",
                  "raw": "\\"/12345\\"",
                  "unicode": false,
                  "value": "/12345",
                },
                "type": ".",
              },
            ],
            "kind": "call",
            "what": Name {
              "kind": "name",
              "name": "file_exists",
              "resolution": "uqn",
            },
          },
        ],
        "kind": "call",
        "what": Name {
          "kind": "name",
          "name": "var_dump",
          "resolution": "uqn",
        },
      },
      "kind": "expressionstatement",
    },
    ExpressionStatement {
      "expression": Call {
        "arguments": Array [
          Bin {
            "kind": "bin",
            "left": Variable {
              "curly": false,
              "kind": "variable",
              "name": "file_path",
            },
            "right": String {
              "isDoubleQuote": true,
              "kind": "string",
              "raw": "\\"/12345\\"",
              "unicode": false,
              "value": "/12345",
            },
            "type": ".",
          },
        ],
        "kind": "call",
        "what": Name {
          "kind": "name",
          "name": "unlink",
          "resolution": "uqn",
        },
      },
      "kind": "expressionstatement",
    },
    ExpressionStatement {
      "expression": Call {
        "arguments": Array [
          Call {
            "arguments": Array [
              Bin {
                "kind": "bin",
                "left": Variable {
                  "curly": false,
                  "kind": "variable",
                  "name": "file_path",
                },
                "right": String {
                  "isDoubleQuote": true,
                  "kind": "string",
                  "raw": "\\"/rename_variation2_dir/\\"",
                  "unicode": false,
                  "value": "/rename_variation2_dir/",
                },
                "type": ".",
              },
              Bin {
                "kind": "bin",
                "left": Variable {
                  "curly": false,
                  "kind": "variable",
                  "name": "file_path",
                },
                "right": String {
                  "isDoubleQuote": true,
                  "kind": "string",
                  "raw": "\\"/12345\\"",
                  "unicode": false,
                  "value": "/12345",
                },
                "type": ".",
              },
            ],
            "kind": "call",
            "what": Name {
              "kind": "name",
              "name": "rename",
              "resolution": "uqn",
            },
          },
        ],
        "kind": "call",
        "what": Name {
          "kind": "name",
          "name": "var_dump",
          "resolution": "uqn",
        },
      },
      "kind": "expressionstatement",
    },
    ExpressionStatement {
      "expression": Call {
        "arguments": Array [
          Call {
            "arguments": Array [
              Bin {
                "kind": "bin",
                "left": Variable {
                  "curly": false,
                  "kind": "variable",
                  "name": "file_path",
                },
                "right": String {
                  "isDoubleQuote": true,
                  "kind": "string",
                  "raw": "\\"/rename_variation2_dir\\"",
                  "unicode": false,
                  "value": "/rename_variation2_dir",
                },
                "type": ".",
              },
            ],
            "kind": "call",
            "what": Name {
              "kind": "name",
              "name": "file_exists",
              "resolution": "uqn",
            },
          },
        ],
        "kind": "call",
        "what": Name {
          "kind": "name",
          "name": "var_dump",
          "resolution": "uqn",
        },
      },
      "kind": "expressionstatement",
    },
    ExpressionStatement {
      "expression": Call {
        "arguments": Array [
          Call {
            "arguments": Array [
              Bin {
                "kind": "bin",
                "left": Variable {
                  "curly": false,
                  "kind": "variable",
                  "name": "file_path",
                },
                "right": String {
                  "isDoubleQuote": true,
                  "kind": "string",
                  "raw": "\\"/12345\\"",
                  "unicode": false,
                  "value": "/12345",
                },
                "type": ".",
              },
            ],
            "kind": "call",
            "what": Name {
              "kind": "name",
              "name": "file_exists",
              "resolution": "uqn",
            },
          },
        ],
        "kind": "call",
        "what": Name {
          "kind": "name",
          "name": "var_dump",
          "resolution": "uqn",
        },
      },
      "kind": "expressionstatement",
    },
    ExpressionStatement {
      "expression": Call {
        "arguments": Array [
          Bin {
            "kind": "bin",
            "left": Variable {
              "curly": false,
              "kind": "variable",
              "name": "file_path",
            },
            "right": String {
              "isDoubleQuote": true,
              "kind": "string",
              "raw": "\\"/12345\\"",
              "unicode": false,
              "value": "/12345",
            },
            "type": ".",
          },
        ],
        "kind": "call",
        "what": Name {
          "kind": "name",
          "name": "rmdir",
          "resolution": "uqn",
        },
      },
      "kind": "expressionstatement",
    },
    Echo {
      "expressions": Array [
        String {
          "isDoubleQuote": true,
          "kind": "string",
          "raw": "\\"Done\\\\n\\"",
          "unicode": false,
          "value": "Done
",
        },
      ],
      "kind": "echo",
      "shortForm": false,
    },
  ],
  "errors": Array [],
  "kind": "program",
}
`;
