// Jest Snapshot v1, https://goo.gl/fbAQLP

exports[`php-src tests ZE2 Destructing and references 1`] = `
Program {
  "children": Array [
    Class {
      "attrGroups": Array [],
      "body": Array [
        PropertyStatement {
          "isStatic": false,
          "kind": "propertystatement",
          "properties": Array [
            Property {
              "attrGroups": Array [],
              "kind": "property",
              "name": Identifier {
                "kind": "identifier",
                "name": "x",
              },
              "nullable": false,
              "readonly": false,
              "type": null,
              "value": null,
            },
          ],
          "visibility": "public",
        },
      ],
      "extends": null,
      "implements": null,
      "isAbstract": false,
      "isAnonymous": false,
      "isFinal": false,
      "kind": "class",
      "name": Identifier {
        "kind": "identifier",
        "name": "test1",
      },
    },
    Class {
      "attrGroups": Array [],
      "body": Array [
        PropertyStatement {
          "isStatic": false,
          "kind": "propertystatement",
          "properties": Array [
            Property {
              "attrGroups": Array [],
              "kind": "property",
              "name": Identifier {
                "kind": "identifier",
                "name": "x",
              },
              "nullable": false,
              "readonly": false,
              "type": null,
              "value": null,
            },
          ],
          "visibility": "public",
        },
      ],
      "extends": null,
      "implements": null,
      "isAbstract": false,
      "isAnonymous": false,
      "isFinal": false,
      "kind": "class",
      "name": Identifier {
        "kind": "identifier",
        "name": "test2",
      },
    },
    Class {
      "attrGroups": Array [],
      "body": Array [
        PropertyStatement {
          "isStatic": false,
          "kind": "propertystatement",
          "properties": Array [
            Property {
              "attrGroups": Array [],
              "kind": "property",
              "name": Identifier {
                "kind": "identifier",
                "name": "x",
              },
              "nullable": false,
              "readonly": false,
              "type": null,
              "value": null,
            },
          ],
          "visibility": "public",
        },
      ],
      "extends": null,
      "implements": null,
      "isAbstract": false,
      "isAnonymous": false,
      "isFinal": false,
      "kind": "class",
      "name": Identifier {
        "kind": "identifier",
        "name": "test3",
      },
    },
    Class {
      "attrGroups": Array [],
      "body": Array [
        PropertyStatement {
          "isStatic": false,
          "kind": "propertystatement",
          "properties": Array [
            Property {
              "attrGroups": Array [],
              "kind": "property",
              "name": Identifier {
                "kind": "identifier",
                "name": "x",
              },
              "nullable": false,
              "readonly": false,
              "type": null,
              "value": null,
            },
          ],
          "visibility": "public",
        },
      ],
      "extends": null,
      "implements": null,
      "isAbstract": false,
      "isAnonymous": false,
      "isFinal": false,
      "kind": "class",
      "name": Identifier {
        "kind": "identifier",
        "name": "test4",
      },
    },
    ExpressionStatement {
      "expression": Assign {
        "kind": "assign",
        "left": Variable {
          "curly": false,
          "kind": "variable",
          "name": "o1",
        },
        "operator": "=",
        "right": New {
          "arguments": Array [],
          "kind": "new",
          "what": Name {
            "kind": "name",
            "name": "test1",
            "resolution": "uqn",
          },
        },
      },
      "kind": "expressionstatement",
    },
    ExpressionStatement {
      "expression": Assign {
        "kind": "assign",
        "left": Variable {
          "curly": false,
          "kind": "variable",
          "name": "o2",
        },
        "operator": "=",
        "right": New {
          "arguments": Array [],
          "kind": "new",
          "what": Name {
            "kind": "name",
            "name": "test2",
            "resolution": "uqn",
          },
        },
      },
      "kind": "expressionstatement",
    },
    ExpressionStatement {
      "expression": Assign {
        "kind": "assign",
        "left": Variable {
          "curly": false,
          "kind": "variable",
          "name": "o3",
        },
        "operator": "=",
        "right": New {
          "arguments": Array [],
          "kind": "new",
          "what": Name {
            "kind": "name",
            "name": "test3",
            "resolution": "uqn",
          },
        },
      },
      "kind": "expressionstatement",
    },
    ExpressionStatement {
      "expression": Assign {
        "kind": "assign",
        "left": Variable {
          "curly": false,
          "kind": "variable",
          "name": "o4",
        },
        "operator": "=",
        "right": New {
          "arguments": Array [],
          "kind": "new",
          "what": Name {
            "kind": "name",
            "name": "test4",
            "resolution": "uqn",
          },
        },
      },
      "kind": "expressionstatement",
    },
    ExpressionStatement {
      "expression": AssignRef {
        "kind": "assignref",
        "left": PropertyLookup {
          "kind": "propertylookup",
          "offset": Identifier {
            "kind": "identifier",
            "name": "x",
          },
          "what": Variable {
            "curly": false,
            "kind": "variable",
            "name": "o3",
          },
        },
        "right": Variable {
          "curly": false,
          "kind": "variable",
          "name": "o4",
        },
      },
      "kind": "expressionstatement",
    },
    ExpressionStatement {
      "expression": AssignRef {
        "kind": "assignref",
        "left": Variable {
          "curly": false,
          "kind": "variable",
          "name": "r1",
        },
        "right": Variable {
          "curly": false,
          "kind": "variable",
          "name": "o1",
        },
      },
      "kind": "expressionstatement",
    },
    Class {
      "attrGroups": Array [],
      "body": Array [],
      "extends": null,
      "implements": null,
      "isAbstract": false,
      "isAnonymous": false,
      "isFinal": false,
      "kind": "class",
      "name": Identifier {
        "kind": "identifier",
        "name": "once",
      },
    },
    ExpressionStatement {
      "expression": Assign {
        "kind": "assign",
        "left": Variable {
          "curly": false,
          "kind": "variable",
          "name": "o",
        },
        "operator": "=",
        "right": New {
          "arguments": Array [],
          "kind": "new",
          "what": Name {
            "kind": "name",
            "name": "once",
            "resolution": "uqn",
          },
        },
      },
      "kind": "expressionstatement",
    },
    Echo {
      "expressions": Array [
        String {
          "isDoubleQuote": true,
          "kind": "string",
          "raw": "\\"Done\\\\n\\"",
          "unicode": false,
          "value": "Done
",
        },
      ],
      "kind": "echo",
      "shortForm": false,
    },
  ],
  "errors": Array [],
  "kind": "program",
}
`;
