// Jest Snapshot v1, https://goo.gl/fbAQLP

exports[`php-src tests STDIN input 1`] = `
Program {
  "children": Array [
    ExpressionStatement {
      "expression": Call {
        "arguments": Array [
          Call {
            "arguments": Array [
              Name {
                "kind": "name",
                "name": "STDIN",
                "resolution": "uqn",
              },
            ],
            "kind": "call",
            "what": Name {
              "kind": "name",
              "name": "stream_get_contents",
              "resolution": "uqn",
            },
          },
        ],
        "kind": "call",
        "what": Name {
          "kind": "name",
          "name": "var_dump",
          "resolution": "uqn",
        },
      },
      "kind": "expressionstatement",
    },
    ExpressionStatement {
      "expression": Call {
        "arguments": Array [
          Call {
            "arguments": Array [
              Call {
                "arguments": Array [
                  String {
                    "isDoubleQuote": false,
                    "kind": "string",
                    "raw": "'php://stdin'",
                    "unicode": false,
                    "value": "php://stdin",
                  },
                  String {
                    "isDoubleQuote": false,
                    "kind": "string",
                    "raw": "'r'",
                    "unicode": false,
                    "value": "r",
                  },
                ],
                "kind": "call",
                "what": Name {
                  "kind": "name",
                  "name": "fopen",
                  "resolution": "uqn",
                },
              },
            ],
            "kind": "call",
            "what": Name {
              "kind": "name",
              "name": "stream_get_contents",
              "resolution": "uqn",
            },
          },
        ],
        "kind": "call",
        "what": Name {
          "kind": "name",
          "name": "var_dump",
          "resolution": "uqn",
        },
      },
      "kind": "expressionstatement",
    },
    ExpressionStatement {
      "expression": Call {
        "arguments": Array [
          Call {
            "arguments": Array [
              String {
                "isDoubleQuote": false,
                "kind": "string",
                "raw": "'php://stdin'",
                "unicode": false,
                "value": "php://stdin",
              },
            ],
            "kind": "call",
            "what": Name {
              "kind": "name",
              "name": "file_get_contents",
              "resolution": "uqn",
            },
          },
        ],
        "kind": "call",
        "what": Name {
          "kind": "name",
          "name": "var_dump",
          "resolution": "uqn",
        },
      },
      "kind": "expressionstatement",
    },
  ],
  "errors": Array [],
  "kind": "program",
}
`;
