// Jest Snapshot v1, https://goo.gl/fbAQLP

exports[`php-src tests ZE2 factory and singleton, test 7 1`] = `
Program {
  "children": Array [
    Class {
      "attrGroups": Array [],
      "body": Array [
        Method {
          "arguments": Array [],
          "attrGroups": Array [],
          "body": Block {
            "children": Array [],
            "kind": "block",
          },
          "byref": false,
          "isAbstract": false,
          "isFinal": false,
          "isStatic": false,
          "kind": "method",
          "name": Identifier {
            "kind": "identifier",
            "name": "__clone",
          },
          "nullable": false,
          "type": null,
          "visibility": "protected",
        },
      ],
      "extends": null,
      "implements": null,
      "isAbstract": false,
      "isAnonymous": false,
      "isFinal": false,
      "kind": "class",
      "name": Identifier {
        "kind": "identifier",
        "name": "test",
      },
    },
    ExpressionStatement {
      "expression": Assign {
        "kind": "assign",
        "left": Variable {
          "curly": false,
          "kind": "variable",
          "name": "obj",
        },
        "operator": "=",
        "right": New {
          "arguments": Array [],
          "kind": "new",
          "what": Name {
            "kind": "name",
            "name": "test",
            "resolution": "uqn",
          },
        },
      },
      "kind": "expressionstatement",
    },
    ExpressionStatement {
      "expression": Assign {
        "kind": "assign",
        "left": Variable {
          "curly": false,
          "kind": "variable",
          "name": "clone",
        },
        "operator": "=",
        "right": Clone {
          "kind": "clone",
          "what": Variable {
            "curly": false,
            "kind": "variable",
            "name": "obj",
          },
        },
      },
      "kind": "expressionstatement",
    },
    ExpressionStatement {
      "expression": Assign {
        "kind": "assign",
        "left": Variable {
          "curly": false,
          "kind": "variable",
          "name": "obj",
        },
        "operator": "=",
        "right": NullKeyword {
          "kind": "nullkeyword",
          "raw": "NULL",
        },
      },
      "kind": "expressionstatement",
    },
    Echo {
      "expressions": Array [
        String {
          "isDoubleQuote": true,
          "kind": "string",
          "raw": "\\"Done\\\\n\\"",
          "unicode": false,
          "value": "Done
",
        },
      ],
      "kind": "echo",
      "shortForm": false,
    },
  ],
  "errors": Array [],
  "kind": "program",
}
`;
