// Jest Snapshot v1, https://goo.gl/fbAQLP

exports[`php-src tests Generator::getReturn() error cases 1`] = `
Program {
  "children": Array [
    _Function {
      "arguments": Array [],
      "attrGroups": Array [],
      "body": Block {
        "children": Array [
          ExpressionStatement {
            "expression": Yield {
              "key": null,
              "kind": "yield",
              "value": Number {
                "kind": "number",
                "value": "1",
              },
            },
            "kind": "expressionstatement",
          },
          ExpressionStatement {
            "expression": Yield {
              "key": null,
              "kind": "yield",
              "value": Number {
                "kind": "number",
                "value": "2",
              },
            },
            "kind": "expressionstatement",
          },
          Return {
            "expr": Number {
              "kind": "number",
              "value": "3",
            },
            "kind": "return",
          },
        ],
        "kind": "block",
      },
      "byref": false,
      "kind": "function",
      "name": Identifier {
        "kind": "identifier",
        "name": "gen1",
      },
      "nullable": false,
      "type": null,
    },
    ExpressionStatement {
      "expression": Assign {
        "kind": "assign",
        "left": Variable {
          "curly": false,
          "kind": "variable",
          "name": "gen",
        },
        "operator": "=",
        "right": Call {
          "arguments": Array [],
          "kind": "call",
          "what": Name {
            "kind": "name",
            "name": "gen1",
            "resolution": "uqn",
          },
        },
      },
      "kind": "expressionstatement",
    },
    Try {
      "always": null,
      "body": Block {
        "children": Array [
          ExpressionStatement {
            "expression": Call {
              "arguments": Array [],
              "kind": "call",
              "what": PropertyLookup {
                "kind": "propertylookup",
                "offset": Identifier {
                  "kind": "identifier",
                  "name": "getReturn",
                },
                "what": Variable {
                  "curly": false,
                  "kind": "variable",
                  "name": "gen",
                },
              },
            },
            "kind": "expressionstatement",
          },
        ],
        "kind": "block",
      },
      "catches": Array [
        Catch {
          "body": Block {
            "children": Array [
              Echo {
                "expressions": Array [
                  Call {
                    "arguments": Array [],
                    "kind": "call",
                    "what": PropertyLookup {
                      "kind": "propertylookup",
                      "offset": Identifier {
                        "kind": "identifier",
                        "name": "getMessage",
                      },
                      "what": Variable {
                        "curly": false,
                        "kind": "variable",
                        "name": "e",
                      },
                    },
                  },
                  String {
                    "isDoubleQuote": true,
                    "kind": "string",
                    "raw": "\\"\\\\n\\"",
                    "unicode": false,
                    "value": "
",
                  },
                ],
                "kind": "echo",
                "shortForm": false,
              },
            ],
            "kind": "block",
          },
          "kind": "catch",
          "variable": Variable {
            "curly": false,
            "kind": "variable",
            "name": "e",
          },
          "what": Array [
            Name {
              "kind": "name",
              "name": "Exception",
              "resolution": "uqn",
            },
          ],
        },
      ],
      "kind": "try",
    },
    _Function {
      "arguments": Array [],
      "attrGroups": Array [],
      "body": Block {
        "children": Array [
          Throw {
            "kind": "throw",
            "what": New {
              "arguments": Array [
                String {
                  "isDoubleQuote": true,
                  "kind": "string",
                  "raw": "\\"gen2() throw\\"",
                  "unicode": false,
                  "value": "gen2() throw",
                },
              ],
              "kind": "new",
              "what": Name {
                "kind": "name",
                "name": "Exception",
                "resolution": "uqn",
              },
            },
          },
          ExpressionStatement {
            "expression": Yield {
              "key": null,
              "kind": "yield",
              "value": Number {
                "kind": "number",
                "value": "1",
              },
            },
            "kind": "expressionstatement",
          },
          Return {
            "expr": Number {
              "kind": "number",
              "value": "2",
            },
            "kind": "return",
          },
        ],
        "kind": "block",
      },
      "byref": false,
      "kind": "function",
      "name": Identifier {
        "kind": "identifier",
        "name": "gen2",
      },
      "nullable": false,
      "type": null,
    },
    ExpressionStatement {
      "expression": Assign {
        "kind": "assign",
        "left": Variable {
          "curly": false,
          "kind": "variable",
          "name": "gen",
        },
        "operator": "=",
        "right": Call {
          "arguments": Array [],
          "kind": "call",
          "what": Name {
            "kind": "name",
            "name": "gen2",
            "resolution": "uqn",
          },
        },
      },
      "kind": "expressionstatement",
    },
    Try {
      "always": null,
      "body": Block {
        "children": Array [
          ExpressionStatement {
            "expression": Call {
              "arguments": Array [],
              "kind": "call",
              "what": PropertyLookup {
                "kind": "propertylookup",
                "offset": Identifier {
                  "kind": "identifier",
                  "name": "next",
                },
                "what": Variable {
                  "curly": false,
                  "kind": "variable",
                  "name": "gen",
                },
              },
            },
            "kind": "expressionstatement",
          },
        ],
        "kind": "block",
      },
      "catches": Array [
        Catch {
          "body": Block {
            "children": Array [
              Echo {
                "expressions": Array [
                  Call {
                    "arguments": Array [],
                    "kind": "call",
                    "what": PropertyLookup {
                      "kind": "propertylookup",
                      "offset": Identifier {
                        "kind": "identifier",
                        "name": "getMessage",
                      },
                      "what": Variable {
                        "curly": false,
                        "kind": "variable",
                        "name": "e",
                      },
                    },
                  },
                  String {
                    "isDoubleQuote": true,
                    "kind": "string",
                    "raw": "\\"\\\\n\\"",
                    "unicode": false,
                    "value": "
",
                  },
                ],
                "kind": "echo",
                "shortForm": false,
              },
            ],
            "kind": "block",
          },
          "kind": "catch",
          "variable": Variable {
            "curly": false,
            "kind": "variable",
            "name": "e",
          },
          "what": Array [
            Name {
              "kind": "name",
              "name": "Exception",
              "resolution": "uqn",
            },
          ],
        },
      ],
      "kind": "try",
    },
    Try {
      "always": null,
      "body": Block {
        "children": Array [
          ExpressionStatement {
            "expression": Call {
              "arguments": Array [],
              "kind": "call",
              "what": PropertyLookup {
                "kind": "propertylookup",
                "offset": Identifier {
                  "kind": "identifier",
                  "name": "getReturn",
                },
                "what": Variable {
                  "curly": false,
                  "kind": "variable",
                  "name": "gen",
                },
              },
            },
            "kind": "expressionstatement",
          },
        ],
        "kind": "block",
      },
      "catches": Array [
        Catch {
          "body": Block {
            "children": Array [
              Echo {
                "expressions": Array [
                  Call {
                    "arguments": Array [],
                    "kind": "call",
                    "what": PropertyLookup {
                      "kind": "propertylookup",
                      "offset": Identifier {
                        "kind": "identifier",
                        "name": "getMessage",
                      },
                      "what": Variable {
                        "curly": false,
                        "kind": "variable",
                        "name": "e",
                      },
                    },
                  },
                  String {
                    "isDoubleQuote": true,
                    "kind": "string",
                    "raw": "\\"\\\\n\\"",
                    "unicode": false,
                    "value": "
",
                  },
                ],
                "kind": "echo",
                "shortForm": false,
              },
            ],
            "kind": "block",
          },
          "kind": "catch",
          "variable": Variable {
            "curly": false,
            "kind": "variable",
            "name": "e",
          },
          "what": Array [
            Name {
              "kind": "name",
              "name": "Exception",
              "resolution": "uqn",
            },
          ],
        },
      ],
      "kind": "try",
    },
    _Function {
      "arguments": Array [],
      "attrGroups": Array [],
      "body": Block {
        "children": Array [
          Throw {
            "kind": "throw",
            "what": New {
              "arguments": Array [
                String {
                  "isDoubleQuote": true,
                  "kind": "string",
                  "raw": "\\"gen3() throw\\"",
                  "unicode": false,
                  "value": "gen3() throw",
                },
              ],
              "kind": "new",
              "what": Name {
                "kind": "name",
                "name": "Exception",
                "resolution": "uqn",
              },
            },
          },
          Return {
            "expr": Number {
              "kind": "number",
              "value": "1",
            },
            "kind": "return",
          },
          ExpressionStatement {
            "expression": Yield {
              "key": null,
              "kind": "yield",
              "value": Number {
                "kind": "number",
                "value": "2",
              },
            },
            "kind": "expressionstatement",
          },
        ],
        "kind": "block",
      },
      "byref": false,
      "kind": "function",
      "name": Identifier {
        "kind": "identifier",
        "name": "gen3",
      },
      "nullable": false,
      "type": null,
    },
    ExpressionStatement {
      "expression": Assign {
        "kind": "assign",
        "left": Variable {
          "curly": false,
          "kind": "variable",
          "name": "gen",
        },
        "operator": "=",
        "right": Call {
          "arguments": Array [],
          "kind": "call",
          "what": Name {
            "kind": "name",
            "name": "gen3",
            "resolution": "uqn",
          },
        },
      },
      "kind": "expressionstatement",
    },
    Try {
      "always": null,
      "body": Block {
        "children": Array [
          ExpressionStatement {
            "expression": Call {
              "arguments": Array [],
              "kind": "call",
              "what": PropertyLookup {
                "kind": "propertylookup",
                "offset": Identifier {
                  "kind": "identifier",
                  "name": "getReturn",
                },
                "what": Variable {
                  "curly": false,
                  "kind": "variable",
                  "name": "gen",
                },
              },
            },
            "kind": "expressionstatement",
          },
        ],
        "kind": "block",
      },
      "catches": Array [
        Catch {
          "body": Block {
            "children": Array [
              Echo {
                "expressions": Array [
                  Call {
                    "arguments": Array [],
                    "kind": "call",
                    "what": PropertyLookup {
                      "kind": "propertylookup",
                      "offset": Identifier {
                        "kind": "identifier",
                        "name": "getMessage",
                      },
                      "what": Variable {
                        "curly": false,
                        "kind": "variable",
                        "name": "e",
                      },
                    },
                  },
                  String {
                    "isDoubleQuote": true,
                    "kind": "string",
                    "raw": "\\"\\\\n\\"",
                    "unicode": false,
                    "value": "
",
                  },
                ],
                "kind": "echo",
                "shortForm": false,
              },
            ],
            "kind": "block",
          },
          "kind": "catch",
          "variable": Variable {
            "curly": false,
            "kind": "variable",
            "name": "e",
          },
          "what": Array [
            Name {
              "kind": "name",
              "name": "Exception",
              "resolution": "uqn",
            },
          ],
        },
      ],
      "kind": "try",
    },
    _Function {
      "arguments": Array [],
      "attrGroups": Array [],
      "body": Block {
        "children": Array [
          ExpressionStatement {
            "expression": Yield {
              "key": null,
              "kind": "yield",
              "value": null,
            },
            "kind": "expressionstatement",
          },
          Return {
            "expr": Number {
              "kind": "number",
              "value": "1",
            },
            "kind": "return",
          },
        ],
        "kind": "block",
      },
      "byref": false,
      "kind": "function",
      "name": Identifier {
        "kind": "identifier",
        "name": "gen4",
      },
      "nullable": false,
      "type": null,
    },
    ExpressionStatement {
      "expression": Assign {
        "kind": "assign",
        "left": Variable {
          "curly": false,
          "kind": "variable",
          "name": "gen",
        },
        "operator": "=",
        "right": Call {
          "arguments": Array [],
          "kind": "call",
          "what": Name {
            "kind": "name",
            "name": "gen4",
            "resolution": "uqn",
          },
        },
      },
      "kind": "expressionstatement",
    },
    Try {
      "always": null,
      "body": Block {
        "children": Array [
          ExpressionStatement {
            "expression": Call {
              "arguments": Array [
                New {
                  "arguments": Array [
                    String {
                      "isDoubleQuote": true,
                      "kind": "string",
                      "raw": "\\"gen4() throw\\"",
                      "unicode": false,
                      "value": "gen4() throw",
                    },
                  ],
                  "kind": "new",
                  "what": Name {
                    "kind": "name",
                    "name": "Exception",
                    "resolution": "uqn",
                  },
                },
              ],
              "kind": "call",
              "what": PropertyLookup {
                "kind": "propertylookup",
                "offset": Identifier {
                  "kind": "identifier",
                  "name": "throw",
                },
                "what": Variable {
                  "curly": false,
                  "kind": "variable",
                  "name": "gen",
                },
              },
            },
            "kind": "expressionstatement",
          },
        ],
        "kind": "block",
      },
      "catches": Array [
        Catch {
          "body": Block {
            "children": Array [
              Echo {
                "expressions": Array [
                  Call {
                    "arguments": Array [],
                    "kind": "call",
                    "what": PropertyLookup {
                      "kind": "propertylookup",
                      "offset": Identifier {
                        "kind": "identifier",
                        "name": "getMessage",
                      },
                      "what": Variable {
                        "curly": false,
                        "kind": "variable",
                        "name": "e",
                      },
                    },
                  },
                  String {
                    "isDoubleQuote": true,
                    "kind": "string",
                    "raw": "\\"\\\\n\\"",
                    "unicode": false,
                    "value": "
",
                  },
                ],
                "kind": "echo",
                "shortForm": false,
              },
            ],
            "kind": "block",
          },
          "kind": "catch",
          "variable": Variable {
            "curly": false,
            "kind": "variable",
            "name": "e",
          },
          "what": Array [
            Name {
              "kind": "name",
              "name": "Exception",
              "resolution": "uqn",
            },
          ],
        },
      ],
      "kind": "try",
    },
    Try {
      "always": null,
      "body": Block {
        "children": Array [
          ExpressionStatement {
            "expression": Call {
              "arguments": Array [],
              "kind": "call",
              "what": PropertyLookup {
                "kind": "propertylookup",
                "offset": Identifier {
                  "kind": "identifier",
                  "name": "getReturn",
                },
                "what": Variable {
                  "curly": false,
                  "kind": "variable",
                  "name": "gen",
                },
              },
            },
            "kind": "expressionstatement",
          },
        ],
        "kind": "block",
      },
      "catches": Array [
        Catch {
          "body": Block {
            "children": Array [
              Echo {
                "expressions": Array [
                  Call {
                    "arguments": Array [],
                    "kind": "call",
                    "what": PropertyLookup {
                      "kind": "propertylookup",
                      "offset": Identifier {
                        "kind": "identifier",
                        "name": "getMessage",
                      },
                      "what": Variable {
                        "curly": false,
                        "kind": "variable",
                        "name": "e",
                      },
                    },
                  },
                  String {
                    "isDoubleQuote": true,
                    "kind": "string",
                    "raw": "\\"\\\\n\\"",
                    "unicode": false,
                    "value": "
",
                  },
                ],
                "kind": "echo",
                "shortForm": false,
              },
            ],
            "kind": "block",
          },
          "kind": "catch",
          "variable": Variable {
            "curly": false,
            "kind": "variable",
            "name": "e",
          },
          "what": Array [
            Name {
              "kind": "name",
              "name": "Exception",
              "resolution": "uqn",
            },
          ],
        },
      ],
      "kind": "try",
    },
  ],
  "errors": Array [],
  "kind": "program",
}
`;
