// Jest Snapshot v1, https://goo.gl/fbAQLP

exports[`php-src tests Bug #68163: Using reference as object property name 1`] = `
Program {
  "children": Array [
    ExpressionStatement {
      "expression": Assign {
        "kind": "assign",
        "left": Variable {
          "curly": false,
          "kind": "variable",
          "name": "obj",
        },
        "operator": "=",
        "right": Cast {
          "expr": Array {
            "items": Array [
              Entry {
                "byRef": false,
                "key": String {
                  "isDoubleQuote": false,
                  "kind": "string",
                  "raw": "'foo'",
                  "unicode": false,
                  "value": "foo",
                },
                "kind": "entry",
                "unpack": false,
                "value": String {
                  "isDoubleQuote": false,
                  "kind": "string",
                  "raw": "'bar'",
                  "unicode": false,
                  "value": "bar",
                },
              },
            ],
            "kind": "array",
            "shortForm": true,
          },
          "kind": "cast",
          "raw": "(object)",
          "type": "object",
        },
      },
      "kind": "expressionstatement",
    },
    ExpressionStatement {
      "expression": Assign {
        "kind": "assign",
        "left": Variable {
          "curly": false,
          "kind": "variable",
          "name": "foo",
        },
        "operator": "=",
        "right": String {
          "isDoubleQuote": false,
          "kind": "string",
          "raw": "'foo'",
          "unicode": false,
          "value": "foo",
        },
      },
      "kind": "expressionstatement",
    },
    ExpressionStatement {
      "expression": AssignRef {
        "kind": "assignref",
        "left": Variable {
          "curly": false,
          "kind": "variable",
          "name": "ref",
        },
        "right": Variable {
          "curly": false,
          "kind": "variable",
          "name": "foo",
        },
      },
      "kind": "expressionstatement",
    },
    ExpressionStatement {
      "expression": Call {
        "arguments": Array [
          PropertyLookup {
            "kind": "propertylookup",
            "offset": Variable {
              "curly": false,
              "kind": "variable",
              "name": "foo",
            },
            "what": Variable {
              "curly": false,
              "kind": "variable",
              "name": "obj",
            },
          },
        ],
        "kind": "call",
        "what": Name {
          "kind": "name",
          "name": "var_dump",
          "resolution": "uqn",
        },
      },
      "kind": "expressionstatement",
    },
  ],
  "errors": Array [],
  "kind": "program",
}
`;
