// Jest Snapshot v1, https://goo.gl/fbAQLP

exports[`php-src tests Break 2 in try and return in finally inside nested loop 1`] = `
Program {
  "children": Array [
    _Function {
      "arguments": Array [],
      "attrGroups": Array [],
      "body": Block {
        "children": Array [
          ExpressionStatement {
            "expression": Assign {
              "kind": "assign",
              "left": Variable {
                "curly": false,
                "kind": "variable",
                "name": "array",
              },
              "operator": "=",
              "right": Array {
                "items": Array [
                  Entry {
                    "byRef": false,
                    "key": null,
                    "kind": "entry",
                    "unpack": false,
                    "value": Number {
                      "kind": "number",
                      "value": "1",
                    },
                  },
                  Entry {
                    "byRef": false,
                    "key": null,
                    "kind": "entry",
                    "unpack": false,
                    "value": Number {
                      "kind": "number",
                      "value": "2",
                    },
                  },
                  Entry {
                    "byRef": false,
                    "key": null,
                    "kind": "entry",
                    "unpack": false,
                    "value": Assign {
                      "kind": "assign",
                      "left": Variable {
                        "curly": false,
                        "kind": "variable",
                        "name": "n",
                      },
                      "operator": "=",
                      "right": Number {
                        "kind": "number",
                        "value": "3",
                      },
                    },
                  },
                ],
                "kind": "array",
                "shortForm": true,
              },
            },
            "kind": "expressionstatement",
          },
          Foreach {
            "body": Block {
              "children": Array [
                Foreach {
                  "body": Block {
                    "children": Array [
                      Try {
                        "always": Block {
                          "children": Array [
                            Echo {
                              "expressions": Array [
                                String {
                                  "isDoubleQuote": true,
                                  "kind": "string",
                                  "raw": "\\"finally\\\\n\\"",
                                  "unicode": false,
                                  "value": "finally
",
                                },
                              ],
                              "kind": "echo",
                              "shortForm": false,
                            },
                            Return {
                              "expr": null,
                              "kind": "return",
                            },
                          ],
                          "kind": "block",
                        },
                        "body": Block {
                          "children": Array [
                            Echo {
                              "expressions": Array [
                                String {
                                  "isDoubleQuote": true,
                                  "kind": "string",
                                  "raw": "\\"try\\\\n\\"",
                                  "unicode": false,
                                  "value": "try
",
                                },
                              ],
                              "kind": "echo",
                              "shortForm": false,
                            },
                            Break {
                              "kind": "break",
                              "level": Number {
                                "kind": "number",
                                "value": "2",
                              },
                            },
                          ],
                          "kind": "block",
                        },
                        "catches": Array [],
                        "kind": "try",
                      },
                    ],
                    "kind": "block",
                  },
                  "key": null,
                  "kind": "foreach",
                  "shortForm": false,
                  "source": Variable {
                    "curly": false,
                    "kind": "variable",
                    "name": "array",
                  },
                  "value": Variable {
                    "curly": false,
                    "kind": "variable",
                    "name": "value",
                  },
                },
              ],
              "kind": "block",
            },
            "key": null,
            "kind": "foreach",
            "shortForm": false,
            "source": Variable {
              "curly": false,
              "kind": "variable",
              "name": "array",
            },
            "value": Variable {
              "curly": false,
              "kind": "variable",
              "name": "value",
            },
          },
        ],
        "kind": "block",
      },
      "byref": false,
      "kind": "function",
      "name": Identifier {
        "kind": "identifier",
        "name": "foo",
      },
      "nullable": false,
      "type": null,
    },
    ExpressionStatement {
      "expression": Call {
        "arguments": Array [],
        "kind": "call",
        "what": Name {
          "kind": "name",
          "name": "foo",
          "resolution": "uqn",
        },
      },
      "kind": "expressionstatement",
    },
  ],
  "errors": Array [],
  "kind": "program",
}
`;
