// Jest Snapshot v1, https://goo.gl/fbAQLP

exports[`php-src tests Bug #36759 (Objects destructors are invoked in wrong order when script is finished) 1`] = `
Program {
  "children": Array [
    Class {
      "attrGroups": Array [],
      "body": Array [
        PropertyStatement {
          "isStatic": false,
          "kind": "propertystatement",
          "properties": Array [
            Property {
              "attrGroups": Array [],
              "kind": "property",
              "name": Identifier {
                "kind": "identifier",
                "name": "bar",
              },
              "nullable": false,
              "readonly": false,
              "type": null,
              "value": null,
            },
          ],
          "visibility": "private",
        },
        Method {
          "arguments": Array [
            Parameter {
              "attrGroups": Array [],
              "byref": false,
              "flags": 0,
              "kind": "parameter",
              "name": Identifier {
                "kind": "identifier",
                "name": "bar",
              },
              "nullable": false,
              "readonly": false,
              "type": null,
              "value": null,
              "variadic": false,
            },
          ],
          "attrGroups": Array [],
          "body": Block {
            "children": Array [
              ExpressionStatement {
                "expression": Assign {
                  "kind": "assign",
                  "left": PropertyLookup {
                    "kind": "propertylookup",
                    "offset": Identifier {
                      "kind": "identifier",
                      "name": "bar",
                    },
                    "what": Variable {
                      "curly": false,
                      "kind": "variable",
                      "name": "this",
                    },
                  },
                  "operator": "=",
                  "right": Variable {
                    "curly": false,
                    "kind": "variable",
                    "name": "bar",
                  },
                },
                "kind": "expressionstatement",
              },
            ],
            "kind": "block",
          },
          "byref": false,
          "isAbstract": false,
          "isFinal": false,
          "isStatic": false,
          "kind": "method",
          "name": Identifier {
            "kind": "identifier",
            "name": "__construct",
          },
          "nullable": false,
          "type": null,
          "visibility": "",
        },
        Method {
          "arguments": Array [],
          "attrGroups": Array [],
          "body": Block {
            "children": Array [
              Echo {
                "expressions": Array [
                  Magic {
                    "kind": "magic",
                    "raw": "__METHOD__",
                    "value": "__METHOD__",
                  },
                  String {
                    "isDoubleQuote": true,
                    "kind": "string",
                    "raw": "\\"\\\\n\\"",
                    "unicode": false,
                    "value": "
",
                  },
                ],
                "kind": "echo",
                "shortForm": false,
              },
              Unset {
                "kind": "unset",
                "variables": Array [
                  PropertyLookup {
                    "kind": "propertylookup",
                    "offset": Identifier {
                      "kind": "identifier",
                      "name": "bar",
                    },
                    "what": Variable {
                      "curly": false,
                      "kind": "variable",
                      "name": "this",
                    },
                  },
                ],
              },
            ],
            "kind": "block",
          },
          "byref": false,
          "isAbstract": false,
          "isFinal": false,
          "isStatic": false,
          "kind": "method",
          "name": Identifier {
            "kind": "identifier",
            "name": "__destruct",
          },
          "nullable": false,
          "type": null,
          "visibility": "",
        },
      ],
      "extends": null,
      "implements": null,
      "isAbstract": false,
      "isAnonymous": false,
      "isFinal": false,
      "kind": "class",
      "name": Identifier {
        "kind": "identifier",
        "name": "Foo",
      },
    },
    Class {
      "attrGroups": Array [],
      "body": Array [
        Method {
          "arguments": Array [],
          "attrGroups": Array [],
          "body": Block {
            "children": Array [
              Echo {
                "expressions": Array [
                  Magic {
                    "kind": "magic",
                    "raw": "__METHOD__",
                    "value": "__METHOD__",
                  },
                  String {
                    "isDoubleQuote": true,
                    "kind": "string",
                    "raw": "\\"\\\\n\\"",
                    "unicode": false,
                    "value": "
",
                  },
                ],
                "kind": "echo",
                "shortForm": false,
              },
              Unset {
                "kind": "unset",
                "variables": Array [
                  PropertyLookup {
                    "kind": "propertylookup",
                    "offset": Identifier {
                      "kind": "identifier",
                      "name": "bar",
                    },
                    "what": Variable {
                      "curly": false,
                      "kind": "variable",
                      "name": "this",
                    },
                  },
                ],
              },
            ],
            "kind": "block",
          },
          "byref": false,
          "isAbstract": false,
          "isFinal": false,
          "isStatic": false,
          "kind": "method",
          "name": Identifier {
            "kind": "identifier",
            "name": "__destruct",
          },
          "nullable": false,
          "type": null,
          "visibility": "",
        },
      ],
      "extends": null,
      "implements": null,
      "isAbstract": false,
      "isAnonymous": false,
      "isFinal": false,
      "kind": "class",
      "name": Identifier {
        "kind": "identifier",
        "name": "Bar",
      },
    },
    ExpressionStatement {
      "expression": Assign {
        "kind": "assign",
        "left": Variable {
          "curly": false,
          "kind": "variable",
          "name": "y",
        },
        "operator": "=",
        "right": New {
          "arguments": Array [],
          "kind": "new",
          "what": Name {
            "kind": "name",
            "name": "Bar",
            "resolution": "uqn",
          },
        },
      },
      "kind": "expressionstatement",
    },
    ExpressionStatement {
      "expression": Assign {
        "kind": "assign",
        "left": Variable {
          "curly": false,
          "kind": "variable",
          "name": "x",
        },
        "operator": "=",
        "right": New {
          "arguments": Array [
            Variable {
              "curly": false,
              "kind": "variable",
              "name": "y",
            },
          ],
          "kind": "new",
          "what": Name {
            "kind": "name",
            "name": "Foo",
            "resolution": "uqn",
          },
        },
      },
      "kind": "expressionstatement",
    },
  ],
  "errors": Array [],
  "kind": "program",
}
`;
