// Jest Snapshot v1, https://goo.gl/fbAQLP

exports[`php-src tests It is possible to remove required parameter before a variadic parameter 1`] = `
Program {
  "children": Array [
    Interface {
      "attrGroups": Array [],
      "body": Array [
        Method {
          "arguments": Array [
            Parameter {
              "attrGroups": Array [],
              "byref": false,
              "flags": 0,
              "kind": "parameter",
              "name": Identifier {
                "kind": "identifier",
                "name": "query",
              },
              "nullable": false,
              "readonly": false,
              "type": null,
              "value": null,
              "variadic": false,
            },
            Parameter {
              "attrGroups": Array [],
              "byref": false,
              "flags": 0,
              "kind": "parameter",
              "name": Identifier {
                "kind": "identifier",
                "name": "params",
              },
              "nullable": false,
              "readonly": false,
              "type": null,
              "value": null,
              "variadic": true,
            },
          ],
          "attrGroups": Array [],
          "body": null,
          "byref": false,
          "isAbstract": false,
          "isFinal": false,
          "isStatic": false,
          "kind": "method",
          "name": Identifier {
            "kind": "identifier",
            "name": "query",
          },
          "nullable": false,
          "type": null,
          "visibility": "public",
        },
      ],
      "extends": null,
      "kind": "interface",
      "name": Identifier {
        "kind": "identifier",
        "name": "DB",
      },
    },
    Class {
      "attrGroups": Array [],
      "body": Array [
        Method {
          "arguments": Array [
            Parameter {
              "attrGroups": Array [],
              "byref": false,
              "flags": 0,
              "kind": "parameter",
              "name": Identifier {
                "kind": "identifier",
                "name": "params",
              },
              "nullable": false,
              "readonly": false,
              "type": null,
              "value": null,
              "variadic": true,
            },
          ],
          "attrGroups": Array [],
          "body": Block {
            "children": Array [],
            "kind": "block",
          },
          "byref": false,
          "isAbstract": false,
          "isFinal": false,
          "isStatic": false,
          "kind": "method",
          "name": Identifier {
            "kind": "identifier",
            "name": "query",
          },
          "nullable": false,
          "type": null,
          "visibility": "public",
        },
      ],
      "extends": null,
      "implements": Array [
        Name {
          "kind": "name",
          "name": "DB",
          "resolution": "uqn",
        },
      ],
      "isAbstract": false,
      "isAnonymous": false,
      "isFinal": false,
      "kind": "class",
      "name": Identifier {
        "kind": "identifier",
        "name": "MySQL",
      },
    },
    Inline {
      "kind": "inline",
      "raw": "
===DONE===",
      "value": "===DONE===",
    },
  ],
  "errors": Array [],
  "kind": "program",
}
`;
