// Jest Snapshot v1, https://goo.gl/fbAQLP

exports[`php-src tests Suspend outside fiber 1`] = `
Program {
  "children": Array [
    ExpressionStatement {
      "expression": Assign {
        "kind": "assign",
        "left": Variable {
          "curly": false,
          "kind": "variable",
          "name": "value",
        },
        "operator": "=",
        "right": Call {
          "arguments": Array [
            Number {
              "kind": "number",
              "value": "1",
            },
          ],
          "kind": "call",
          "what": StaticLookup {
            "kind": "staticlookup",
            "offset": Identifier {
              "kind": "identifier",
              "name": "suspend",
            },
            "what": Name {
              "kind": "name",
              "name": "Fiber",
              "resolution": "uqn",
            },
          },
        },
      },
      "kind": "expressionstatement",
    },
  ],
  "errors": Array [],
  "kind": "program",
}
`;
