// Jest Snapshot v1, https://goo.gl/fbAQLP

exports[`php-src tests Bug #34310 (foreach($arr as $c->d => $x) crashes) 1`] = `
Program {
  "children": Array [
    Class {
      "attrGroups": Array [],
      "body": Array [
        PropertyStatement {
          "isStatic": false,
          "kind": "propertystatement",
          "properties": Array [
            Property {
              "attrGroups": Array [],
              "kind": "property",
              "name": Identifier {
                "kind": "identifier",
                "name": "d",
              },
              "nullable": false,
              "readonly": false,
              "type": null,
              "value": null,
            },
          ],
          "visibility": "public",
        },
      ],
      "extends": null,
      "implements": null,
      "isAbstract": false,
      "isAnonymous": false,
      "isFinal": false,
      "kind": "class",
      "name": Identifier {
        "kind": "identifier",
        "name": "C",
      },
    },
    ExpressionStatement {
      "expression": Assign {
        "kind": "assign",
        "left": Variable {
          "curly": false,
          "kind": "variable",
          "name": "c",
        },
        "operator": "=",
        "right": New {
          "arguments": Array [],
          "kind": "new",
          "what": Name {
            "kind": "name",
            "name": "C",
            "resolution": "uqn",
          },
        },
      },
      "kind": "expressionstatement",
    },
    ExpressionStatement {
      "expression": Assign {
        "kind": "assign",
        "left": Variable {
          "curly": false,
          "kind": "variable",
          "name": "arr",
        },
        "operator": "=",
        "right": Array {
          "items": Array [
            Entry {
              "byRef": false,
              "key": Number {
                "kind": "number",
                "value": "1",
              },
              "kind": "entry",
              "unpack": false,
              "value": String {
                "isDoubleQuote": false,
                "kind": "string",
                "raw": "'a'",
                "unicode": false,
                "value": "a",
              },
            },
            Entry {
              "byRef": false,
              "key": Number {
                "kind": "number",
                "value": "2",
              },
              "kind": "entry",
              "unpack": false,
              "value": String {
                "isDoubleQuote": false,
                "kind": "string",
                "raw": "'b'",
                "unicode": false,
                "value": "b",
              },
            },
            Entry {
              "byRef": false,
              "key": Number {
                "kind": "number",
                "value": "3",
              },
              "kind": "entry",
              "unpack": false,
              "value": String {
                "isDoubleQuote": false,
                "kind": "string",
                "raw": "'c'",
                "unicode": false,
                "value": "c",
              },
            },
          ],
          "kind": "array",
          "shortForm": false,
        },
      },
      "kind": "expressionstatement",
    },
    Foreach {
      "body": Block {
        "children": Array [
          Echo {
            "expressions": Array [
              Encapsed {
                "kind": "encapsed",
                "raw": "\\"{$x} => {$c->d}\\\\n\\"",
                "type": "string",
                "value": Array [
                  EncapsedPart {
                    "curly": false,
                    "expression": Variable {
                      "curly": false,
                      "kind": "variable",
                      "name": "x",
                    },
                    "kind": "encapsedpart",
                    "syntax": "complex",
                  },
                  EncapsedPart {
                    "curly": false,
                    "expression": String {
                      "isDoubleQuote": false,
                      "kind": "string",
                      "raw": " => ",
                      "unicode": false,
                      "value": " => ",
                    },
                    "kind": "encapsedpart",
                    "syntax": null,
                  },
                  EncapsedPart {
                    "curly": false,
                    "expression": PropertyLookup {
                      "kind": "propertylookup",
                      "offset": Identifier {
                        "kind": "identifier",
                        "name": "d",
                      },
                      "what": Variable {
                        "curly": false,
                        "kind": "variable",
                        "name": "c",
                      },
                    },
                    "kind": "encapsedpart",
                    "syntax": "complex",
                  },
                  EncapsedPart {
                    "curly": false,
                    "expression": String {
                      "isDoubleQuote": false,
                      "kind": "string",
                      "raw": "\\\\n",
                      "unicode": false,
                      "value": "",
                    },
                    "kind": "encapsedpart",
                    "syntax": null,
                  },
                ],
              },
            ],
            "kind": "echo",
            "shortForm": false,
          },
        ],
        "kind": "block",
      },
      "key": Variable {
        "curly": false,
        "kind": "variable",
        "name": "x",
      },
      "kind": "foreach",
      "shortForm": false,
      "source": Variable {
        "curly": false,
        "kind": "variable",
        "name": "arr",
      },
      "value": PropertyLookup {
        "kind": "propertylookup",
        "offset": Identifier {
          "kind": "identifier",
          "name": "d",
        },
        "what": Variable {
          "curly": false,
          "kind": "variable",
          "name": "c",
        },
      },
    },
    Foreach {
      "body": Block {
        "children": Array [
          Echo {
            "expressions": Array [
              Encapsed {
                "kind": "encapsed",
                "raw": "\\"{$c->d} => {$x}\\\\n\\"",
                "type": "string",
                "value": Array [
                  EncapsedPart {
                    "curly": false,
                    "expression": PropertyLookup {
                      "kind": "propertylookup",
                      "offset": Identifier {
                        "kind": "identifier",
                        "name": "d",
                      },
                      "what": Variable {
                        "curly": false,
                        "kind": "variable",
                        "name": "c",
                      },
                    },
                    "kind": "encapsedpart",
                    "syntax": "complex",
                  },
                  EncapsedPart {
                    "curly": false,
                    "expression": String {
                      "isDoubleQuote": false,
                      "kind": "string",
                      "raw": " => ",
                      "unicode": false,
                      "value": " => ",
                    },
                    "kind": "encapsedpart",
                    "syntax": null,
                  },
                  EncapsedPart {
                    "curly": false,
                    "expression": Variable {
                      "curly": false,
                      "kind": "variable",
                      "name": "x",
                    },
                    "kind": "encapsedpart",
                    "syntax": "complex",
                  },
                  EncapsedPart {
                    "curly": false,
                    "expression": String {
                      "isDoubleQuote": false,
                      "kind": "string",
                      "raw": "\\\\n",
                      "unicode": false,
                      "value": "",
                    },
                    "kind": "encapsedpart",
                    "syntax": null,
                  },
                ],
              },
            ],
            "kind": "echo",
            "shortForm": false,
          },
        ],
        "kind": "block",
      },
      "key": PropertyLookup {
        "kind": "propertylookup",
        "offset": Identifier {
          "kind": "identifier",
          "name": "d",
        },
        "what": Variable {
          "curly": false,
          "kind": "variable",
          "name": "c",
        },
      },
      "kind": "foreach",
      "shortForm": false,
      "source": Variable {
        "curly": false,
        "kind": "variable",
        "name": "arr",
      },
      "value": Variable {
        "curly": false,
        "kind": "variable",
        "name": "x",
      },
    },
  ],
  "errors": Array [],
  "kind": "program",
}
`;
