// Jest Snapshot v1, https://goo.gl/fbAQLP

exports[`php-src tests Test null arg behavior for special functions 1`] = `
Program {
  "children": Array [
    ExpressionStatement {
      "expression": Assign {
        "kind": "assign",
        "left": Variable {
          "curly": false,
          "kind": "variable",
          "name": "null",
        },
        "operator": "=",
        "right": NullKeyword {
          "kind": "nullkeyword",
          "raw": "null",
        },
      },
      "kind": "expressionstatement",
    },
    ExpressionStatement {
      "expression": Call {
        "arguments": Array [
          Call {
            "arguments": Array [
              Variable {
                "curly": false,
                "kind": "variable",
                "name": "null",
              },
            ],
            "kind": "call",
            "what": Name {
              "kind": "name",
              "name": "strlen",
              "resolution": "uqn",
            },
          },
        ],
        "kind": "call",
        "what": Name {
          "kind": "name",
          "name": "var_dump",
          "resolution": "uqn",
        },
      },
      "kind": "expressionstatement",
    },
  ],
  "errors": Array [],
  "kind": "program",
}
`;
